[2025-05-20T13:00:27.489+0000][0.006s][info][gc,init] CardTable entry size: 512
[2025-05-20T13:00:27.490+0000][0.007s][info][gc     ] Using Serial
[2025-05-20T13:00:27.490+0000][0.007s][info][gc,init] Version: 21.0.7+6-LTS (release)
[2025-05-20T13:00:27.491+0000][0.008s][info][gc,init] CPUs: 16 total, 16 available
[2025-05-20T13:00:27.491+0000][0.008s][info][gc,init] Memory: 31910M
[2025-05-20T13:00:27.492+0000][0.009s][info][gc,init] Large Page Support: Disabled
[2025-05-20T13:00:27.492+0000][0.009s][info][gc,init] NUMA Support: Disabled
[2025-05-20T13:00:27.492+0000][0.009s][info][gc,init] Compressed Oops: Enabled (Zero based)
[2025-05-20T13:00:27.493+0000][0.010s][info][gc,init] Heap Min Capacity: 8M
[2025-05-20T13:00:27.493+0000][0.010s][info][gc,init] Heap Initial Capacity: 500M
[2025-05-20T13:00:27.494+0000][0.011s][info][gc,init] Heap Max Capacity: 7978M
[2025-05-20T13:00:27.494+0000][0.011s][info][gc,init] Pre-touch: Disabled
[2025-05-20T13:00:27.511+0000][0.028s][info][gc,metaspace] CDS archive(s) mapped at: [0x00007fea65000000-0x00007fea65c99000-0x00007fea65c99000), size 13209600, SharedBaseAddress: 0x00007fea65000000, ArchiveRelocationMode: 1.
[2025-05-20T13:00:27.513+0000][0.030s][info][gc,metaspace] Compressed class space mapped at: 0x00007fea66000000-0x00007feaa6000000, reserved size: 1073741824
[2025-05-20T13:00:27.513+0000][0.030s][info][gc,metaspace] Narrow klass base: 0x00007fea65000000, Narrow klass shift: 0, Narrow klass range: 0x100000000
[2025-05-20T13:00:28.422+0000][0.939s][info][gc,start    ] GC(0) Pause Young (Allocation Failure)
[2025-05-20T13:00:28.439+0000][0.956s][info][gc,heap     ] GC(0) DefNew: 136576K(153600K)->7976K(153600K) Eden: 136576K(136576K)->0K(136576K) From: 0K(17024K)->7976K(17024K)
[2025-05-20T13:00:28.440+0000][0.957s][info][gc,heap     ] GC(0) Tenured: 1073K(341376K)->1073K(341376K)
[2025-05-20T13:00:28.440+0000][0.957s][info][gc,metaspace] GC(0) Metaspace: 19540K(19904K)->19540K(19904K) NonClass: 17165K(17408K)->17165K(17408K) Class: 2375K(2496K)->2375K(2496K)
[2025-05-20T13:00:28.440+0000][0.957s][info][gc          ] GC(0) Pause Young (Allocation Failure) 134M->8M(483M) 18.262ms
[2025-05-20T13:00:28.441+0000][0.958s][info][gc,cpu      ] GC(0) User=0.01s Sys=0.00s Real=0.01s
[2025-05-20T13:00:28.608+0000][1.125s][info][gc,start    ] GC(1) Pause Full (Metadata GC Threshold)
[2025-05-20T13:00:28.609+0000][1.126s][info][gc,phases,start] GC(1) Phase 1: Mark live objects
[2025-05-20T13:00:28.618+0000][1.135s][info][gc,phases      ] GC(1) Phase 1: Mark live objects 9.433ms
[2025-05-20T13:00:28.619+0000][1.136s][info][gc,phases,start] GC(1) Phase 2: Compute new object addresses
[2025-05-20T13:00:28.623+0000][1.140s][info][gc,phases      ] GC(1) Phase 2: Compute new object addresses 4.354ms
[2025-05-20T13:00:28.625+0000][1.142s][info][gc,phases,start] GC(1) Phase 3: Adjust pointers
[2025-05-20T13:00:28.633+0000][1.150s][info][gc,phases      ] GC(1) Phase 3: Adjust pointers 8.417ms
[2025-05-20T13:00:28.634+0000][1.151s][info][gc,phases,start] GC(1) Phase 4: Move objects
[2025-05-20T13:00:28.637+0000][1.154s][info][gc,phases      ] GC(1) Phase 4: Move objects 3.047ms
[2025-05-20T13:00:28.638+0000][1.155s][info][gc,heap        ] GC(1) DefNew: 39673K(153600K)->0K(153728K) Eden: 31696K(136576K)->0K(136704K) From: 7976K(17024K)->0K(17024K)
[2025-05-20T13:00:28.638+0000][1.155s][info][gc,heap        ] GC(1) Tenured: 1073K(341376K)->9272K(341376K)
[2025-05-20T13:00:28.639+0000][1.156s][info][gc,metaspace   ] GC(1) Metaspace: 21184K(21504K)->21184K(21504K) NonClass: 18626K(18816K)->18626K(18816K) Class: 2558K(2688K)->2558K(2688K)
[2025-05-20T13:00:28.639+0000][1.156s][info][gc             ] GC(1) Pause Full (Metadata GC Threshold) 39M->9M(483M) 30.520ms
[2025-05-20T13:00:28.639+0000][1.156s][info][gc,cpu         ] GC(1) User=0.02s Sys=0.00s Real=0.03s
[2025-05-20T13:00:30.071+0000][2.588s][info][gc,start       ] GC(2) Pause Full (Metadata GC Threshold)
[2025-05-20T13:00:30.072+0000][2.589s][info][gc,phases,start] GC(2) Phase 1: Mark live objects
[2025-05-20T13:00:30.094+0000][2.611s][info][gc,phases      ] GC(2) Phase 1: Mark live objects 22.011ms
[2025-05-20T13:00:30.094+0000][2.611s][info][gc,phases,start] GC(2) Phase 2: Compute new object addresses
[2025-05-20T13:00:30.108+0000][2.625s][info][gc,phases      ] GC(2) Phase 2: Compute new object addresses 13.536ms
[2025-05-20T13:00:30.108+0000][2.625s][info][gc,phases,start] GC(2) Phase 3: Adjust pointers
[2025-05-20T13:00:30.120+0000][2.637s][info][gc,phases      ] GC(2) Phase 3: Adjust pointers 12.037ms
[2025-05-20T13:00:30.121+0000][2.638s][info][gc,phases,start] GC(2) Phase 4: Move objects
[2025-05-20T13:00:30.125+0000][2.642s][info][gc,phases      ] GC(2) Phase 4: Move objects 3.993ms
[2025-05-20T13:00:30.126+0000][2.643s][info][gc,heap        ] GC(2) DefNew: 120313K(153728K)->0K(153728K) Eden: 120313K(136704K)->0K(136704K) From: 0K(17024K)->0K(17024K)
[2025-05-20T13:00:30.126+0000][2.643s][info][gc,heap        ] GC(2) Tenured: 9272K(341376K)->16285K(341376K)
[2025-05-20T13:00:30.126+0000][2.643s][info][gc,metaspace   ] GC(2) Metaspace: 35215K(35840K)->35215K(35840K) NonClass: 30770K(31104K)->30770K(31104K) Class: 4445K(4736K)->4445K(4736K)
[2025-05-20T13:00:30.127+0000][2.644s][info][gc             ] GC(2) Pause Full (Metadata GC Threshold) 126M->15M(483M) 55.702ms
[2025-05-20T13:00:30.127+0000][2.644s][info][gc,cpu         ] GC(2) User=0.05s Sys=0.00s Real=0.06s
[2025-05-20T13:04:20.938+0000][233.466s][info][gc,start       ] GC(3) Pause Young (Allocation Failure)
[2025-05-20T13:04:20.961+0000][233.489s][info][gc,heap        ] GC(3) DefNew: 136372K(153728K)->16084K(153728K) Eden: 136372K(136704K)->0K(136704K) From: 0K(17024K)->16084K(17024K)
[2025-05-20T13:04:20.962+0000][233.490s][info][gc,heap        ] GC(3) Tenured: 16285K(341376K)->98205K(341376K)
[2025-05-20T13:04:20.964+0000][233.492s][info][gc,metaspace   ] GC(3) Metaspace: 37663K(38336K)->37663K(38336K) NonClass: 32949K(33344K)->32949K(33344K) Class: 4714K(4992K)->4714K(4992K)
[2025-05-20T13:04:20.971+0000][233.499s][info][gc             ] GC(3) Pause Young (Allocation Failure) 149M->111M(483M) 33.290ms
[2025-05-20T13:04:20.972+0000][233.500s][info][gc,cpu         ] GC(3) User=0.01s Sys=0.01s Real=0.04s
[2025-05-20T13:04:20.983+0000][233.512s][info][gc,start       ] GC(4) Pause Young (Allocation Failure)
[2025-05-20T13:04:21.155+0000][233.683s][info][gc,heap        ] GC(4) DefNew: 148027K(153728K)->15363K(153728K) Eden: 131942K(136704K)->0K(136704K) From: 16084K(17024K)->15363K(17024K)
[2025-05-20T13:04:21.155+0000][233.683s][info][gc,heap        ] GC(4) Tenured: 98205K(341376K)->226902K(341376K)
[2025-05-20T13:04:21.155+0000][233.684s][info][gc,metaspace   ] GC(4) Metaspace: 37666K(38336K)->37666K(38336K) NonClass: 32952K(33344K)->32952K(33344K) Class: 4714K(4992K)->4714K(4992K)
[2025-05-20T13:04:21.156+0000][233.684s][info][gc             ] GC(4) Pause Young (Allocation Failure) 240M->236M(483M) 172.248ms
[2025-05-20T13:04:21.156+0000][233.684s][info][gc,cpu         ] GC(4) User=0.02s Sys=0.04s Real=0.17s
[2025-05-20T13:04:21.165+0000][233.693s][info][gc,start       ] GC(5) Pause Young (Allocation Failure)
[2025-05-20T13:04:21.203+0000][233.731s][info][gc             ] GC(5) Pause Young (Allocation Failure) 368M->366M(503M) 38.028ms
[2025-05-20T13:04:21.203+0000][233.731s][info][gc,cpu         ] GC(5) User=0.02s Sys=0.02s Real=0.04s
[2025-05-20T13:04:21.204+0000][233.732s][info][gc,start       ] GC(6) Pause Full (Allocation Failure)
[2025-05-20T13:04:21.205+0000][233.733s][info][gc,phases,start] GC(6) Phase 1: Mark live objects
[2025-05-20T13:04:21.227+0000][233.755s][info][gc,phases      ] GC(6) Phase 1: Mark live objects 21.181ms
[2025-05-20T13:04:21.227+0000][233.755s][info][gc,phases,start] GC(6) Phase 2: Compute new object addresses
[2025-05-20T13:04:21.231+0000][233.759s][info][gc,phases      ] GC(6) Phase 2: Compute new object addresses 4.266ms
[2025-05-20T13:04:21.301+0000][233.829s][info][gc,phases,start] GC(6) Phase 3: Adjust pointers
[2025-05-20T13:04:21.322+0000][233.850s][info][gc,phases      ] GC(6) Phase 3: Adjust pointers 21.026ms
[2025-05-20T13:04:21.323+0000][233.851s][info][gc,phases,start] GC(6) Phase 4: Move objects
[2025-05-20T13:04:21.327+0000][233.855s][info][gc,phases      ] GC(6) Phase 4: Move objects 4.107ms
[2025-05-20T13:04:21.329+0000][233.857s][info][gc,heap        ] GC(6) DefNew: 150817K(153728K)->15360K(270144K) Eden: 135454K(136704K)->15360K(240192K) From: 15363K(17024K)->0K(29952K)
[2025-05-20T13:04:21.331+0000][233.859s][info][gc,heap        ] GC(6) Tenured: 226902K(341376K)->360025K(600044K)
[2025-05-20T13:04:21.331+0000][233.859s][info][gc,metaspace   ] GC(6) Metaspace: 37667K(38336K)->37667K(38336K) NonClass: 32953K(33344K)->32953K(33344K) Class: 4714K(4992K)->4714K(4992K)
[2025-05-20T13:04:21.332+0000][233.860s][info][gc             ] GC(6) Pause Full (Allocation Failure) 366M->366M(849M) 127.542ms
[2025-05-20T13:04:21.332+0000][233.860s][info][gc,cpu         ] GC(6) User=0.05s Sys=0.00s Real=0.13s
[2025-05-20T13:04:21.466+0000][233.994s][info][gc,start       ] GC(7) Pause Young (Allocation Failure)
[2025-05-20T13:04:21.492+0000][234.020s][info][gc,heap        ] GC(7) DefNew: 235257K(270144K)->25626K(270144K) Eden: 235257K(240192K)->0K(240192K) From: 0K(29952K)->25626K(29952K)
[2025-05-20T13:04:21.492+0000][234.020s][info][gc,heap        ] GC(7) Tenured: 360025K(600044K)->426585K(600044K)
[2025-05-20T13:04:21.498+0000][234.026s][info][gc,metaspace   ] GC(7) Metaspace: 37751K(38464K)->37751K(38464K) NonClass: 33027K(33408K)->33027K(33408K) Class: 4724K(5056K)->4724K(5056K)
[2025-05-20T13:04:21.499+0000][234.027s][info][gc             ] GC(7) Pause Young (Allocation Failure) 581M->441M(849M) 33.250ms
[2025-05-20T13:04:21.506+0000][234.034s][info][gc,cpu         ] GC(7) User=0.00s Sys=0.02s Real=0.04s
[2025-05-20T13:04:21.527+0000][234.055s][info][gc,start       ] GC(8) Pause Young (Allocation Failure)
[2025-05-20T13:04:21.590+0000][234.118s][info][gc             ] GC(8) Pause Young (Allocation Failure) 674M->671M(914M) 62.463ms
[2025-05-20T13:04:21.590+0000][234.118s][info][gc,cpu         ] GC(8) User=0.02s Sys=0.04s Real=0.07s
[2025-05-20T13:04:21.591+0000][234.119s][info][gc,start       ] GC(9) Pause Full (Allocation Failure)
[2025-05-20T13:04:21.594+0000][234.122s][info][gc,phases,start] GC(9) Phase 1: Mark live objects
[2025-05-20T13:04:21.614+0000][234.142s][info][gc,phases      ] GC(9) Phase 1: Mark live objects 19.756ms
[2025-05-20T13:04:21.617+0000][234.145s][info][gc,phases,start] GC(9) Phase 2: Compute new object addresses
[2025-05-20T13:04:21.624+0000][234.152s][info][gc,phases      ] GC(9) Phase 2: Compute new object addresses 7.422ms
[2025-05-20T13:04:21.625+0000][234.153s][info][gc,phases,start] GC(9) Phase 3: Adjust pointers
[2025-05-20T13:04:21.637+0000][234.165s][info][gc,phases      ] GC(9) Phase 3: Adjust pointers 12.206ms
[2025-05-20T13:04:21.638+0000][234.166s][info][gc,phases,start] GC(9) Phase 4: Move objects
[2025-05-20T13:04:21.667+0000][234.195s][info][gc,phases      ] GC(9) Phase 4: Move objects 29.193ms
[2025-05-20T13:04:21.668+0000][234.196s][info][gc,heap        ] GC(9) DefNew: 263749K(270144K)->0K(270144K) Eden: 238123K(240192K)->0K(240192K) From: 25626K(29952K)->0K(29952K)
[2025-05-20T13:04:21.670+0000][234.198s][info][gc,heap        ] GC(9) Tenured: 426585K(600044K)->312833K(600044K)
[2025-05-20T13:04:21.672+0000][234.200s][info][gc,metaspace   ] GC(9) Metaspace: 37751K(38464K)->37751K(38464K) NonClass: 33027K(33408K)->33027K(33408K) Class: 4724K(5056K)->4724K(5056K)
[2025-05-20T13:04:21.673+0000][234.201s][info][gc             ] GC(9) Pause Full (Allocation Failure) 671M->305M(849M) 81.623ms
[2025-05-20T13:04:21.674+0000][234.202s][info][gc,cpu         ] GC(9) User=0.06s Sys=0.00s Real=0.08s
[2025-05-20T13:04:21.770+0000][234.298s][info][gc,start       ] GC(10) Pause Young (Allocation Failure)
[2025-05-20T13:04:21.784+0000][234.313s][info][gc,heap        ] GC(10) DefNew: 239739K(270144K)->25608K(270144K) Eden: 239739K(240192K)->0K(240192K) From: 0K(29952K)->25608K(29952K)
[2025-05-20T13:04:21.786+0000][234.314s][info][gc,heap        ] GC(10) Tenured: 312833K(600044K)->384513K(600044K)
[2025-05-20T13:04:21.786+0000][234.315s][info][gc,metaspace   ] GC(10) Metaspace: 37771K(38528K)->37771K(38528K) NonClass: 33045K(33472K)->33045K(33472K) Class: 4725K(5056K)->4725K(5056K)
[2025-05-20T13:04:21.787+0000][234.315s][info][gc             ] GC(10) Pause Young (Allocation Failure) 539M->400M(849M) 17.577ms
[2025-05-20T13:04:21.788+0000][234.316s][info][gc,cpu         ] GC(10) User=0.01s Sys=0.00s Real=0.02s
[2025-05-20T13:04:21.805+0000][234.333s][info][gc,start       ] GC(11) Pause Young (Allocation Failure)
[2025-05-20T13:04:21.829+0000][234.357s][info][gc             ] GC(11) Pause Young (Allocation Failure) 631M->630M(869M) 24.022ms
[2025-05-20T13:04:21.832+0000][234.361s][info][gc,cpu         ] GC(11) User=0.02s Sys=0.00s Real=0.03s
[2025-05-20T13:04:21.835+0000][234.363s][info][gc,start       ] GC(12) Pause Full (Allocation Failure)
[2025-05-20T13:04:21.839+0000][234.368s][info][gc,phases,start] GC(12) Phase 1: Mark live objects
[2025-05-20T13:04:21.870+0000][234.398s][info][gc,phases      ] GC(12) Phase 1: Mark live objects 30.671ms
[2025-05-20T13:04:21.871+0000][234.399s][info][gc,phases,start] GC(12) Phase 2: Compute new object addresses
[2025-05-20T13:04:21.876+0000][234.404s][info][gc,phases      ] GC(12) Phase 2: Compute new object addresses 5.329ms
[2025-05-20T13:04:21.877+0000][234.405s][info][gc,phases,start] GC(12) Phase 3: Adjust pointers
[2025-05-20T13:04:21.890+0000][234.418s][info][gc,phases      ] GC(12) Phase 3: Adjust pointers 12.860ms
[2025-05-20T13:04:21.893+0000][234.421s][info][gc,phases,start] GC(12) Phase 4: Move objects
[2025-05-20T13:04:21.914+0000][234.443s][info][gc,phases      ] GC(12) Phase 4: Move objects 21.382ms
[2025-05-20T13:04:21.915+0000][234.444s][info][gc,heap        ] GC(12) DefNew: 262246K(270144K)->0K(270144K) Eden: 236638K(240192K)->0K(240192K) From: 25608K(29952K)->0K(29952K)
[2025-05-20T13:04:21.916+0000][234.444s][info][gc,heap        ] GC(12) Tenured: 384513K(600044K)->271874K(600044K)
[2025-05-20T13:04:21.917+0000][234.445s][info][gc,metaspace   ] GC(12) Metaspace: 37771K(38528K)->37771K(38528K) NonClass: 33045K(33472K)->33045K(33472K) Class: 4725K(5056K)->4725K(5056K)
[2025-05-20T13:04:21.917+0000][234.445s][info][gc             ] GC(12) Pause Full (Allocation Failure) 630M->265M(849M) 82.231ms
[2025-05-20T13:04:21.917+0000][234.445s][info][gc,cpu         ] GC(12) User=0.06s Sys=0.01s Real=0.08s
[2025-05-20T13:04:21.931+0000][234.459s][info][gc,start       ] GC(13) Pause Young (Allocation Failure)
[2025-05-20T13:04:21.950+0000][234.478s][info][gc,heap        ] GC(13) DefNew: 237606K(270144K)->25601K(270144K) Eden: 237606K(240192K)->0K(240192K) From: 0K(29952K)->25601K(29952K)
[2025-05-20T13:04:21.951+0000][234.479s][info][gc,heap        ] GC(13) Tenured: 271874K(600044K)->481795K(600044K)
[2025-05-20T13:04:21.951+0000][234.479s][info][gc,metaspace   ] GC(13) Metaspace: 37772K(38528K)->37772K(38528K) NonClass: 33047K(33472K)->33047K(33472K) Class: 4725K(5056K)->4725K(5056K)
[2025-05-20T13:04:21.951+0000][234.479s][info][gc             ] GC(13) Pause Young (Allocation Failure) 497M->495M(849M) 20.243ms
[2025-05-20T13:04:21.951+0000][234.480s][info][gc,cpu         ] GC(13) User=0.02s Sys=0.00s Real=0.02s
[2025-05-20T13:04:22.017+0000][234.546s][info][gc,start       ] GC(14) Pause Young (Allocation Failure)
[2025-05-20T13:04:22.053+0000][234.581s][info][gc             ] GC(14) Pause Young (Allocation Failure) 726M->700M(939M) 35.085ms
[2025-05-20T13:04:22.053+0000][234.581s][info][gc,cpu         ] GC(14) User=0.03s Sys=0.01s Real=0.04s
[2025-05-20T13:04:22.053+0000][234.581s][info][gc,start       ] GC(15) Pause Full (Allocation Failure)
[2025-05-20T13:04:22.053+0000][234.582s][info][gc,phases,start] GC(15) Phase 1: Mark live objects
[2025-05-20T13:04:22.071+0000][234.599s][info][gc,phases      ] GC(15) Phase 1: Mark live objects 17.461ms
[2025-05-20T13:04:22.071+0000][234.600s][info][gc,phases,start] GC(15) Phase 2: Compute new object addresses
[2025-05-20T13:04:22.078+0000][234.606s][info][gc,phases      ] GC(15) Phase 2: Compute new object addresses 6.293ms
[2025-05-20T13:04:22.078+0000][234.606s][info][gc,phases,start] GC(15) Phase 3: Adjust pointers
[2025-05-20T13:04:22.088+0000][234.616s][info][gc,phases      ] GC(15) Phase 3: Adjust pointers 9.278ms
[2025-05-20T13:04:22.088+0000][234.616s][info][gc,phases,start] GC(15) Phase 4: Move objects
[2025-05-20T13:04:22.105+0000][234.633s][info][gc,phases      ] GC(15) Phase 4: Move objects 16.479ms
[2025-05-20T13:04:22.107+0000][234.635s][info][gc,heap        ] GC(15) DefNew: 261819K(270144K)->0K(270144K) Eden: 236217K(240192K)->0K(240192K) From: 25601K(29952K)->0K(29952K)
[2025-05-20T13:04:22.107+0000][234.635s][info][gc,heap        ] GC(15) Tenured: 481795K(600044K)->246280K(600044K)
[2025-05-20T13:04:22.107+0000][234.635s][info][gc,metaspace   ] GC(15) Metaspace: 37785K(38528K)->37785K(38528K) NonClass: 33059K(33472K)->33059K(33472K) Class: 4725K(5056K)->4725K(5056K)
[2025-05-20T13:04:22.107+0000][234.635s][info][gc             ] GC(15) Pause Full (Allocation Failure) 700M->240M(849M) 54.000ms
[2025-05-20T13:04:22.107+0000][234.635s][info][gc,cpu         ] GC(15) User=0.05s Sys=0.00s Real=0.05s
[2025-05-20T13:04:22.121+0000][234.649s][info][gc,start       ] GC(16) Pause Young (Allocation Failure)
[2025-05-20T13:04:22.149+0000][234.677s][info][gc,heap        ] GC(16) DefNew: 237276K(270144K)->25600K(270144K) Eden: 237276K(240192K)->0K(240192K) From: 0K(29952K)->25600K(29952K)
[2025-05-20T13:04:22.150+0000][234.678s][info][gc,heap        ] GC(16) Tenured: 246280K(600044K)->456201K(600044K)
[2025-05-20T13:04:22.150+0000][234.678s][info][gc,metaspace   ] GC(16) Metaspace: 37785K(38528K)->37785K(38528K) NonClass: 33059K(33472K)->33059K(33472K) Class: 4725K(5056K)->4725K(5056K)
[2025-05-20T13:04:22.150+0000][234.678s][info][gc             ] GC(16) Pause Young (Allocation Failure) 472M->470M(849M) 28.919ms
[2025-05-20T13:04:22.150+0000][234.678s][info][gc,cpu         ] GC(16) User=0.02s Sys=0.00s Real=0.03s
[2025-05-20T13:04:22.245+0000][234.773s][info][gc,start       ] GC(17) Pause Young (Allocation Failure)
[2025-05-20T13:04:22.267+0000][234.795s][info][gc             ] GC(17) Pause Young (Allocation Failure) 703M->635M(874M) 21.585ms
[2025-05-20T13:04:22.268+0000][234.796s][info][gc,cpu         ] GC(17) User=0.02s Sys=0.00s Real=0.02s
[2025-05-20T13:04:22.269+0000][234.797s][info][gc,start       ] GC(18) Pause Full (Allocation Failure)
[2025-05-20T13:04:22.270+0000][234.798s][info][gc,phases,start] GC(18) Phase 1: Mark live objects
[2025-05-20T13:04:22.294+0000][234.822s][info][gc,phases      ] GC(18) Phase 1: Mark live objects 23.369ms
[2025-05-20T13:04:22.295+0000][234.823s][info][gc,phases,start] GC(18) Phase 2: Compute new object addresses
[2025-05-20T13:04:22.301+0000][234.829s][info][gc,phases      ] GC(18) Phase 2: Compute new object addresses 5.779ms
[2025-05-20T13:04:22.305+0000][234.833s][info][gc,phases,start] GC(18) Phase 3: Adjust pointers
[2025-05-20T13:04:22.314+0000][234.842s][info][gc,phases      ] GC(18) Phase 3: Adjust pointers 9.069ms
[2025-05-20T13:04:22.315+0000][234.843s][info][gc,phases,start] GC(18) Phase 4: Move objects
[2025-05-20T13:04:22.329+0000][234.857s][info][gc,phases      ] GC(18) Phase 4: Move objects 14.300ms
[2025-05-20T13:04:22.330+0000][234.858s][info][gc,heap        ] GC(18) DefNew: 264250K(270144K)->0K(270144K) Eden: 238650K(240192K)->0K(240192K) From: 25600K(29952K)->0K(29952K)
[2025-05-20T13:04:22.330+0000][234.858s][info][gc,heap        ] GC(18) Tenured: 456201K(600044K)->205320K(600044K)
[2025-05-20T13:04:22.331+0000][234.859s][info][gc,metaspace   ] GC(18) Metaspace: 37807K(38528K)->37807K(38528K) NonClass: 33082K(33472K)->33082K(33472K) Class: 4725K(5056K)->4725K(5056K)
[2025-05-20T13:04:22.331+0000][234.859s][info][gc             ] GC(18) Pause Full (Allocation Failure) 635M->200M(849M) 61.622ms
[2025-05-20T13:04:22.331+0000][234.859s][info][gc,cpu         ] GC(18) User=0.05s Sys=0.00s Real=0.07s
[2025-05-20T13:04:22.344+0000][234.872s][info][gc,start       ] GC(19) Pause Young (Allocation Failure)
[2025-05-20T13:04:22.363+0000][234.891s][info][gc,heap        ] GC(19) DefNew: 237391K(270144K)->25600K(270144K) Eden: 237391K(240192K)->0K(240192K) From: 0K(29952K)->25600K(29952K)
[2025-05-20T13:04:22.364+0000][234.892s][info][gc,heap        ] GC(19) Tenured: 205320K(600044K)->415241K(600044K)
[2025-05-20T13:04:22.364+0000][234.892s][info][gc,metaspace   ] GC(19) Metaspace: 37815K(38528K)->37815K(38528K) NonClass: 33089K(33472K)->33089K(33472K) Class: 4725K(5056K)->4725K(5056K)
[2025-05-20T13:04:22.364+0000][234.892s][info][gc             ] GC(19) Pause Young (Allocation Failure) 432M->430M(849M) 20.290ms
[2025-05-20T13:04:22.365+0000][234.893s][info][gc,cpu         ] GC(19) User=0.02s Sys=0.00s Real=0.02s
[2025-05-20T13:04:22.445+0000][234.973s][info][gc,start       ] GC(20) Pause Young (Allocation Failure)
[2025-05-20T13:04:22.456+0000][234.984s][info][gc,heap        ] GC(20) DefNew: 264057K(270144K)->25605K(270144K) Eden: 238457K(240192K)->0K(240192K) From: 25600K(29952K)->25605K(29952K)
[2025-05-20T13:04:22.457+0000][234.985s][info][gc,heap        ] GC(20) Tenured: 415241K(600044K)->517641K(600044K)
[2025-05-20T13:04:22.459+0000][234.987s][info][gc,metaspace   ] GC(20) Metaspace: 37817K(38528K)->37817K(38528K) NonClass: 33091K(33472K)->33091K(33472K) Class: 4725K(5056K)->4725K(5056K)
[2025-05-20T13:04:22.465+0000][234.993s][info][gc             ] GC(20) Pause Young (Allocation Failure) 663M->530M(849M) 20.469ms
[2025-05-20T13:04:22.466+0000][234.994s][info][gc,cpu         ] GC(20) User=0.02s Sys=0.00s Real=0.02s
[2025-05-20T13:04:22.481+0000][235.009s][info][gc,start       ] GC(21) Pause Young (Allocation Failure)
[2025-05-20T13:04:22.520+0000][235.048s][info][gc             ] GC(21) Pause Young (Allocation Failure) 761M->760M(999M) 39.201ms
[2025-05-20T13:04:22.526+0000][235.054s][info][gc,cpu         ] GC(21) User=0.03s Sys=0.01s Real=0.04s
[2025-05-20T13:04:22.527+0000][235.055s][info][gc,start       ] GC(22) Pause Full (Allocation Failure)
[2025-05-20T13:04:22.529+0000][235.057s][info][gc,phases,start] GC(22) Phase 1: Mark live objects
[2025-05-20T13:04:22.545+0000][235.073s][info][gc,phases      ] GC(22) Phase 1: Mark live objects 15.649ms
[2025-05-20T13:04:22.546+0000][235.074s][info][gc,phases,start] GC(22) Phase 2: Compute new object addresses
[2025-05-20T13:04:22.551+0000][235.079s][info][gc,phases      ] GC(22) Phase 2: Compute new object addresses 4.915ms
[2025-05-20T13:04:22.551+0000][235.079s][info][gc,phases,start] GC(22) Phase 3: Adjust pointers
[2025-05-20T13:04:22.560+0000][235.088s][info][gc,phases      ] GC(22) Phase 3: Adjust pointers 8.805ms
[2025-05-20T13:04:22.560+0000][235.088s][info][gc,phases,start] GC(22) Phase 4: Move objects
[2025-05-20T13:04:22.592+0000][235.120s][info][gc,phases      ] GC(22) Phase 4: Move objects 31.627ms
[2025-05-20T13:04:22.594+0000][235.122s][info][gc,heap        ] GC(22) DefNew: 262257K(270144K)->0K(284608K) Eden: 236652K(240192K)->0K(252992K) From: 25605K(29952K)->0K(31616K)
[2025-05-20T13:04:22.594+0000][235.122s][info][gc,heap        ] GC(22) Tenured: 517641K(600044K)->379396K(632328K)
[2025-05-20T13:04:22.595+0000][235.123s][info][gc,metaspace   ] GC(22) Metaspace: 37820K(38528K)->37820K(38528K) NonClass: 33095K(33472K)->33095K(33472K) Class: 4725K(5056K)->4725K(5056K)
[2025-05-20T13:04:22.595+0000][235.123s][info][gc             ] GC(22) Pause Full (Allocation Failure) 760M->370M(895M) 68.507ms
[2025-05-20T13:04:22.597+0000][235.126s][info][gc,cpu         ] GC(22) User=0.07s Sys=0.00s Real=0.07s
[2025-05-20T13:04:22.713+0000][235.241s][info][gc,start       ] GC(23) Pause Young (Allocation Failure)
[2025-05-20T13:04:22.724+0000][235.252s][info][gc,heap        ] GC(23) DefNew: 249622K(284608K)->30726K(284608K) Eden: 249622K(252992K)->0K(252992K) From: 0K(31616K)->30726K(31616K)
[2025-05-20T13:04:22.725+0000][235.253s][info][gc,heap        ] GC(23) Tenured: 379396K(632328K)->456196K(632328K)
[2025-05-20T13:04:22.725+0000][235.253s][info][gc,metaspace   ] GC(23) Metaspace: 37822K(38528K)->37822K(38528K) NonClass: 33096K(33472K)->33096K(33472K) Class: 4725K(5056K)->4725K(5056K)
[2025-05-20T13:04:22.726+0000][235.254s][info][gc             ] GC(23) Pause Young (Allocation Failure) 614M->475M(895M) 12.698ms
[2025-05-20T13:04:22.726+0000][235.254s][info][gc,cpu         ] GC(23) User=0.01s Sys=0.00s Real=0.01s
[2025-05-20T13:04:22.740+0000][235.268s][info][gc,start       ] GC(24) Pause Young (Allocation Failure)
[2025-05-20T13:04:22.769+0000][235.297s][info][gc             ] GC(24) Pause Young (Allocation Failure) 721M->720M(970M) 29.007ms
[2025-05-20T13:04:22.769+0000][235.297s][info][gc,cpu         ] GC(24) User=0.02s Sys=0.00s Real=0.03s
[2025-05-20T13:04:22.770+0000][235.298s][info][gc,start       ] GC(25) Pause Full (Allocation Failure)
[2025-05-20T13:04:22.770+0000][235.298s][info][gc,phases,start] GC(25) Phase 1: Mark live objects
[2025-05-20T13:04:22.787+0000][235.316s][info][gc,phases      ] GC(25) Phase 1: Mark live objects 17.490ms
[2025-05-20T13:04:22.788+0000][235.316s][info][gc,phases,start] GC(25) Phase 2: Compute new object addresses
[2025-05-20T13:04:22.792+0000][235.320s][info][gc,phases      ] GC(25) Phase 2: Compute new object addresses 4.041ms
[2025-05-20T13:04:22.792+0000][235.320s][info][gc,phases,start] GC(25) Phase 3: Adjust pointers
[2025-05-20T13:04:22.803+0000][235.331s][info][gc,phases      ] GC(25) Phase 3: Adjust pointers 10.820ms
[2025-05-20T13:04:22.804+0000][235.332s][info][gc,phases,start] GC(25) Phase 4: Move objects
[2025-05-20T13:04:22.833+0000][235.361s][info][gc,phases      ] GC(25) Phase 4: Move objects 29.513ms
[2025-05-20T13:04:22.834+0000][235.362s][info][gc,heap        ] GC(25) DefNew: 282527K(284608K)->0K(284608K) Eden: 251801K(252992K)->0K(252992K) From: 30726K(31616K)->0K(31616K)
[2025-05-20T13:04:22.834+0000][235.362s][info][gc,heap        ] GC(25) Tenured: 456196K(632328K)->364036K(632328K)
[2025-05-20T13:04:22.834+0000][235.362s][info][gc,metaspace   ] GC(25) Metaspace: 37822K(38528K)->37822K(38528K) NonClass: 33096K(33472K)->33096K(33472K) Class: 4725K(5056K)->4725K(5056K)
[2025-05-20T13:04:22.834+0000][235.363s][info][gc             ] GC(25) Pause Full (Allocation Failure) 720M->355M(895M) 64.782ms
[2025-05-20T13:04:22.835+0000][235.363s][info][gc,cpu         ] GC(25) User=0.07s Sys=0.00s Real=0.07s
[2025-05-20T13:04:22.912+0000][235.440s][info][gc,start       ] GC(26) Pause Young (Allocation Failure)
[2025-05-20T13:04:22.927+0000][235.455s][info][gc,heap        ] GC(26) DefNew: 248745K(284608K)->30726K(284608K) Eden: 248745K(252992K)->0K(252992K) From: 0K(31616K)->30726K(31616K)
[2025-05-20T13:04:22.930+0000][235.458s][info][gc,heap        ] GC(26) Tenured: 364036K(632328K)->440836K(632328K)
[2025-05-20T13:04:22.930+0000][235.459s][info][gc,metaspace   ] GC(26) Metaspace: 37841K(38528K)->37841K(38528K) NonClass: 33116K(33472K)->33116K(33472K) Class: 4725K(5056K)->4725K(5056K)
[2025-05-20T13:04:22.931+0000][235.459s][info][gc             ] GC(26) Pause Young (Allocation Failure) 598M->460M(895M) 18.762ms
[2025-05-20T13:04:22.932+0000][235.461s][info][gc,cpu         ] GC(26) User=0.01s Sys=0.00s Real=0.02s
[2025-05-20T13:04:22.948+0000][235.476s][info][gc,start       ] GC(27) Pause Young (Allocation Failure)
[2025-05-20T13:04:22.976+0000][235.504s][info][gc             ] GC(27) Pause Young (Allocation Failure) 706M->705M(955M) 28.057ms
[2025-05-20T13:04:22.979+0000][235.507s][info][gc,cpu         ] GC(27) User=0.03s Sys=0.01s Real=0.03s
[2025-05-20T13:04:22.979+0000][235.507s][info][gc,start       ] GC(28) Pause Full (Allocation Failure)
[2025-05-20T13:04:22.980+0000][235.508s][info][gc,phases,start] GC(28) Phase 1: Mark live objects
[2025-05-20T13:04:22.998+0000][235.526s][info][gc,phases      ] GC(28) Phase 1: Mark live objects 18.671ms
[2025-05-20T13:04:22.999+0000][235.527s][info][gc,phases,start] GC(28) Phase 2: Compute new object addresses
[2025-05-20T13:04:23.002+0000][235.530s][info][gc,phases      ] GC(28) Phase 2: Compute new object addresses 3.797ms
[2025-05-20T13:04:23.003+0000][235.531s][info][gc,phases,start] GC(28) Phase 3: Adjust pointers
[2025-05-20T13:04:23.011+0000][235.539s][info][gc,phases      ] GC(28) Phase 3: Adjust pointers 8.601ms
[2025-05-20T13:04:23.012+0000][235.540s][info][gc,phases,start] GC(28) Phase 4: Move objects
[2025-05-20T13:04:23.040+0000][235.568s][info][gc,phases      ] GC(28) Phase 4: Move objects 28.637ms
[2025-05-20T13:04:23.042+0000][235.570s][info][gc,heap        ] GC(28) DefNew: 282615K(284608K)->0K(284608K) Eden: 251888K(252992K)->0K(252992K) From: 30726K(31616K)->0K(31616K)
[2025-05-20T13:04:23.043+0000][235.571s][info][gc,heap        ] GC(28) Tenured: 440836K(632328K)->348677K(632328K)
[2025-05-20T13:04:23.043+0000][235.571s][info][gc,metaspace   ] GC(28) Metaspace: 37843K(38528K)->37843K(38528K) NonClass: 33117K(33472K)->33117K(33472K) Class: 4725K(5056K)->4725K(5056K)
[2025-05-20T13:04:23.047+0000][235.575s][info][gc             ] GC(28) Pause Full (Allocation Failure) 705M->340M(895M) 68.099ms
[2025-05-20T13:04:23.050+0000][235.578s][info][gc,cpu         ] GC(28) User=0.06s Sys=0.00s Real=0.07s
[2025-05-20T13:04:23.146+0000][235.675s][info][gc,start       ] GC(29) Pause Young (Allocation Failure)
[2025-05-20T13:04:23.160+0000][235.688s][info][gc,heap        ] GC(29) DefNew: 248383K(284608K)->30726K(284608K) Eden: 248383K(252992K)->0K(252992K) From: 0K(31616K)->30726K(31616K)
[2025-05-20T13:04:23.160+0000][235.688s][info][gc,heap        ] GC(29) Tenured: 348677K(632328K)->425477K(632328K)
[2025-05-20T13:04:23.160+0000][235.688s][info][gc,metaspace   ] GC(29) Metaspace: 37855K(38528K)->37855K(38528K) NonClass: 33129K(33472K)->33129K(33472K) Class: 4725K(5056K)->4725K(5056K)
[2025-05-20T13:04:23.161+0000][235.689s][info][gc             ] GC(29) Pause Young (Allocation Failure) 583M->445M(895M) 14.055ms
[2025-05-20T13:04:23.161+0000][235.689s][info][gc,cpu         ] GC(29) User=0.01s Sys=0.00s Real=0.02s
[2025-05-20T13:04:23.177+0000][235.705s][info][gc,start       ] GC(30) Pause Young (Allocation Failure)
[2025-05-20T13:04:23.206+0000][235.734s][info][gc             ] GC(30) Pause Young (Allocation Failure) 691M->690M(940M) 29.622ms
[2025-05-20T13:04:23.207+0000][235.735s][info][gc,cpu         ] GC(30) User=0.02s Sys=0.01s Real=0.03s
[2025-05-20T13:04:23.207+0000][235.735s][info][gc,start       ] GC(31) Pause Full (Allocation Failure)
[2025-05-20T13:04:23.207+0000][235.735s][info][gc,phases,start] GC(31) Phase 1: Mark live objects
[2025-05-20T13:04:23.223+0000][235.751s][info][gc,phases      ] GC(31) Phase 1: Mark live objects 16.167ms
[2025-05-20T13:04:23.224+0000][235.752s][info][gc,phases,start] GC(31) Phase 2: Compute new object addresses
[2025-05-20T13:04:23.228+0000][235.756s][info][gc,phases      ] GC(31) Phase 2: Compute new object addresses 3.877ms
[2025-05-20T13:04:23.228+0000][235.756s][info][gc,phases,start] GC(31) Phase 3: Adjust pointers
[2025-05-20T13:04:23.236+0000][235.764s][info][gc,phases      ] GC(31) Phase 3: Adjust pointers 8.180ms
[2025-05-20T13:04:23.236+0000][235.764s][info][gc,phases,start] GC(31) Phase 4: Move objects
[2025-05-20T13:04:23.265+0000][235.793s][info][gc,phases      ] GC(31) Phase 4: Move objects 28.423ms
[2025-05-20T13:04:23.266+0000][235.794s][info][gc,heap        ] GC(31) DefNew: 282314K(284608K)->0K(284608K) Eden: 251588K(252992K)->0K(252992K) From: 30726K(31616K)->0K(31616K)
[2025-05-20T13:04:23.266+0000][235.794s][info][gc,heap        ] GC(31) Tenured: 425477K(632328K)->333317K(632328K)
[2025-05-20T13:04:23.267+0000][235.795s][info][gc,metaspace   ] GC(31) Metaspace: 37855K(38528K)->37855K(38528K) NonClass: 33129K(33472K)->33129K(33472K) Class: 4725K(5056K)->4725K(5056K)
[2025-05-20T13:04:23.267+0000][235.795s][info][gc             ] GC(31) Pause Full (Allocation Failure) 690M->325M(895M) 59.863ms
[2025-05-20T13:04:23.267+0000][235.795s][info][gc,cpu         ] GC(31) User=0.05s Sys=0.00s Real=0.06s
[2025-05-20T13:04:23.349+0000][235.877s][info][gc,start       ] GC(32) Pause Young (Allocation Failure)
[2025-05-20T13:04:23.359+0000][235.887s][info][gc,heap        ] GC(32) DefNew: 248304K(284608K)->30726K(284608K) Eden: 248304K(252992K)->0K(252992K) From: 0K(31616K)->30726K(31616K)
[2025-05-20T13:04:23.359+0000][235.887s][info][gc,heap        ] GC(32) Tenured: 333317K(632328K)->410117K(632328K)
[2025-05-20T13:04:23.360+0000][235.888s][info][gc,metaspace   ] GC(32) Metaspace: 37859K(38528K)->37859K(38528K) NonClass: 33133K(33472K)->33133K(33472K) Class: 4725K(5056K)->4725K(5056K)
[2025-05-20T13:04:23.360+0000][235.888s][info][gc             ] GC(32) Pause Young (Allocation Failure) 567M->430M(895M) 11.211ms
[2025-05-20T13:04:23.360+0000][235.888s][info][gc,cpu         ] GC(32) User=0.01s Sys=0.00s Real=0.01s
[2025-05-20T13:04:23.375+0000][235.903s][info][gc,start       ] GC(33) Pause Young (Allocation Failure)
[2025-05-20T13:04:23.403+0000][235.931s][info][gc             ] GC(33) Pause Young (Allocation Failure) 676M->675M(925M) 27.993ms
[2025-05-20T13:04:23.403+0000][235.931s][info][gc,cpu         ] GC(33) User=0.02s Sys=0.00s Real=0.03s
[2025-05-20T13:04:23.404+0000][235.932s][info][gc,start       ] GC(34) Pause Full (Allocation Failure)
[2025-05-20T13:04:23.404+0000][235.932s][info][gc,phases,start] GC(34) Phase 1: Mark live objects
[2025-05-20T13:04:23.420+0000][235.948s][info][gc,phases      ] GC(34) Phase 1: Mark live objects 16.044ms
[2025-05-20T13:04:23.420+0000][235.948s][info][gc,phases,start] GC(34) Phase 2: Compute new object addresses
[2025-05-20T13:04:23.436+0000][235.964s][info][gc,phases      ] GC(34) Phase 2: Compute new object addresses 15.941ms
[2025-05-20T13:04:23.452+0000][235.980s][info][gc,phases,start] GC(34) Phase 3: Adjust pointers
[2025-05-20T13:04:23.484+0000][236.012s][info][gc,phases      ] GC(34) Phase 3: Adjust pointers 32.711ms
[2025-05-20T13:04:23.485+0000][236.013s][info][gc,phases,start] GC(34) Phase 4: Move objects
[2025-05-20T13:04:23.511+0000][236.039s][info][gc,phases      ] GC(34) Phase 4: Move objects 25.624ms
[2025-05-20T13:04:23.511+0000][236.039s][info][gc,heap        ] GC(34) DefNew: 282201K(284608K)->0K(284608K) Eden: 251475K(252992K)->0K(252992K) From: 30726K(31616K)->0K(31616K)
[2025-05-20T13:04:23.512+0000][236.040s][info][gc,heap        ] GC(34) Tenured: 410117K(632328K)->317957K(632328K)
[2025-05-20T13:04:23.512+0000][236.040s][info][gc,metaspace   ] GC(34) Metaspace: 37859K(38528K)->37859K(38528K) NonClass: 33133K(33472K)->33133K(33472K) Class: 4725K(5056K)->4725K(5056K)
[2025-05-20T13:04:23.512+0000][236.040s][info][gc             ] GC(34) Pause Full (Allocation Failure) 675M->310M(895M) 108.415ms
[2025-05-20T13:04:23.512+0000][236.040s][info][gc,cpu         ] GC(34) User=0.06s Sys=0.00s Real=0.11s
[2025-05-20T13:04:23.594+0000][236.123s][info][gc,start       ] GC(35) Pause Young (Allocation Failure)
[2025-05-20T13:04:23.609+0000][236.137s][info][gc,heap        ] GC(35) DefNew: 252250K(284608K)->30726K(284608K) Eden: 252250K(252992K)->0K(252992K) From: 0K(31616K)->30726K(31616K)
[2025-05-20T13:04:23.610+0000][236.138s][info][gc,heap        ] GC(35) Tenured: 317957K(632328K)->394757K(632328K)
[2025-05-20T13:04:23.610+0000][236.139s][info][gc,metaspace   ] GC(35) Metaspace: 37864K(38528K)->37864K(38528K) NonClass: 33138K(33472K)->33138K(33472K) Class: 4725K(5056K)->4725K(5056K)
[2025-05-20T13:04:23.611+0000][236.139s][info][gc             ] GC(35) Pause Young (Allocation Failure) 556M->415M(895M) 16.812ms
[2025-05-20T13:04:23.612+0000][236.140s][info][gc,cpu         ] GC(35) User=0.01s Sys=0.00s Real=0.02s
[2025-05-20T13:04:23.631+0000][236.159s][info][gc,start       ] GC(36) Pause Young (Allocation Failure)
[2025-05-20T13:04:23.654+0000][236.182s][info][gc             ] GC(36) Pause Young (Allocation Failure) 657M->655M(905M) 23.180ms
[2025-05-20T13:04:23.655+0000][236.183s][info][gc,cpu         ] GC(36) User=0.02s Sys=0.00s Real=0.02s
[2025-05-20T13:04:23.655+0000][236.183s][info][gc,start       ] GC(37) Pause Full (Allocation Failure)
[2025-05-20T13:04:23.655+0000][236.183s][info][gc,phases,start] GC(37) Phase 1: Mark live objects
[2025-05-20T13:04:23.671+0000][236.199s][info][gc,phases      ] GC(37) Phase 1: Mark live objects 15.994ms
[2025-05-20T13:04:23.786+0000][236.314s][info][gc,phases,start] GC(37) Phase 2: Compute new object addresses
[2025-05-20T13:04:23.793+0000][236.321s][info][gc,phases      ] GC(37) Phase 2: Compute new object addresses 6.824ms
[2025-05-20T13:04:23.793+0000][236.321s][info][gc,phases,start] GC(37) Phase 3: Adjust pointers
[2025-05-20T13:04:23.809+0000][236.337s][info][gc,phases      ] GC(37) Phase 3: Adjust pointers 15.826ms
[2025-05-20T13:04:23.829+0000][236.357s][info][gc,phases,start] GC(37) Phase 4: Move objects
[2025-05-20T13:04:23.852+0000][236.381s][info][gc,phases      ] GC(37) Phase 4: Move objects 23.471ms
[2025-05-20T13:04:23.853+0000][236.381s][info][gc,heap        ] GC(37) DefNew: 278996K(284608K)->0K(284608K) Eden: 248270K(252992K)->0K(252992K) From: 30726K(31616K)->0K(31616K)
[2025-05-20T13:04:23.854+0000][236.382s][info][gc,heap        ] GC(37) Tenured: 394757K(632328K)->297477K(632328K)
[2025-05-20T13:04:23.854+0000][236.382s][info][gc,metaspace   ] GC(37) Metaspace: 37864K(38528K)->37864K(38528K) NonClass: 33138K(33472K)->33138K(33472K) Class: 4725K(5056K)->4725K(5056K)
[2025-05-20T13:04:23.855+0000][236.383s][info][gc             ] GC(37) Pause Full (Allocation Failure) 655M->290M(895M) 199.725ms
[2025-05-20T13:04:23.855+0000][236.383s][info][gc,cpu         ] GC(37) User=0.06s Sys=0.00s Real=0.20s
[2025-05-20T13:04:23.912+0000][236.440s][info][gc,start       ] GC(38) Pause Young (Allocation Failure)
[2025-05-20T13:04:23.923+0000][236.452s][info][gc,heap        ] GC(38) DefNew: 252554K(284608K)->30726K(284608K) Eden: 252554K(252992K)->0K(252992K) From: 0K(31616K)->30726K(31616K)
[2025-05-20T13:04:23.927+0000][236.455s][info][gc,heap        ] GC(38) Tenured: 297477K(632328K)->374278K(632328K)
[2025-05-20T13:04:23.928+0000][236.456s][info][gc,metaspace   ] GC(38) Metaspace: 37877K(38592K)->37877K(38592K) NonClass: 33152K(33536K)->33152K(33536K) Class: 4725K(5056K)->4725K(5056K)
[2025-05-20T13:04:23.929+0000][236.457s][info][gc             ] GC(38) Pause Young (Allocation Failure) 537M->395M(895M) 16.633ms
[2025-05-20T13:04:23.930+0000][236.459s][info][gc,cpu         ] GC(38) User=0.01s Sys=0.00s Real=0.02s
[2025-05-20T13:04:23.946+0000][236.474s][info][gc,start       ] GC(39) Pause Young (Allocation Failure)
[2025-05-20T13:04:23.972+0000][236.500s][info][gc,heap        ] GC(39) DefNew: 283689K(284608K)->30720K(284608K) Eden: 252963K(252992K)->0K(252992K) From: 30726K(31616K)->30720K(31616K)
[2025-05-20T13:04:23.973+0000][236.501s][info][gc,heap        ] GC(39) Tenured: 374278K(632328K)->625165K(632328K)
[2025-05-20T13:04:23.973+0000][236.501s][info][gc,metaspace   ] GC(39) Metaspace: 37877K(38592K)->37877K(38592K) NonClass: 33152K(33536K)->33152K(33536K) Class: 4725K(5056K)->4725K(5056K)
[2025-05-20T13:04:23.974+0000][236.502s][info][gc             ] GC(39) Pause Young (Allocation Failure) 642M->640M(895M) 27.833ms
[2025-05-20T13:04:23.974+0000][236.502s][info][gc,cpu         ] GC(39) User=0.02s Sys=0.00s Real=0.03s
[2025-05-20T13:04:24.078+0000][236.606s][info][gc,start       ] GC(40) Pause Young (Allocation Failure)
[2025-05-20T13:04:24.080+0000][236.608s][info][gc,heap        ] GC(40) DefNew: 281712K(284608K)->6K(284608K) Eden: 250992K(252992K)->0K(252992K) From: 30720K(31616K)->6K(31616K)
[2025-05-20T13:04:24.080+0000][236.609s][info][gc,heap        ] GC(40) Tenured: 625165K(632328K)->625165K(632328K)
[2025-05-20T13:04:24.081+0000][236.609s][info][gc,metaspace   ] GC(40) Metaspace: 37881K(38592K)->37881K(38592K) NonClass: 33156K(33536K)->33156K(33536K) Class: 4725K(5056K)->4725K(5056K)
[2025-05-20T13:04:24.081+0000][236.609s][info][gc             ] GC(40) Pause Young (Allocation Failure) 885M->610M(895M) 3.274ms
[2025-05-20T13:04:24.082+0000][236.610s][info][gc,cpu         ] GC(40) User=0.00s Sys=0.00s Real=0.01s
[2025-05-20T13:04:24.097+0000][236.625s][info][gc,start       ] GC(41) Pause Young (Allocation Failure)
[2025-05-20T13:04:24.142+0000][236.670s][info][gc             ] GC(41) Pause Young (Allocation Failure) 856M->855M(1105M) 44.363ms
[2025-05-20T13:04:24.142+0000][236.670s][info][gc,cpu         ] GC(41) User=0.02s Sys=0.03s Real=0.05s
[2025-05-20T13:04:24.142+0000][236.671s][info][gc,start       ] GC(42) Pause Full (Allocation Failure)
[2025-05-20T13:04:24.143+0000][236.671s][info][gc,phases,start] GC(42) Phase 1: Mark live objects
[2025-05-20T13:04:24.159+0000][236.687s][info][gc,phases      ] GC(42) Phase 1: Mark live objects 16.245ms
[2025-05-20T13:04:24.159+0000][236.688s][info][gc,phases,start] GC(42) Phase 2: Compute new object addresses
[2025-05-20T13:04:24.163+0000][236.692s][info][gc,phases      ] GC(42) Phase 2: Compute new object addresses 3.957ms
[2025-05-20T13:04:24.164+0000][236.692s][info][gc,phases,start] GC(42) Phase 3: Adjust pointers
[2025-05-20T13:04:24.173+0000][236.701s][info][gc,phases      ] GC(42) Phase 3: Adjust pointers 9.703ms
[2025-05-20T13:04:24.174+0000][236.702s][info][gc,phases,start] GC(42) Phase 4: Move objects
[2025-05-20T13:04:24.195+0000][236.723s][info][gc,phases      ] GC(42) Phase 4: Move objects 21.490ms
[2025-05-20T13:04:24.202+0000][236.730s][info][gc,heap        ] GC(42) DefNew: 252317K(284608K)->0K(284608K) Eden: 252311K(252992K)->0K(252992K) From: 6K(31616K)->0K(31616K)
[2025-05-20T13:04:24.206+0000][236.734s][info][gc,heap        ] GC(42) Tenured: 625165K(632328K)->302601K(632328K)
[2025-05-20T13:04:24.207+0000][236.735s][info][gc,metaspace   ] GC(42) Metaspace: 37884K(38592K)->37884K(38592K) NonClass: 33158K(33536K)->33158K(33536K) Class: 4725K(5056K)->4725K(5056K)
[2025-05-20T13:04:24.210+0000][236.738s][info][gc             ] GC(42) Pause Full (Allocation Failure) 855M->295M(895M) 67.900ms
[2025-05-20T13:04:24.212+0000][236.740s][info][gc,cpu         ] GC(42) User=0.05s Sys=0.00s Real=0.07s
[2025-05-20T13:04:24.228+0000][236.756s][info][gc,start       ] GC(43) Pause Young (Allocation Failure)
[2025-05-20T13:04:24.255+0000][236.783s][info][gc,heap        ] GC(43) DefNew: 248504K(284608K)->30720K(284608K) Eden: 248504K(252992K)->0K(252992K) From: 0K(31616K)->30720K(31616K)
[2025-05-20T13:04:24.255+0000][236.783s][info][gc,heap        ] GC(43) Tenured: 302601K(632328K)->517642K(632328K)
[2025-05-20T13:04:24.258+0000][236.786s][info][gc,metaspace   ] GC(43) Metaspace: 37884K(38592K)->37884K(38592K) NonClass: 33158K(33536K)->33158K(33536K) Class: 4725K(5056K)->4725K(5056K)
[2025-05-20T13:04:24.258+0000][236.786s][info][gc             ] GC(43) Pause Young (Allocation Failure) 538M->535M(895M) 30.092ms
[2025-05-20T13:04:24.262+0000][236.790s][info][gc,cpu         ] GC(43) User=0.02s Sys=0.00s Real=0.04s
[2025-05-20T13:04:24.315+0000][236.843s][info][gc,start       ] GC(44) Pause Young (Allocation Failure)
[2025-05-20T13:04:24.339+0000][236.867s][info][gc             ] GC(44) Pause Young (Allocation Failure) 781M->730M(980M) 24.158ms
[2025-05-20T13:04:24.340+0000][236.868s][info][gc,cpu         ] GC(44) User=0.02s Sys=0.00s Real=0.02s
[2025-05-20T13:04:24.341+0000][236.869s][info][gc,start       ] GC(45) Pause Full (Allocation Failure)
[2025-05-20T13:04:24.341+0000][236.869s][info][gc,phases,start] GC(45) Phase 1: Mark live objects
[2025-05-20T13:04:24.358+0000][236.886s][info][gc,phases      ] GC(45) Phase 1: Mark live objects 16.609ms
[2025-05-20T13:04:24.359+0000][236.887s][info][gc,phases,start] GC(45) Phase 2: Compute new object addresses
[2025-05-20T13:04:24.363+0000][236.891s][info][gc,phases      ] GC(45) Phase 2: Compute new object addresses 4.480ms
[2025-05-20T13:04:24.364+0000][236.892s][info][gc,phases,start] GC(45) Phase 3: Adjust pointers
[2025-05-20T13:04:24.373+0000][236.901s][info][gc,phases      ] GC(45) Phase 3: Adjust pointers 8.895ms
[2025-05-20T13:04:24.373+0000][236.901s][info][gc,phases,start] GC(45) Phase 4: Move objects
[2025-05-20T13:04:24.392+0000][236.920s][info][gc,phases      ] GC(45) Phase 4: Move objects 18.719ms
[2025-05-20T13:04:24.393+0000][236.921s][info][gc,heap        ] GC(45) DefNew: 282365K(284608K)->0K(284608K) Eden: 251644K(252992K)->0K(252992K) From: 30720K(31616K)->0K(31616K)
[2025-05-20T13:04:24.393+0000][236.921s][info][gc,heap        ] GC(45) Tenured: 517642K(632328K)->282121K(632328K)
[2025-05-20T13:04:24.394+0000][236.922s][info][gc,metaspace   ] GC(45) Metaspace: 37884K(38592K)->37884K(38592K) NonClass: 33159K(33536K)->33159K(33536K) Class: 4725K(5056K)->4725K(5056K)
[2025-05-20T13:04:24.394+0000][236.922s][info][gc             ] GC(45) Pause Full (Allocation Failure) 730M->275M(895M) 53.429ms
[2025-05-20T13:04:24.394+0000][236.922s][info][gc,cpu         ] GC(45) User=0.05s Sys=0.00s Real=0.05s
[2025-05-20T13:04:24.409+0000][236.937s][info][gc,start       ] GC(46) Pause Young (Allocation Failure)
[2025-05-20T13:04:24.430+0000][236.958s][info][gc,heap        ] GC(46) DefNew: 248993K(284608K)->30720K(284608K) Eden: 248993K(252992K)->0K(252992K) From: 0K(31616K)->30720K(31616K)
[2025-05-20T13:04:24.430+0000][236.958s][info][gc,heap        ] GC(46) Tenured: 282121K(632328K)->497162K(632328K)
[2025-05-20T13:04:24.430+0000][236.958s][info][gc,metaspace   ] GC(46) Metaspace: 37887K(38592K)->37887K(38592K) NonClass: 33161K(33536K)->33161K(33536K) Class: 4725K(5056K)->4725K(5056K)
[2025-05-20T13:04:24.430+0000][236.958s][info][gc             ] GC(46) Pause Young (Allocation Failure) 518M->515M(895M) 21.173ms
[2025-05-20T13:04:24.430+0000][236.959s][info][gc,cpu         ] GC(46) User=0.02s Sys=0.00s Real=0.03s
[2025-05-20T13:04:24.501+0000][237.029s][info][gc,start       ] GC(47) Pause Young (Allocation Failure)
[2025-05-20T13:04:24.524+0000][237.052s][info][gc             ] GC(47) Pause Young (Allocation Failure) 761M->710M(960M) 23.366ms
[2025-05-20T13:04:24.525+0000][237.053s][info][gc,cpu         ] GC(47) User=0.01s Sys=0.01s Real=0.02s
[2025-05-20T13:04:24.525+0000][237.053s][info][gc,start       ] GC(48) Pause Full (Allocation Failure)
[2025-05-20T13:04:24.526+0000][237.054s][info][gc,phases,start] GC(48) Phase 1: Mark live objects
[2025-05-20T13:04:24.541+0000][237.069s][info][gc,phases      ] GC(48) Phase 1: Mark live objects 15.119ms
[2025-05-20T13:04:24.542+0000][237.070s][info][gc,phases,start] GC(48) Phase 2: Compute new object addresses
[2025-05-20T13:04:24.545+0000][237.073s][info][gc,phases      ] GC(48) Phase 2: Compute new object addresses 3.801ms
[2025-05-20T13:04:24.546+0000][237.074s][info][gc,phases,start] GC(48) Phase 3: Adjust pointers
[2025-05-20T13:04:24.554+0000][237.083s][info][gc,phases      ] GC(48) Phase 3: Adjust pointers 8.656ms
[2025-05-20T13:04:24.555+0000][237.083s][info][gc,phases,start] GC(48) Phase 4: Move objects
[2025-05-20T13:04:24.572+0000][237.100s][info][gc,phases      ] GC(48) Phase 4: Move objects 17.295ms
[2025-05-20T13:04:24.573+0000][237.101s][info][gc,heap        ] GC(48) DefNew: 282799K(284608K)->0K(284608K) Eden: 252078K(252992K)->0K(252992K) From: 30720K(31616K)->0K(31616K)
[2025-05-20T13:04:24.574+0000][237.102s][info][gc,heap        ] GC(48) Tenured: 497162K(632328K)->225797K(632328K)
[2025-05-20T13:04:24.574+0000][237.102s][info][gc,metaspace   ] GC(48) Metaspace: 37887K(38592K)->37887K(38592K) NonClass: 33162K(33536K)->33162K(33536K) Class: 4725K(5056K)->4725K(5056K)
[2025-05-20T13:04:24.574+0000][237.102s][info][gc             ] GC(48) Pause Full (Allocation Failure) 710M->220M(895M) 48.512ms
[2025-05-20T13:04:24.574+0000][237.102s][info][gc,cpu         ] GC(48) User=0.05s Sys=0.00s Real=0.05s
[2025-05-20T13:04:24.588+0000][237.117s][info][gc,start       ] GC(49) Pause Young (Allocation Failure)
[2025-05-20T13:04:24.609+0000][237.137s][info][gc,heap        ] GC(49) DefNew: 249098K(284608K)->30720K(284608K) Eden: 249098K(252992K)->0K(252992K) From: 0K(31616K)->30720K(31616K)
[2025-05-20T13:04:24.610+0000][237.138s][info][gc,heap        ] GC(49) Tenured: 225797K(632328K)->440838K(632328K)
[2025-05-20T13:04:24.610+0000][237.138s][info][gc,metaspace   ] GC(49) Metaspace: 37888K(38592K)->37888K(38592K) NonClass: 33163K(33536K)->33163K(33536K) Class: 4725K(5056K)->4725K(5056K)
[2025-05-20T13:04:24.610+0000][237.139s][info][gc             ] GC(49) Pause Young (Allocation Failure) 463M->460M(895M) 21.969ms
[2025-05-20T13:04:24.611+0000][237.139s][info][gc,cpu         ] GC(49) User=0.02s Sys=0.00s Real=0.03s
[2025-05-20T13:04:24.653+0000][237.181s][info][gc,start       ] GC(50) Pause Young (Allocation Failure)
[2025-05-20T13:04:24.675+0000][237.203s][info][gc,heap        ] GC(50) DefNew: 283179K(284608K)->30725K(284608K) Eden: 252459K(252992K)->0K(252992K) From: 30720K(31616K)->30725K(31616K)
[2025-05-20T13:04:24.676+0000][237.204s][info][gc,heap        ] GC(50) Tenured: 440838K(632328K)->630279K(632328K)
[2025-05-20T13:04:24.677+0000][237.205s][info][gc,metaspace   ] GC(50) Metaspace: 37896K(38592K)->37896K(38592K) NonClass: 33171K(33536K)->33171K(33536K) Class: 4725K(5056K)->4725K(5056K)
[2025-05-20T13:04:24.681+0000][237.209s][info][gc             ] GC(50) Pause Young (Allocation Failure) 707M->645M(895M) 28.015ms
[2025-05-20T13:04:24.682+0000][237.210s][info][gc,cpu         ] GC(50) User=0.02s Sys=0.00s Real=0.03s
[2025-05-20T13:04:24.697+0000][237.225s][info][gc,start       ] GC(51) Pause Young (Allocation Failure)
[2025-05-20T13:04:24.741+0000][237.269s][info][gc             ] GC(51) Pause Young (Allocation Failure) 888M->885M(1135M) 43.579ms
[2025-05-20T13:04:24.742+0000][237.270s][info][gc,cpu         ] GC(51) User=0.03s Sys=0.01s Real=0.05s
[2025-05-20T13:04:24.743+0000][237.271s][info][gc,start       ] GC(52) Pause Full (Allocation Failure)
[2025-05-20T13:04:24.743+0000][237.272s][info][gc,phases,start] GC(52) Phase 1: Mark live objects
[2025-05-20T13:04:24.766+0000][237.294s][info][gc,phases      ] GC(52) Phase 1: Mark live objects 22.301ms
[2025-05-20T13:04:24.769+0000][237.298s][info][gc,phases,start] GC(52) Phase 2: Compute new object addresses
[2025-05-20T13:04:24.778+0000][237.306s][info][gc,phases      ] GC(52) Phase 2: Compute new object addresses 8.551ms
[2025-05-20T13:04:24.780+0000][237.308s][info][gc,phases,start] GC(52) Phase 3: Adjust pointers
[2025-05-20T13:04:24.790+0000][237.318s][info][gc,phases      ] GC(52) Phase 3: Adjust pointers 9.811ms
[2025-05-20T13:04:24.791+0000][237.319s][info][gc,phases,start] GC(52) Phase 4: Move objects
[2025-05-20T13:04:24.827+0000][237.355s][info][gc,phases      ] GC(52) Phase 4: Move objects 36.269ms
[2025-05-20T13:04:24.828+0000][237.356s][info][gc,heap        ] GC(52) DefNew: 279582K(284608K)->0K(338368K) Eden: 248856K(252992K)->0K(300800K) From: 30725K(31616K)->0K(37568K)
[2025-05-20T13:04:24.829+0000][237.357s][info][gc,heap        ] GC(52) Tenured: 630279K(632328K)->451078K(751800K)
[2025-05-20T13:04:24.829+0000][237.357s][info][gc,metaspace   ] GC(52) Metaspace: 37896K(38592K)->37896K(38592K) NonClass: 33171K(33536K)->33171K(33536K) Class: 4725K(5056K)->4725K(5056K)
[2025-05-20T13:04:24.829+0000][237.357s][info][gc             ] GC(52) Pause Full (Allocation Failure) 885M->440M(1064M) 86.273ms
[2025-05-20T13:04:24.830+0000][237.358s][info][gc,cpu         ] GC(52) User=0.07s Sys=0.00s Real=0.08s
[2025-05-20T13:04:24.894+0000][237.422s][info][gc,start       ] GC(53) Pause Young (Allocation Failure)
[2025-05-20T13:04:24.915+0000][237.443s][info][gc,heap        ] GC(53) DefNew: 300182K(338368K)->35846K(338368K) Eden: 300182K(300800K)->0K(300800K) From: 0K(37568K)->35846K(37568K)
[2025-05-20T13:04:24.915+0000][237.443s][info][gc,heap        ] GC(53) Tenured: 451078K(751800K)->630279K(751800K)
[2025-05-20T13:04:24.915+0000][237.443s][info][gc,metaspace   ] GC(53) Metaspace: 37911K(38592K)->37911K(38592K) NonClass: 33186K(33536K)->33186K(33536K) Class: 4725K(5056K)->4725K(5056K)
[2025-05-20T13:04:24.915+0000][237.444s][info][gc             ] GC(53) Pause Young (Allocation Failure) 733M->650M(1064M) 21.829ms
[2025-05-20T13:04:24.916+0000][237.444s][info][gc,cpu         ] GC(53) User=0.02s Sys=0.00s Real=0.02s
[2025-05-20T13:04:24.947+0000][237.475s][info][gc,start       ] GC(54) Pause Young (Allocation Failure)
[2025-05-20T13:04:24.948+0000][237.476s][info][gc,heap        ] GC(54) DefNew: 336646K(338368K)->5K(338368K) Eden: 300800K(300800K)->0K(300800K) From: 35846K(37568K)->5K(37568K)
[2025-05-20T13:04:24.949+0000][237.477s][info][gc,heap        ] GC(54) Tenured: 630279K(751800K)->630280K(751800K)
[2025-05-20T13:04:24.950+0000][237.478s][info][gc,metaspace   ] GC(54) Metaspace: 37919K(38592K)->37919K(38592K) NonClass: 33193K(33536K)->33193K(33536K) Class: 4725K(5056K)->4725K(5056K)
[2025-05-20T13:04:24.950+0000][237.478s][info][gc             ] GC(54) Pause Young (Allocation Failure) 944M->615M(1064M) 2.675ms
[2025-05-20T13:04:24.950+0000][237.478s][info][gc,cpu         ] GC(54) User=0.00s Sys=0.00s Real=0.00s
[2025-05-20T13:04:24.967+0000][237.495s][info][gc,start       ] GC(55) Pause Young (Allocation Failure)
[2025-05-20T13:04:25.005+0000][237.534s][info][gc             ] GC(55) Pause Young (Allocation Failure) 907M->905M(1204M) 38.450ms
[2025-05-20T13:04:25.006+0000][237.534s][info][gc,cpu         ] GC(55) User=0.03s Sys=0.00s Real=0.04s
[2025-05-20T13:04:25.006+0000][237.534s][info][gc,start       ] GC(56) Pause Full (Allocation Failure)
[2025-05-20T13:04:25.007+0000][237.535s][info][gc,phases,start] GC(56) Phase 1: Mark live objects
[2025-05-20T13:04:25.023+0000][237.551s][info][gc,phases      ] GC(56) Phase 1: Mark live objects 16.534ms
[2025-05-20T13:04:25.024+0000][237.552s][info][gc,phases,start] GC(56) Phase 2: Compute new object addresses
[2025-05-20T13:04:25.028+0000][237.556s][info][gc,phases      ] GC(56) Phase 2: Compute new object addresses 4.081ms
[2025-05-20T13:04:25.028+0000][237.556s][info][gc,phases,start] GC(56) Phase 3: Adjust pointers
[2025-05-20T13:04:25.038+0000][237.566s][info][gc,phases      ] GC(56) Phase 3: Adjust pointers 9.346ms
[2025-05-20T13:04:25.038+0000][237.566s][info][gc,phases,start] GC(56) Phase 4: Move objects
[2025-05-20T13:04:25.062+0000][237.591s][info][gc,phases      ] GC(56) Phase 4: Move objects 24.383ms
[2025-05-20T13:04:25.063+0000][237.591s][info][gc,heap        ] GC(56) DefNew: 299114K(338368K)->0K(338368K) Eden: 299109K(300800K)->0K(300800K) From: 5K(37568K)->0K(37568K)
[2025-05-20T13:04:25.064+0000][237.592s][info][gc,heap        ] GC(56) Tenured: 630280K(751800K)->312838K(751800K)
[2025-05-20T13:04:25.064+0000][237.592s][info][gc,metaspace   ] GC(56) Metaspace: 37919K(38592K)->37919K(38592K) NonClass: 33193K(33536K)->33193K(33536K) Class: 4725K(5056K)->4725K(5056K)
[2025-05-20T13:04:25.064+0000][237.592s][info][gc             ] GC(56) Pause Full (Allocation Failure) 905M->305M(1064M) 57.956ms
[2025-05-20T13:04:25.064+0000][237.593s][info][gc,cpu         ] GC(56) User=0.06s Sys=0.00s Real=0.06s
[2025-05-20T13:04:25.128+0000][237.656s][info][gc,start       ] GC(57) Pause Young (Allocation Failure)
[2025-05-20T13:04:25.142+0000][237.671s][info][gc,heap        ] GC(57) DefNew: 296939K(338368K)->35846K(338368K) Eden: 296939K(300800K)->0K(300800K) From: 0K(37568K)->35846K(37568K)
[2025-05-20T13:04:25.143+0000][237.671s][info][gc,heap        ] GC(57) Tenured: 312838K(751800K)->425479K(751800K)
[2025-05-20T13:04:25.143+0000][237.671s][info][gc,metaspace   ] GC(57) Metaspace: 37924K(38592K)->37924K(38592K) NonClass: 33198K(33536K)->33198K(33536K) Class: 4725K(5056K)->4725K(5056K)
[2025-05-20T13:04:25.144+0000][237.672s][info][gc             ] GC(57) Pause Young (Allocation Failure) 595M->450M(1064M) 15.670ms
[2025-05-20T13:04:25.144+0000][237.672s][info][gc,cpu         ] GC(57) User=0.01s Sys=0.01s Real=0.02s
[2025-05-20T13:04:25.161+0000][237.689s][info][gc,start       ] GC(58) Pause Young (Allocation Failure)
[2025-05-20T13:04:25.190+0000][237.718s][info][gc,heap        ] GC(58) DefNew: 335535K(338368K)->35840K(338368K) Eden: 299688K(300800K)->0K(300800K) From: 35846K(37568K)->35840K(37568K)
[2025-05-20T13:04:25.191+0000][237.719s][info][gc,heap        ] GC(58) Tenured: 425479K(751800K)->722446K(751800K)
[2025-05-20T13:04:25.191+0000][237.719s][info][gc,metaspace   ] GC(58) Metaspace: 37924K(38592K)->37924K(38592K) NonClass: 33198K(33536K)->33198K(33536K) Class: 4725K(5056K)->4725K(5056K)
[2025-05-20T13:04:25.192+0000][237.720s][info][gc             ] GC(58) Pause Young (Allocation Failure) 743M->740M(1064M) 31.114ms
[2025-05-20T13:04:25.192+0000][237.720s][info][gc,cpu         ] GC(58) User=0.03s Sys=0.00s Real=0.03s
[2025-05-20T13:04:25.288+0000][237.816s][info][gc,start       ] GC(59) Pause Young (Allocation Failure)
[2025-05-20T13:04:25.306+0000][237.834s][info][gc             ] GC(59) Pause Young (Allocation Failure) 1033M->850M(1149M) 18.091ms
[2025-05-20T13:04:25.307+0000][237.835s][info][gc,cpu         ] GC(59) User=0.01s Sys=0.00s Real=0.02s
[2025-05-20T13:04:25.307+0000][237.835s][info][gc,start       ] GC(60) Pause Full (Allocation Failure)
[2025-05-20T13:04:25.308+0000][237.836s][info][gc,phases,start] GC(60) Phase 1: Mark live objects
[2025-05-20T13:04:25.325+0000][237.853s][info][gc,phases      ] GC(60) Phase 1: Mark live objects 17.153ms
[2025-05-20T13:04:25.325+0000][237.853s][info][gc,phases,start] GC(60) Phase 2: Compute new object addresses
[2025-05-20T13:04:25.330+0000][237.858s][info][gc,phases      ] GC(60) Phase 2: Compute new object addresses 4.359ms
[2025-05-20T13:04:25.330+0000][237.858s][info][gc,phases,start] GC(60) Phase 3: Adjust pointers
[2025-05-20T13:04:25.341+0000][237.869s][info][gc,phases      ] GC(60) Phase 3: Adjust pointers 10.810ms
[2025-05-20T13:04:25.341+0000][237.870s][info][gc,phases,start] GC(60) Phase 4: Move objects
[2025-05-20T13:04:25.356+0000][237.884s][info][gc,phases      ] GC(60) Phase 4: Move objects 14.698ms
[2025-05-20T13:04:25.357+0000][237.885s][info][gc,heap        ] GC(60) DefNew: 336009K(338368K)->0K(338368K) Eden: 300169K(300800K)->0K(300800K) From: 35840K(37568K)->0K(37568K)
[2025-05-20T13:04:25.358+0000][237.886s][info][gc,heap        ] GC(60) Tenured: 722446K(751800K)->164359K(751800K)
[2025-05-20T13:04:25.359+0000][237.887s][info][gc,metaspace   ] GC(60) Metaspace: 37925K(38592K)->37925K(38592K) NonClass: 33200K(33536K)->33200K(33536K) Class: 4725K(5056K)->4725K(5056K)
[2025-05-20T13:04:25.359+0000][237.887s][info][gc             ] GC(60) Pause Full (Allocation Failure) 850M->160M(1064M) 51.922ms
[2025-05-20T13:04:25.360+0000][237.888s][info][gc,cpu         ] GC(60) User=0.05s Sys=0.00s Real=0.05s
[2025-05-20T13:04:25.378+0000][237.906s][info][gc,start       ] GC(61) Pause Young (Allocation Failure)
[2025-05-20T13:04:25.418+0000][237.946s][info][gc,heap        ] GC(61) DefNew: 295877K(338368K)->35840K(338368K) Eden: 295877K(300800K)->0K(300800K) From: 0K(37568K)->35840K(37568K)
[2025-05-20T13:04:25.436+0000][237.964s][info][gc,heap        ] GC(61) Tenured: 164359K(751800K)->420359K(751800K)
[2025-05-20T13:04:25.438+0000][237.966s][info][gc,metaspace   ] GC(61) Metaspace: 37926K(38592K)->37926K(38592K) NonClass: 33200K(33536K)->33200K(33536K) Class: 4725K(5056K)->4725K(5056K)
[2025-05-20T13:04:25.443+0000][237.971s][info][gc             ] GC(61) Pause Young (Allocation Failure) 449M->445M(1064M) 65.511ms
[2025-05-20T13:04:25.444+0000][237.972s][info][gc,cpu         ] GC(61) User=0.03s Sys=0.00s Real=0.07s
[2025-05-20T13:04:25.499+0000][238.027s][info][gc,start       ] GC(62) Pause Young (Allocation Failure)
[2025-05-20T13:04:25.526+0000][238.054s][info][gc,heap        ] GC(62) DefNew: 331635K(338368K)->35845K(338368K) Eden: 295794K(300800K)->0K(300800K) From: 35840K(37568K)->35845K(37568K)
[2025-05-20T13:04:25.527+0000][238.055s][info][gc,heap        ] GC(62) Tenured: 420359K(751800K)->620040K(751800K)
[2025-05-20T13:04:25.530+0000][238.058s][info][gc,metaspace   ] GC(62) Metaspace: 37931K(38592K)->37931K(38592K) NonClass: 33205K(33536K)->33205K(33536K) Class: 4725K(5056K)->4725K(5056K)
[2025-05-20T13:04:25.530+0000][238.058s][info][gc             ] GC(62) Pause Young (Allocation Failure) 734M->640M(1064M) 31.498ms
[2025-05-20T13:04:25.532+0000][238.060s][info][gc,cpu         ] GC(62) User=0.02s Sys=0.00s Real=0.04s
[2025-05-20T13:04:25.550+0000][238.078s][info][gc,start       ] GC(63) Pause Young (Allocation Failure)
[2025-05-20T13:04:25.590+0000][238.118s][info][gc             ] GC(63) Pause Young (Allocation Failure) 929M->925M(1224M) 40.606ms
[2025-05-20T13:04:25.591+0000][238.119s][info][gc,cpu         ] GC(63) User=0.03s Sys=0.01s Real=0.05s
[2025-05-20T13:04:25.591+0000][238.119s][info][gc,start       ] GC(64) Pause Full (Allocation Failure)
[2025-05-20T13:04:25.591+0000][238.119s][info][gc,phases,start] GC(64) Phase 1: Mark live objects
[2025-05-20T13:04:25.607+0000][238.135s][info][gc,phases      ] GC(64) Phase 1: Mark live objects 15.999ms
[2025-05-20T13:04:25.607+0000][238.136s][info][gc,phases,start] GC(64) Phase 2: Compute new object addresses
[2025-05-20T13:04:25.612+0000][238.140s][info][gc,phases      ] GC(64) Phase 2: Compute new object addresses 4.148ms
[2025-05-20T13:04:25.612+0000][238.140s][info][gc,phases,start] GC(64) Phase 3: Adjust pointers
[2025-05-20T13:04:25.622+0000][238.150s][info][gc,phases      ] GC(64) Phase 3: Adjust pointers 9.904ms
[2025-05-20T13:04:25.623+0000][238.151s][info][gc,phases,start] GC(64) Phase 4: Move objects
[2025-05-20T13:04:25.665+0000][238.193s][info][gc,phases      ] GC(64) Phase 4: Move objects 42.195ms
[2025-05-20T13:04:25.666+0000][238.194s][info][gc,heap        ] GC(64) DefNew: 332128K(338368K)->0K(392192K) Eden: 296282K(300800K)->0K(348672K) From: 35845K(37568K)->0K(43520K)
[2025-05-20T13:04:25.667+0000][238.195s][info][gc,heap        ] GC(64) Tenured: 620040K(751800K)->522759K(871268K)
[2025-05-20T13:04:25.667+0000][238.195s][info][gc,metaspace   ] GC(64) Metaspace: 37931K(38592K)->37931K(38592K) NonClass: 33205K(33536K)->33205K(33536K) Class: 4725K(5056K)->4725K(5056K)
[2025-05-20T13:04:25.668+0000][238.196s][info][gc             ] GC(64) Pause Full (Allocation Failure) 925M->510M(1233M) 76.806ms
[2025-05-20T13:04:25.668+0000][238.196s][info][gc,cpu         ] GC(64) User=0.07s Sys=0.00s Real=0.07s
[2025-05-20T13:04:25.773+0000][238.301s][info][gc,start       ] GC(65) Pause Young (Allocation Failure)
[2025-05-20T13:04:25.814+0000][238.343s][info][gc,heap        ] GC(65) DefNew: 347207K(392192K)->40966K(392192K) Eden: 347207K(348672K)->0K(348672K) From: 0K(43520K)->40966K(43520K)
[2025-05-20T13:04:25.815+0000][238.343s][info][gc,heap        ] GC(65) Tenured: 522759K(871268K)->814600K(871268K)
[2025-05-20T13:04:25.815+0000][238.343s][info][gc,metaspace   ] GC(65) Metaspace: 37934K(38592K)->37934K(38592K) NonClass: 33209K(33536K)->33209K(33536K) Class: 4725K(5056K)->4725K(5056K)
[2025-05-20T13:04:25.816+0000][238.344s][info][gc             ] GC(65) Pause Young (Allocation Failure) 849M->835M(1233M) 43.214ms
[2025-05-20T13:04:25.816+0000][238.344s][info][gc,cpu         ] GC(65) User=0.04s Sys=0.00s Real=0.04s
[2025-05-20T13:04:25.915+0000][238.443s][info][gc,start       ] GC(66) Pause Young (Allocation Failure)
[2025-05-20T13:04:25.942+0000][238.470s][info][gc             ] GC(66) Pause Young (Allocation Failure) 1173M->950M(1293M) 27.351ms
[2025-05-20T13:04:25.942+0000][238.470s][info][gc,cpu         ] GC(66) User=0.00s Sys=0.03s Real=0.03s
[2025-05-20T13:04:25.943+0000][238.471s][info][gc,start       ] GC(67) Pause Full (Allocation Failure)
[2025-05-20T13:04:25.943+0000][238.471s][info][gc,phases,start] GC(67) Phase 1: Mark live objects
[2025-05-20T13:04:25.962+0000][238.490s][info][gc,phases      ] GC(67) Phase 1: Mark live objects 18.802ms
[2025-05-20T13:04:25.962+0000][238.490s][info][gc,phases,start] GC(67) Phase 2: Compute new object addresses
[2025-05-20T13:04:25.966+0000][238.494s][info][gc,phases      ] GC(67) Phase 2: Compute new object addresses 3.833ms
[2025-05-20T13:04:25.966+0000][238.494s][info][gc,phases,start] GC(67) Phase 3: Adjust pointers
[2025-05-20T13:04:25.975+0000][238.503s][info][gc,phases      ] GC(67) Phase 3: Adjust pointers 8.617ms
[2025-05-20T13:04:25.975+0000][238.503s][info][gc,phases,start] GC(67) Phase 4: Move objects
[2025-05-20T13:04:25.988+0000][238.516s][info][gc,phases      ] GC(67) Phase 4: Move objects 12.632ms
[2025-05-20T13:04:25.989+0000][238.517s][info][gc,heap        ] GC(67) DefNew: 387093K(392192K)->0K(392192K) Eden: 346127K(348672K)->0K(348672K) From: 40966K(43520K)->0K(43520K)
[2025-05-20T13:04:25.990+0000][238.518s][info][gc,heap        ] GC(67) Tenured: 814600K(871268K)->174598K(871268K)
[2025-05-20T13:04:25.990+0000][238.518s][info][gc,metaspace   ] GC(67) Metaspace: 37953K(38720K)->37953K(38720K) NonClass: 33227K(33664K)->33227K(33664K) Class: 4725K(5056K)->4725K(5056K)
[2025-05-20T13:04:25.990+0000][238.518s][info][gc             ] GC(67) Pause Full (Allocation Failure) 950M->170M(1233M) 47.671ms
[2025-05-20T13:04:25.991+0000][238.519s][info][gc,cpu         ] GC(67) User=0.04s Sys=0.00s Real=0.05s
[2025-05-20T13:04:26.010+0000][238.538s][info][gc,start       ] GC(68) Pause Young (Allocation Failure)
[2025-05-20T13:04:26.041+0000][238.569s][info][gc,heap        ] GC(68) DefNew: 346654K(392192K)->40960K(392192K) Eden: 346654K(348672K)->0K(348672K) From: 0K(43520K)->40960K(43520K)
[2025-05-20T13:04:26.042+0000][238.570s][info][gc,heap        ] GC(68) Tenured: 174598K(871268K)->476679K(871268K)
[2025-05-20T13:04:26.043+0000][238.571s][info][gc,metaspace   ] GC(68) Metaspace: 37953K(38720K)->37953K(38720K) NonClass: 33227K(33664K)->33227K(33664K) Class: 4725K(5056K)->4725K(5056K)
[2025-05-20T13:04:26.044+0000][238.572s][info][gc             ] GC(68) Pause Young (Allocation Failure) 509M->505M(1233M) 33.948ms
[2025-05-20T13:04:26.047+0000][238.575s][info][gc,cpu         ] GC(68) User=0.03s Sys=0.00s Real=0.04s
[2025-05-20T13:04:26.114+0000][238.642s][info][gc,start       ] GC(69) Pause Young (Allocation Failure)
[2025-05-20T13:04:26.145+0000][238.673s][info][gc,heap        ] GC(69) DefNew: 387488K(392192K)->40965K(392192K) Eden: 346527K(348672K)->0K(348672K) From: 40960K(43520K)->40965K(43520K)
[2025-05-20T13:04:26.146+0000][238.674s][info][gc,heap        ] GC(69) Tenured: 476679K(871268K)->773640K(871268K)
[2025-05-20T13:04:26.147+0000][238.675s][info][gc,metaspace   ] GC(69) Metaspace: 37954K(38720K)->37954K(38720K) NonClass: 33228K(33664K)->33228K(33664K) Class: 4725K(5056K)->4725K(5056K)
[2025-05-20T13:04:26.148+0000][238.676s][info][gc             ] GC(69) Pause Young (Allocation Failure) 843M->795M(1233M) 33.316ms
[2025-05-20T13:04:26.148+0000][238.676s][info][gc,cpu         ] GC(69) User=0.02s Sys=0.00s Real=0.03s
[2025-05-20T13:04:26.209+0000][238.738s][info][gc,start       ] GC(70) Pause Young (Allocation Failure)
[2025-05-20T13:04:26.225+0000][238.753s][info][gc             ] GC(70) Pause Young (Allocation Failure) 1134M->905M(1248M) 15.727ms
[2025-05-20T13:04:26.226+0000][238.754s][info][gc,cpu         ] GC(70) User=0.02s Sys=0.00s Real=0.02s
[2025-05-20T13:04:26.226+0000][238.754s][info][gc,start       ] GC(71) Pause Full (Allocation Failure)
[2025-05-20T13:04:26.227+0000][238.755s][info][gc,phases,start] GC(71) Phase 1: Mark live objects
[2025-05-20T13:04:26.243+0000][238.771s][info][gc,phases      ] GC(71) Phase 1: Mark live objects 16.710ms
[2025-05-20T13:04:26.263+0000][238.791s][info][gc,phases,start] GC(71) Phase 2: Compute new object addresses
[2025-05-20T13:04:26.268+0000][238.796s][info][gc,phases      ] GC(71) Phase 2: Compute new object addresses 5.591ms
[2025-05-20T13:04:26.269+0000][238.797s][info][gc,phases,start] GC(71) Phase 3: Adjust pointers
[2025-05-20T13:04:26.278+0000][238.806s][info][gc,phases      ] GC(71) Phase 3: Adjust pointers 9.267ms
[2025-05-20T13:04:26.279+0000][238.807s][info][gc,phases,start] GC(71) Phase 4: Move objects
[2025-05-20T13:04:26.291+0000][238.819s][info][gc,phases      ] GC(71) Phase 4: Move objects 12.682ms
[2025-05-20T13:04:26.293+0000][238.821s][info][gc,heap        ] GC(71) DefNew: 387701K(392192K)->0K(384576K) Eden: 346735K(348672K)->0K(341888K) From: 40965K(43520K)->0K(42688K)
[2025-05-20T13:04:26.293+0000][238.821s][info][gc,heap        ] GC(71) Tenured: 773640K(871268K)->169478K(854472K)
[2025-05-20T13:04:26.294+0000][238.822s][info][gc,metaspace   ] GC(71) Metaspace: 37957K(38720K)->37957K(38720K) NonClass: 33231K(33664K)->33231K(33664K) Class: 4725K(5056K)->4725K(5056K)
[2025-05-20T13:04:26.294+0000][238.822s][info][gc             ] GC(71) Pause Full (Allocation Failure) 905M->165M(1210M) 67.969ms
[2025-05-20T13:04:26.295+0000][238.823s][info][gc,cpu         ] GC(71) User=0.04s Sys=0.00s Real=0.07s
[2025-05-20T13:04:26.314+0000][238.842s][info][gc,start       ] GC(72) Pause Young (Allocation Failure)
[2025-05-20T13:04:26.342+0000][238.870s][info][gc,heap        ] GC(72) DefNew: 336810K(384576K)->40961K(384576K) Eden: 336810K(341888K)->0K(341888K) From: 0K(42688K)->40961K(42688K)
[2025-05-20T13:04:26.343+0000][238.871s][info][gc,heap        ] GC(72) Tenured: 169478K(854472K)->461319K(854472K)
[2025-05-20T13:04:26.343+0000][238.871s][info][gc,metaspace   ] GC(72) Metaspace: 37963K(38720K)->37963K(38720K) NonClass: 33237K(33664K)->33237K(33664K) Class: 4725K(5056K)->4725K(5056K)
[2025-05-20T13:04:26.344+0000][238.872s][info][gc             ] GC(72) Pause Young (Allocation Failure) 494M->490M(1210M) 29.547ms
[2025-05-20T13:04:26.344+0000][238.872s][info][gc,cpu         ] GC(72) User=0.02s Sys=0.00s Real=0.03s
[2025-05-20T13:04:26.407+0000][238.935s][info][gc,start       ] GC(73) Pause Young (Allocation Failure)
[2025-05-20T13:04:26.436+0000][238.964s][info][gc,heap        ] GC(73) DefNew: 378290K(384576K)->40965K(384576K) Eden: 337329K(341888K)->0K(341888K) From: 40961K(42688K)->40965K(42688K)
[2025-05-20T13:04:26.444+0000][238.972s][info][gc,heap        ] GC(73) Tenured: 461319K(854472K)->737801K(854472K)
[2025-05-20T13:04:26.448+0000][238.976s][info][gc,metaspace   ] GC(73) Metaspace: 37964K(38720K)->37964K(38720K) NonClass: 33238K(33664K)->33238K(33664K) Class: 4725K(5056K)->4725K(5056K)
[2025-05-20T13:04:26.448+0000][238.976s][info][gc             ] GC(73) Pause Young (Allocation Failure) 819M->760M(1210M) 41.709ms
[2025-05-20T13:04:26.449+0000][238.977s][info][gc,cpu         ] GC(73) User=0.03s Sys=0.00s Real=0.04s
[2025-05-20T13:04:26.501+0000][239.029s][info][gc,start       ] GC(74) Pause Young (Allocation Failure)
[2025-05-20T13:04:26.515+0000][239.043s][info][gc,heap        ] GC(74) DefNew: 381628K(384576K)->40965K(384576K) Eden: 340662K(341888K)->0K(341888K) From: 40965K(42688K)->40965K(42688K)
[2025-05-20T13:04:26.515+0000][239.043s][info][gc,heap        ] GC(74) Tenured: 737801K(854472K)->824842K(854472K)
[2025-05-20T13:04:26.515+0000][239.043s][info][gc,metaspace   ] GC(74) Metaspace: 37965K(38720K)->37965K(38720K) NonClass: 33239K(33664K)->33239K(33664K) Class: 4725K(5056K)->4725K(5056K)
[2025-05-20T13:04:26.516+0000][239.044s][info][gc             ] GC(74) Pause Young (Allocation Failure) 1093M->845M(1210M) 14.821ms
[2025-05-20T13:04:26.516+0000][239.044s][info][gc,cpu         ] GC(74) User=0.02s Sys=0.00s Real=0.01s
[2025-05-20T13:04:26.536+0000][239.064s][info][gc,start       ] GC(75) Pause Young (Allocation Failure)
[2025-05-20T13:04:26.600+0000][239.128s][info][gc             ] GC(75) Pause Young (Allocation Failure) 1177M->1175M(1515M) 63.745ms
[2025-05-20T13:04:26.600+0000][239.129s][info][gc,cpu         ] GC(75) User=0.03s Sys=0.03s Real=0.07s
[2025-05-20T13:04:26.601+0000][239.129s][info][gc,start       ] GC(76) Pause Full (Allocation Failure)
[2025-05-20T13:04:26.601+0000][239.129s][info][gc,phases,start] GC(76) Phase 1: Mark live objects
[2025-05-20T13:04:26.616+0000][239.144s][info][gc,phases      ] GC(76) Phase 1: Mark live objects 15.098ms
[2025-05-20T13:04:26.617+0000][239.145s][info][gc,phases,start] GC(76) Phase 2: Compute new object addresses
[2025-05-20T13:04:26.621+0000][239.149s][info][gc,phases      ] GC(76) Phase 2: Compute new object addresses 4.238ms
[2025-05-20T13:04:26.622+0000][239.150s][info][gc,phases,start] GC(76) Phase 3: Adjust pointers
[2025-05-20T13:04:26.631+0000][239.159s][info][gc,phases      ] GC(76) Phase 3: Adjust pointers 9.243ms
[2025-05-20T13:04:26.632+0000][239.160s][info][gc,phases,start] GC(76) Phase 4: Move objects
[2025-05-20T13:04:26.678+0000][239.206s][info][gc,phases      ] GC(76) Phase 4: Move objects 45.922ms
[2025-05-20T13:04:26.680+0000][239.208s][info][gc,heap        ] GC(76) DefNew: 381420K(384576K)->0K(384576K) Eden: 340454K(341888K)->0K(341888K) From: 40965K(42688K)->0K(42688K)
[2025-05-20T13:04:26.680+0000][239.208s][info][gc,heap        ] GC(76) Tenured: 824842K(854472K)->481800K(854472K)
[2025-05-20T13:04:26.681+0000][239.209s][info][gc,metaspace   ] GC(76) Metaspace: 37965K(38720K)->37965K(38720K) NonClass: 33239K(33664K)->33239K(33664K) Class: 4725K(5056K)->4725K(5056K)
[2025-05-20T13:04:26.682+0000][239.210s][info][gc             ] GC(76) Pause Full (Allocation Failure) 1175M->470M(1210M) 80.897ms
[2025-05-20T13:04:26.682+0000][239.210s][info][gc,cpu         ] GC(76) User=0.07s Sys=0.00s Real=0.08s
[2025-05-20T13:04:26.733+0000][239.261s][info][gc,start       ] GC(77) Pause Young (Allocation Failure)
[2025-05-20T13:04:26.758+0000][239.286s][info][gc,heap        ] GC(77) DefNew: 341178K(384576K)->40965K(384576K) Eden: 341178K(341888K)->0K(341888K) From: 0K(42688K)->40965K(42688K)
[2025-05-20T13:04:26.759+0000][239.287s][info][gc,heap        ] GC(77) Tenured: 481800K(854472K)->727561K(854472K)
[2025-05-20T13:04:26.762+0000][239.290s][info][gc,metaspace   ] GC(77) Metaspace: 37969K(38720K)->37969K(38720K) NonClass: 33243K(33664K)->33243K(33664K) Class: 4725K(5056K)->4725K(5056K)
[2025-05-20T13:04:26.763+0000][239.291s][info][gc             ] GC(77) Pause Young (Allocation Failure) 803M->750M(1210M) 29.587ms
[2025-05-20T13:04:26.766+0000][239.294s][info][gc,cpu         ] GC(77) User=0.02s Sys=0.00s Real=0.03s
[2025-05-20T13:04:26.827+0000][239.355s][info][gc,start       ] GC(78) Pause Young (Allocation Failure)
[2025-05-20T13:04:26.933+0000][239.461s][info][gc,heap        ] GC(78) DefNew: 382530K(384576K)->40965K(384576K) Eden: 341564K(341888K)->0K(341888K) From: 40965K(42688K)->40965K(42688K)
[2025-05-20T13:04:26.937+0000][239.465s][info][gc,heap        ] GC(78) Tenured: 727561K(854472K)->794122K(854472K)
[2025-05-20T13:04:26.937+0000][239.465s][info][gc,metaspace   ] GC(78) Metaspace: 37972K(38720K)->37972K(38720K) NonClass: 33246K(33664K)->33246K(33664K) Class: 4725K(5056K)->4725K(5056K)
[2025-05-20T13:04:26.938+0000][239.466s][info][gc             ] GC(78) Pause Young (Allocation Failure) 1084M->815M(1210M) 110.905ms
[2025-05-20T13:04:26.938+0000][239.466s][info][gc,cpu         ] GC(78) User=0.02s Sys=0.00s Real=0.11s
[2025-05-20T13:04:26.964+0000][239.492s][info][gc,start       ] GC(79) Pause Young (Allocation Failure)
[2025-05-20T13:04:27.022+0000][239.550s][info][gc             ] GC(79) Pause Young (Allocation Failure) 1148M->1145M(1485M) 58.510ms
[2025-05-20T13:04:27.023+0000][239.551s][info][gc,cpu         ] GC(79) User=0.04s Sys=0.02s Real=0.06s
[2025-05-20T13:04:27.023+0000][239.551s][info][gc,start       ] GC(80) Pause Full (Allocation Failure)
[2025-05-20T13:04:27.024+0000][239.552s][info][gc,phases,start] GC(80) Phase 1: Mark live objects
[2025-05-20T13:04:27.041+0000][239.569s][info][gc,phases      ] GC(80) Phase 1: Mark live objects 17.652ms
[2025-05-20T13:04:27.042+0000][239.570s][info][gc,phases,start] GC(80) Phase 2: Compute new object addresses
[2025-05-20T13:04:27.046+0000][239.574s][info][gc,phases      ] GC(80) Phase 2: Compute new object addresses 4.179ms
[2025-05-20T13:04:27.046+0000][239.575s][info][gc,phases,start] GC(80) Phase 3: Adjust pointers
[2025-05-20T13:04:27.055+0000][239.584s][info][gc,phases      ] GC(80) Phase 3: Adjust pointers 9.020ms
[2025-05-20T13:04:27.056+0000][239.584s][info][gc,phases,start] GC(80) Phase 4: Move objects
[2025-05-20T13:04:27.093+0000][239.621s][info][gc,phases      ] GC(80) Phase 4: Move objects 36.671ms
[2025-05-20T13:04:27.094+0000][239.622s][info][gc,heap        ] GC(80) DefNew: 382245K(384576K)->0K(384576K) Eden: 341280K(341888K)->0K(341888K) From: 40965K(42688K)->0K(42688K)
[2025-05-20T13:04:27.094+0000][239.622s][info][gc,heap        ] GC(80) Tenured: 794122K(854472K)->461320K(854472K)
[2025-05-20T13:04:27.095+0000][239.623s][info][gc,metaspace   ] GC(80) Metaspace: 37972K(38720K)->37972K(38720K) NonClass: 33246K(33664K)->33246K(33664K) Class: 4725K(5056K)->4725K(5056K)
[2025-05-20T13:04:27.095+0000][239.623s][info][gc             ] GC(80) Pause Full (Allocation Failure) 1145M->450M(1210M) 71.890ms
[2025-05-20T13:04:27.095+0000][239.624s][info][gc,cpu         ] GC(80) User=0.07s Sys=0.00s Real=0.07s
[2025-05-20T13:04:27.133+0000][239.661s][info][gc,start       ] GC(81) Pause Young (Allocation Failure)
[2025-05-20T13:04:27.162+0000][239.690s][info][gc,heap        ] GC(81) DefNew: 341362K(384576K)->40965K(384576K) Eden: 341362K(341888K)->0K(341888K) From: 0K(42688K)->40965K(42688K)
[2025-05-20T13:04:27.163+0000][239.691s][info][gc,heap        ] GC(81) Tenured: 461320K(854472K)->686600K(854472K)
[2025-05-20T13:04:27.163+0000][239.692s][info][gc,metaspace   ] GC(81) Metaspace: 37974K(38720K)->37974K(38720K) NonClass: 33248K(33664K)->33248K(33664K) Class: 4725K(5056K)->4725K(5056K)
[2025-05-20T13:04:27.165+0000][239.693s][info][gc             ] GC(81) Pause Young (Allocation Failure) 783M->710M(1210M) 32.193ms
[2025-05-20T13:04:27.170+0000][239.698s][info][gc,cpu         ] GC(81) User=0.01s Sys=0.01s Real=0.04s
[2025-05-20T13:04:27.230+0000][239.758s][info][gc,start       ] GC(82) Pause Young (Allocation Failure)
[2025-05-20T13:04:27.242+0000][239.770s][info][gc,heap        ] GC(82) DefNew: 381955K(384576K)->40965K(384576K) Eden: 340989K(341888K)->0K(341888K) From: 40965K(42688K)->40965K(42688K)
[2025-05-20T13:04:27.243+0000][239.771s][info][gc,heap        ] GC(82) Tenured: 686600K(854472K)->732681K(854472K)
[2025-05-20T13:04:27.249+0000][239.777s][info][gc,metaspace   ] GC(82) Metaspace: 37981K(38720K)->37981K(38720K) NonClass: 33255K(33664K)->33255K(33664K) Class: 4725K(5056K)->4725K(5056K)
[2025-05-20T13:04:27.251+0000][239.779s][info][gc             ] GC(82) Pause Young (Allocation Failure) 1043M->755M(1210M) 21.077ms
[2025-05-20T13:04:27.252+0000][239.780s][info][gc,cpu         ] GC(82) User=0.01s Sys=0.00s Real=0.03s
[2025-05-20T13:04:27.273+0000][239.801s][info][gc,start       ] GC(83) Pause Young (Allocation Failure)
[2025-05-20T13:04:27.317+0000][239.845s][info][gc             ] GC(83) Pause Young (Allocation Failure) 1088M->1085M(1425M) 44.070ms
[2025-05-20T13:04:27.320+0000][239.848s][info][gc,cpu         ] GC(83) User=0.02s Sys=0.02s Real=0.04s
[2025-05-20T13:04:27.321+0000][239.849s][info][gc,start       ] GC(84) Pause Full (Allocation Failure)
[2025-05-20T13:04:27.323+0000][239.851s][info][gc,phases,start] GC(84) Phase 1: Mark live objects
[2025-05-20T13:04:27.363+0000][239.891s][info][gc,phases      ] GC(84) Phase 1: Mark live objects 40.726ms
[2025-05-20T13:04:27.364+0000][239.892s][info][gc,phases,start] GC(84) Phase 2: Compute new object addresses
[2025-05-20T13:04:27.371+0000][239.899s][info][gc,phases      ] GC(84) Phase 2: Compute new object addresses 6.682ms
[2025-05-20T13:04:27.371+0000][239.899s][info][gc,phases,start] GC(84) Phase 3: Adjust pointers
[2025-05-20T13:04:27.380+0000][239.908s][info][gc,phases      ] GC(84) Phase 3: Adjust pointers 9.461ms
[2025-05-20T13:04:27.381+0000][239.909s][info][gc,phases,start] GC(84) Phase 4: Move objects
[2025-05-20T13:04:27.416+0000][239.944s][info][gc,phases      ] GC(84) Phase 4: Move objects 34.631ms
[2025-05-20T13:04:27.417+0000][239.945s][info][gc,heap        ] GC(84) DefNew: 381934K(384576K)->0K(384576K) Eden: 340969K(341888K)->0K(341888K) From: 40965K(42688K)->0K(42688K)
[2025-05-20T13:04:27.417+0000][239.946s][info][gc,heap        ] GC(84) Tenured: 732681K(854472K)->440840K(854472K)
[2025-05-20T13:04:27.418+0000][239.946s][info][gc,metaspace   ] GC(84) Metaspace: 37981K(38720K)->37981K(38720K) NonClass: 33255K(33664K)->33255K(33664K) Class: 4725K(5056K)->4725K(5056K)
[2025-05-20T13:04:27.419+0000][239.947s][info][gc             ] GC(84) Pause Full (Allocation Failure) 1085M->430M(1210M) 97.761ms
[2025-05-20T13:04:27.419+0000][239.947s][info][gc,cpu         ] GC(84) User=0.09s Sys=0.00s Real=0.09s
[2025-05-20T13:04:27.473+0000][240.001s][info][gc,start       ] GC(85) Pause Young (Allocation Failure)
[2025-05-20T13:04:27.494+0000][240.022s][info][gc,heap        ] GC(85) DefNew: 341200K(384576K)->40965K(384576K) Eden: 341200K(341888K)->0K(341888K) From: 0K(42688K)->40965K(42688K)
[2025-05-20T13:04:27.495+0000][240.023s][info][gc,heap        ] GC(85) Tenured: 440840K(854472K)->645640K(854472K)
[2025-05-20T13:04:27.496+0000][240.024s][info][gc,metaspace   ] GC(85) Metaspace: 37990K(38720K)->37990K(38720K) NonClass: 33264K(33664K)->33264K(33664K) Class: 4725K(5056K)->4725K(5056K)
[2025-05-20T13:04:27.496+0000][240.024s][info][gc             ] GC(85) Pause Young (Allocation Failure) 763M->670M(1210M) 23.364ms
[2025-05-20T13:04:27.500+0000][240.028s][info][gc,cpu         ] GC(85) User=0.02s Sys=0.00s Real=0.03s
[2025-05-20T13:04:27.559+0000][240.087s][info][gc,start       ] GC(86) Pause Young (Allocation Failure)
[2025-05-20T13:04:27.581+0000][240.109s][info][gc,heap        ] GC(86) DefNew: 381200K(384576K)->40965K(384576K) Eden: 340234K(341888K)->0K(341888K) From: 40965K(42688K)->40965K(42688K)
[2025-05-20T13:04:27.582+0000][240.110s][info][gc,heap        ] GC(86) Tenured: 645640K(854472K)->671241K(854472K)
[2025-05-20T13:04:27.589+0000][240.117s][info][gc,metaspace   ] GC(86) Metaspace: 37996K(38720K)->37996K(38720K) NonClass: 33270K(33664K)->33270K(33664K) Class: 4725K(5056K)->4725K(5056K)
[2025-05-20T13:04:27.590+0000][240.119s][info][gc             ] GC(86) Pause Young (Allocation Failure) 1002M->695M(1210M) 31.528ms
[2025-05-20T13:04:27.593+0000][240.121s][info][gc,cpu         ] GC(86) User=0.01s Sys=0.00s Real=0.04s
[2025-05-20T13:04:27.615+0000][240.143s][info][gc,start       ] GC(87) Pause Young (Allocation Failure)
[2025-05-20T13:04:27.658+0000][240.186s][info][gc             ] GC(87) Pause Young (Allocation Failure) 1028M->1025M(1365M) 43.474ms
[2025-05-20T13:04:27.660+0000][240.188s][info][gc,cpu         ] GC(87) User=0.03s Sys=0.01s Real=0.04s
[2025-05-20T13:04:27.665+0000][240.193s][info][gc,start       ] GC(88) Pause Full (Allocation Failure)
[2025-05-20T13:04:27.670+0000][240.198s][info][gc,phases,start] GC(88) Phase 1: Mark live objects
[2025-05-20T13:04:27.693+0000][240.221s][info][gc,phases      ] GC(88) Phase 1: Mark live objects 22.959ms
[2025-05-20T13:04:27.694+0000][240.222s][info][gc,phases,start] GC(88) Phase 2: Compute new object addresses
[2025-05-20T13:04:27.698+0000][240.226s][info][gc,phases      ] GC(88) Phase 2: Compute new object addresses 4.106ms
[2025-05-20T13:04:27.698+0000][240.227s][info][gc,phases,start] GC(88) Phase 3: Adjust pointers
[2025-05-20T13:04:27.708+0000][240.236s][info][gc,phases      ] GC(88) Phase 3: Adjust pointers 9.244ms
[2025-05-20T13:04:27.708+0000][240.236s][info][gc,phases,start] GC(88) Phase 4: Move objects
[2025-05-20T13:04:27.744+0000][240.272s][info][gc,phases      ] GC(88) Phase 4: Move objects 36.133ms
[2025-05-20T13:04:27.746+0000][240.274s][info][gc,heap        ] GC(88) DefNew: 381433K(384576K)->0K(384576K) Eden: 340467K(341888K)->0K(341888K) From: 40965K(42688K)->0K(42688K)
[2025-05-20T13:04:27.746+0000][240.274s][info][gc,heap        ] GC(88) Tenured: 671241K(854472K)->466440K(854472K)
[2025-05-20T13:04:27.746+0000][240.274s][info][gc,metaspace   ] GC(88) Metaspace: 37996K(38720K)->37996K(38720K) NonClass: 33270K(33664K)->33270K(33664K) Class: 4725K(5056K)->4725K(5056K)
[2025-05-20T13:04:27.747+0000][240.275s][info][gc             ] GC(88) Pause Full (Allocation Failure) 1025M->455M(1210M) 81.276ms
[2025-05-20T13:04:27.747+0000][240.275s][info][gc,cpu         ] GC(88) User=0.07s Sys=0.00s Real=0.08s
[2025-05-20T13:04:27.826+0000][240.354s][info][gc,start       ] GC(89) Pause Young (Allocation Failure)
[2025-05-20T13:04:27.845+0000][240.373s][info][gc,heap        ] GC(89) DefNew: 341130K(384576K)->40965K(384576K) Eden: 341130K(341888K)->0K(341888K) From: 0K(42688K)->40965K(42688K)
[2025-05-20T13:04:27.846+0000][240.374s][info][gc,heap        ] GC(89) Tenured: 466440K(854472K)->650761K(854472K)
[2025-05-20T13:04:27.846+0000][240.375s][info][gc,metaspace   ] GC(89) Metaspace: 37998K(38720K)->37998K(38720K) NonClass: 33272K(33664K)->33272K(33664K) Class: 4725K(5056K)->4725K(5056K)
[2025-05-20T13:04:27.847+0000][240.375s][info][gc             ] GC(89) Pause Young (Allocation Failure) 788M->675M(1210M) 20.923ms
[2025-05-20T13:04:27.848+0000][240.376s][info][gc,cpu         ] GC(89) User=0.02s Sys=0.00s Real=0.02s
[2025-05-20T13:04:27.915+0000][240.443s][info][gc,start       ] GC(90) Pause Young (Allocation Failure)
[2025-05-20T13:04:27.921+0000][240.449s][info][gc,heap        ] GC(90) DefNew: 381397K(384576K)->40965K(384576K) Eden: 340431K(341888K)->0K(341888K) From: 40965K(42688K)->40965K(42688K)
[2025-05-20T13:04:27.922+0000][240.450s][info][gc,heap        ] GC(90) Tenured: 650761K(854472K)->655881K(854472K)
[2025-05-20T13:04:27.922+0000][240.450s][info][gc,metaspace   ] GC(90) Metaspace: 37999K(38720K)->37999K(38720K) NonClass: 33273K(33664K)->33273K(33664K) Class: 4725K(5056K)->4725K(5056K)
[2025-05-20T13:04:27.923+0000][240.451s][info][gc             ] GC(90) Pause Young (Allocation Failure) 1007M->680M(1210M) 8.087ms
[2025-05-20T13:04:27.924+0000][240.452s][info][gc,cpu         ] GC(90) User=0.01s Sys=0.00s Real=0.01s
[2025-05-20T13:04:27.947+0000][240.475s][info][gc,start       ] GC(91) Pause Young (Allocation Failure)
[2025-05-20T13:04:27.988+0000][240.516s][info][gc             ] GC(91) Pause Young (Allocation Failure) 1012M->1010M(1350M) 41.359ms
[2025-05-20T13:04:27.989+0000][240.517s][info][gc,cpu         ] GC(91) User=0.02s Sys=0.02s Real=0.04s
[2025-05-20T13:04:27.989+0000][240.517s][info][gc,start       ] GC(92) Pause Full (Allocation Failure)
[2025-05-20T13:04:27.989+0000][240.517s][info][gc,phases,start] GC(92) Phase 1: Mark live objects
[2025-05-20T13:04:28.006+0000][240.534s][info][gc,phases      ] GC(92) Phase 1: Mark live objects 16.623ms
[2025-05-20T13:04:28.006+0000][240.535s][info][gc,phases,start] GC(92) Phase 2: Compute new object addresses
[2025-05-20T13:04:28.011+0000][240.539s][info][gc,phases      ] GC(92) Phase 2: Compute new object addresses 4.431ms
[2025-05-20T13:04:28.011+0000][240.539s][info][gc,phases,start] GC(92) Phase 3: Adjust pointers
[2025-05-20T13:04:28.020+0000][240.548s][info][gc,phases      ] GC(92) Phase 3: Adjust pointers 8.842ms
[2025-05-20T13:04:28.021+0000][240.549s][info][gc,phases,start] GC(92) Phase 4: Move objects
[2025-05-20T13:04:28.058+0000][240.587s][info][gc,phases      ] GC(92) Phase 4: Move objects 37.770ms
[2025-05-20T13:04:28.062+0000][240.590s][info][gc,heap        ] GC(92) DefNew: 381331K(384576K)->0K(384576K) Eden: 340366K(341888K)->0K(341888K) From: 40965K(42688K)->0K(42688K)
[2025-05-20T13:04:28.063+0000][240.591s][info][gc,heap        ] GC(92) Tenured: 655881K(854472K)->445960K(854472K)
[2025-05-20T13:04:28.063+0000][240.591s][info][gc,metaspace   ] GC(92) Metaspace: 37999K(38720K)->37999K(38720K) NonClass: 33273K(33664K)->33273K(33664K) Class: 4725K(5056K)->4725K(5056K)
[2025-05-20T13:04:28.063+0000][240.592s][info][gc             ] GC(92) Pause Full (Allocation Failure) 1010M->435M(1210M) 74.601ms
[2025-05-20T13:04:28.064+0000][240.592s][info][gc,cpu         ] GC(92) User=0.06s Sys=0.00s Real=0.08s
[2025-05-20T13:04:28.156+0000][240.684s][info][gc,start       ] GC(93) Pause Young (Allocation Failure)
[2025-05-20T13:04:28.174+0000][240.702s][info][gc,heap        ] GC(93) DefNew: 341673K(384576K)->40965K(384576K) Eden: 341673K(341888K)->0K(341888K) From: 0K(42688K)->40965K(42688K)
[2025-05-20T13:04:28.174+0000][240.702s][info][gc,heap        ] GC(93) Tenured: 445960K(854472K)->609801K(854472K)
[2025-05-20T13:04:28.175+0000][240.703s][info][gc,metaspace   ] GC(93) Metaspace: 38002K(38720K)->38002K(38720K) NonClass: 33276K(33664K)->33276K(33664K) Class: 4725K(5056K)->4725K(5056K)
[2025-05-20T13:04:28.175+0000][240.703s][info][gc             ] GC(93) Pause Young (Allocation Failure) 769M->635M(1210M) 19.232ms
[2025-05-20T13:04:28.175+0000][240.703s][info][gc,cpu         ] GC(93) User=0.02s Sys=0.00s Real=0.02s
[2025-05-20T13:04:28.225+0000][240.753s][info][gc,start       ] GC(94) Pause Young (Allocation Failure)
[2025-05-20T13:04:28.229+0000][240.757s][info][gc,heap        ] GC(94) DefNew: 381317K(384576K)->25605K(384576K) Eden: 340351K(341888K)->0K(341888K) From: 40965K(42688K)->25605K(42688K)
[2025-05-20T13:04:28.235+0000][240.763s][info][gc,heap        ] GC(94) Tenured: 609801K(854472K)->609801K(854472K)
[2025-05-20T13:04:28.241+0000][240.769s][info][gc,metaspace   ] GC(94) Metaspace: 38004K(38720K)->38004K(38720K) NonClass: 33278K(33664K)->33278K(33664K) Class: 4725K(5056K)->4725K(5056K)
[2025-05-20T13:04:28.241+0000][240.770s][info][gc             ] GC(94) Pause Young (Allocation Failure) 967M->620M(1210M) 16.283ms
[2025-05-20T13:04:28.248+0000][240.776s][info][gc,cpu         ] GC(94) User=0.00s Sys=0.00s Real=0.02s
[2025-05-20T13:04:28.268+0000][240.796s][info][gc,start       ] GC(95) Pause Young (Allocation Failure)
[2025-05-20T13:04:28.314+0000][240.842s][info][gc             ] GC(95) Pause Young (Allocation Failure) 952M->950M(1290M) 46.120ms
[2025-05-20T13:04:28.315+0000][240.843s][info][gc,cpu         ] GC(95) User=0.03s Sys=0.02s Real=0.05s
[2025-05-20T13:04:28.317+0000][240.845s][info][gc,start       ] GC(96) Pause Full (Allocation Failure)
[2025-05-20T13:04:28.318+0000][240.846s][info][gc,phases,start] GC(96) Phase 1: Mark live objects
[2025-05-20T13:04:28.373+0000][240.901s][info][gc,phases      ] GC(96) Phase 1: Mark live objects 55.392ms
[2025-05-20T13:04:28.374+0000][240.902s][info][gc,phases,start] GC(96) Phase 2: Compute new object addresses
[2025-05-20T13:04:28.378+0000][240.906s][info][gc,phases      ] GC(96) Phase 2: Compute new object addresses 4.180ms
[2025-05-20T13:04:28.379+0000][240.907s][info][gc,phases,start] GC(96) Phase 3: Adjust pointers
[2025-05-20T13:04:28.397+0000][240.925s][info][gc,phases      ] GC(96) Phase 3: Adjust pointers 18.393ms
[2025-05-20T13:04:28.398+0000][240.926s][info][gc,phases,start] GC(96) Phase 4: Move objects
[2025-05-20T13:04:28.429+0000][240.957s][info][gc,phases      ] GC(96) Phase 4: Move objects 31.336ms
[2025-05-20T13:04:28.430+0000][240.958s][info][gc,heap        ] GC(96) DefNew: 365629K(384576K)->0K(384576K) Eden: 340023K(341888K)->0K(341888K) From: 25605K(42688K)->0K(42688K)
[2025-05-20T13:04:28.431+0000][240.959s][info][gc,heap        ] GC(96) Tenured: 609801K(854472K)->379399K(854472K)
[2025-05-20T13:04:28.431+0000][240.959s][info][gc,metaspace   ] GC(96) Metaspace: 38005K(38720K)->38005K(38720K) NonClass: 33279K(33664K)->33279K(33664K) Class: 4725K(5056K)->4725K(5056K)
[2025-05-20T13:04:28.432+0000][240.960s][info][gc             ] GC(96) Pause Full (Allocation Failure) 950M->370M(1210M) 114.503ms
[2025-05-20T13:04:28.432+0000][240.960s][info][gc,cpu         ] GC(96) User=0.06s Sys=0.01s Real=0.12s
[2025-05-20T13:04:28.528+0000][241.056s][info][gc,start       ] GC(97) Pause Young (Allocation Failure)
[2025-05-20T13:04:28.571+0000][241.099s][info][gc,heap        ] GC(97) DefNew: 341208K(384576K)->40966K(384576K) Eden: 341208K(341888K)->0K(341888K) From: 0K(42688K)->40966K(42688K)
[2025-05-20T13:04:28.572+0000][241.100s][info][gc,heap        ] GC(97) Tenured: 379399K(854472K)->533000K(854472K)
[2025-05-20T13:04:28.572+0000][241.101s][info][gc,metaspace   ] GC(97) Metaspace: 38028K(38720K)->38028K(38720K) NonClass: 33302K(33664K)->33302K(33664K) Class: 4725K(5056K)->4725K(5056K)
[2025-05-20T13:04:28.573+0000][241.101s][info][gc             ] GC(97) Pause Young (Allocation Failure) 703M->560M(1210M) 45.095ms
[2025-05-20T13:04:28.574+0000][241.102s][info][gc,cpu         ] GC(97) User=0.04s Sys=0.00s Real=0.05s
[2025-05-20T13:04:28.638+0000][241.166s][info][gc,start       ] GC(98) Pause Young (Allocation Failure)
[2025-05-20T13:04:28.645+0000][241.173s][info][gc,heap        ] GC(98) DefNew: 381694K(384576K)->5125K(384576K) Eden: 340727K(341888K)->0K(341888K) From: 40966K(42688K)->5125K(42688K)
[2025-05-20T13:04:28.647+0000][241.175s][info][gc,heap        ] GC(98) Tenured: 533000K(854472K)->543241K(854472K)
[2025-05-20T13:04:28.651+0000][241.179s][info][gc,metaspace   ] GC(98) Metaspace: 38035K(38784K)->38035K(38784K) NonClass: 33309K(33728K)->33309K(33728K) Class: 4725K(5056K)->4725K(5056K)
[2025-05-20T13:04:28.659+0000][241.187s][info][gc             ] GC(98) Pause Young (Allocation Failure) 893M->535M(1210M) 20.620ms
[2025-05-20T13:04:28.659+0000][241.187s][info][gc,cpu         ] GC(98) User=0.01s Sys=0.00s Real=0.02s
[2025-05-20T13:04:28.685+0000][241.213s][info][gc,start       ] GC(99) Pause Young (Allocation Failure)
[2025-05-20T13:04:28.716+0000][241.244s][info][gc,heap        ] GC(99) DefNew: 345322K(384576K)->40965K(384576K) Eden: 340197K(341888K)->0K(341888K) From: 5125K(42688K)->40965K(42688K)
[2025-05-20T13:04:28.717+0000][241.245s][info][gc,heap        ] GC(99) Tenured: 543241K(854472K)->845322K(854472K)
[2025-05-20T13:04:28.717+0000][241.245s][info][gc,metaspace   ] GC(99) Metaspace: 38035K(38784K)->38035K(38784K) NonClass: 33309K(33728K)->33309K(33728K) Class: 4725K(5056K)->4725K(5056K)
[2025-05-20T13:04:28.717+0000][241.245s][info][gc             ] GC(99) Pause Young (Allocation Failure) 867M->865M(1210M) 32.276ms
[2025-05-20T13:04:28.718+0000][241.246s][info][gc,cpu         ] GC(99) User=0.03s Sys=0.00s Real=0.03s
[2025-05-20T13:04:28.771+0000][241.299s][info][gc,start       ] GC(100) Pause Young (Allocation Failure)
[2025-05-20T13:04:28.795+0000][241.323s][info][gc             ] GC(100) Pause Young (Allocation Failure) 1198M->985M(1325M) 24.357ms
[2025-05-20T13:04:28.795+0000][241.324s][info][gc,cpu         ] GC(100) User=0.02s Sys=0.00s Real=0.02s
[2025-05-20T13:04:28.796+0000][241.324s][info][gc,start       ] GC(101) Pause Full (Allocation Failure)
[2025-05-20T13:04:28.797+0000][241.325s][info][gc,phases,start] GC(101) Phase 1: Mark live objects
[2025-05-20T13:04:28.812+0000][241.340s][info][gc,phases      ] GC(101) Phase 1: Mark live objects 15.782ms
[2025-05-20T13:04:28.813+0000][241.341s][info][gc,phases,start] GC(101) Phase 2: Compute new object addresses
[2025-05-20T13:04:28.817+0000][241.345s][info][gc,phases      ] GC(101) Phase 2: Compute new object addresses 4.179ms
[2025-05-20T13:04:28.818+0000][241.346s][info][gc,phases,start] GC(101) Phase 3: Adjust pointers
[2025-05-20T13:04:28.826+0000][241.354s][info][gc,phases      ] GC(101) Phase 3: Adjust pointers 8.202ms
[2025-05-20T13:04:28.827+0000][241.355s][info][gc,phases,start] GC(101) Phase 4: Move objects
[2025-05-20T13:04:28.841+0000][241.369s][info][gc,phases      ] GC(101) Phase 4: Move objects 13.880ms
[2025-05-20T13:04:28.842+0000][241.370s][info][gc,heap        ] GC(101) DefNew: 382191K(384576K)->0K(384576K) Eden: 341225K(341888K)->0K(341888K) From: 40965K(42688K)->0K(42688K)
[2025-05-20T13:04:28.843+0000][241.371s][info][gc,heap        ] GC(101) Tenured: 845322K(854472K)->179719K(854472K)
[2025-05-20T13:04:28.843+0000][241.371s][info][gc,metaspace   ] GC(101) Metaspace: 38041K(38784K)->38041K(38784K) NonClass: 33315K(33728K)->33315K(33728K) Class: 4725K(5056K)->4725K(5056K)
[2025-05-20T13:04:28.844+0000][241.372s][info][gc             ] GC(101) Pause Full (Allocation Failure) 985M->175M(1210M) 47.755ms
[2025-05-20T13:04:28.844+0000][241.372s][info][gc,cpu         ] GC(101) User=0.04s Sys=0.00s Real=0.05s
[2025-05-20T13:04:28.863+0000][241.391s][info][gc,start       ] GC(102) Pause Young (Allocation Failure)
[2025-05-20T13:04:28.891+0000][241.419s][info][gc,heap        ] GC(102) DefNew: 337007K(384576K)->40960K(384576K) Eden: 337007K(341888K)->0K(341888K) From: 0K(42688K)->40960K(42688K)
[2025-05-20T13:04:28.891+0000][241.419s][info][gc,heap        ] GC(102) Tenured: 179719K(854472K)->471560K(854472K)
[2025-05-20T13:04:28.892+0000][241.420s][info][gc,metaspace   ] GC(102) Metaspace: 38041K(38784K)->38041K(38784K) NonClass: 33315K(33728K)->33315K(33728K) Class: 4725K(5056K)->4725K(5056K)
[2025-05-20T13:04:28.892+0000][241.420s][info][gc             ] GC(102) Pause Young (Allocation Failure) 504M->500M(1210M) 28.771ms
[2025-05-20T13:04:28.892+0000][241.420s][info][gc,cpu         ] GC(102) User=0.03s Sys=0.00s Real=0.03s
[2025-05-20T13:04:28.959+0000][241.488s][info][gc,start       ] GC(103) Pause Young (Allocation Failure)
[2025-05-20T13:04:28.988+0000][241.516s][info][gc,heap        ] GC(103) DefNew: 382213K(384576K)->40965K(384576K) Eden: 341252K(341888K)->0K(341888K) From: 40960K(42688K)->40965K(42688K)
[2025-05-20T13:04:28.992+0000][241.520s][info][gc,heap        ] GC(103) Tenured: 471560K(854472K)->753161K(854472K)
[2025-05-20T13:04:28.992+0000][241.520s][info][gc,metaspace   ] GC(103) Metaspace: 38041K(38784K)->38041K(38784K) NonClass: 33315K(33728K)->33315K(33728K) Class: 4725K(5056K)->4725K(5056K)
[2025-05-20T13:04:28.993+0000][241.521s][info][gc             ] GC(103) Pause Young (Allocation Failure) 833M->775M(1210M) 33.175ms
[2025-05-20T13:04:28.995+0000][241.523s][info][gc,cpu         ] GC(103) User=0.03s Sys=0.00s Real=0.04s
[2025-05-20T13:04:29.052+0000][241.580s][info][gc,start       ] GC(104) Pause Young (Allocation Failure)
[2025-05-20T13:04:29.065+0000][241.594s][info][gc,heap        ] GC(104) DefNew: 377784K(384576K)->40965K(384576K) Eden: 336818K(341888K)->0K(341888K) From: 40965K(42688K)->40965K(42688K)
[2025-05-20T13:04:29.066+0000][241.594s][info][gc,heap        ] GC(104) Tenured: 753161K(854472K)->845322K(854472K)
[2025-05-20T13:04:29.067+0000][241.595s][info][gc,metaspace   ] GC(104) Metaspace: 38042K(38784K)->38042K(38784K) NonClass: 33316K(33728K)->33316K(33728K) Class: 4725K(5056K)->4725K(5056K)
[2025-05-20T13:04:29.069+0000][241.597s][info][gc             ] GC(104) Pause Young (Allocation Failure) 1104M->865M(1210M) 16.824ms
[2025-05-20T13:04:29.069+0000][241.597s][info][gc,cpu         ] GC(104) User=0.01s Sys=0.00s Real=0.01s
[2025-05-20T13:04:29.089+0000][241.617s][info][gc,start       ] GC(105) Pause Young (Allocation Failure)
[2025-05-20T13:04:29.207+0000][241.736s][info][gc             ] GC(105) Pause Young (Allocation Failure) 1194M->1190M(1530M) 118.878ms
[2025-05-20T13:04:29.208+0000][241.736s][info][gc,cpu         ] GC(105) User=0.03s Sys=0.05s Real=0.12s
[2025-05-20T13:04:29.208+0000][241.736s][info][gc,start       ] GC(106) Pause Full (Allocation Failure)
[2025-05-20T13:04:29.209+0000][241.737s][info][gc,phases,start] GC(106) Phase 1: Mark live objects
[2025-05-20T13:04:29.230+0000][241.758s][info][gc,phases      ] GC(106) Phase 1: Mark live objects 21.503ms
[2025-05-20T13:04:29.231+0000][241.759s][info][gc,phases,start] GC(106) Phase 2: Compute new object addresses
[2025-05-20T13:04:29.235+0000][241.764s][info][gc,phases      ] GC(106) Phase 2: Compute new object addresses 4.638ms
[2025-05-20T13:04:29.236+0000][241.764s][info][gc,phases,start] GC(106) Phase 3: Adjust pointers
[2025-05-20T13:04:29.246+0000][241.774s][info][gc,phases      ] GC(106) Phase 3: Adjust pointers 10.093ms
[2025-05-20T13:04:29.247+0000][241.775s][info][gc,phases,start] GC(106) Phase 4: Move objects
[2025-05-20T13:04:29.287+0000][241.815s][info][gc,phases      ] GC(106) Phase 4: Move objects 40.190ms
[2025-05-20T13:04:29.288+0000][241.816s][info][gc,heap        ] GC(106) DefNew: 377780K(384576K)->0K(384576K) Eden: 336814K(341888K)->0K(341888K) From: 40965K(42688K)->0K(42688K)
[2025-05-20T13:04:29.289+0000][241.817s][info][gc,heap        ] GC(106) Tenured: 845322K(854472K)->481800K(854472K)
[2025-05-20T13:04:29.289+0000][241.817s][info][gc,metaspace   ] GC(106) Metaspace: 38042K(38784K)->38042K(38784K) NonClass: 33316K(33728K)->33316K(33728K) Class: 4725K(5056K)->4725K(5056K)
[2025-05-20T13:04:29.290+0000][241.818s][info][gc             ] GC(106) Pause Full (Allocation Failure) 1190M->470M(1210M) 81.232ms
[2025-05-20T13:04:29.290+0000][241.818s][info][gc,cpu         ] GC(106) User=0.07s Sys=0.00s Real=0.08s
[2025-05-20T13:04:29.370+0000][241.898s][info][gc,start       ] GC(107) Pause Young (Allocation Failure)
[2025-05-20T13:04:29.399+0000][241.927s][info][gc,heap        ] GC(107) DefNew: 341125K(384576K)->40965K(384576K) Eden: 341125K(341888K)->0K(341888K) From: 0K(42688K)->40965K(42688K)
[2025-05-20T13:04:29.399+0000][241.927s][info][gc,heap        ] GC(107) Tenured: 481800K(854472K)->727561K(854472K)
[2025-05-20T13:04:29.401+0000][241.929s][info][gc,metaspace   ] GC(107) Metaspace: 38042K(38784K)->38042K(38784K) NonClass: 33316K(33728K)->33316K(33728K) Class: 4725K(5056K)->4725K(5056K)
[2025-05-20T13:04:29.403+0000][241.931s][info][gc             ] GC(107) Pause Young (Allocation Failure) 803M->750M(1210M) 32.826ms
[2025-05-20T13:04:29.403+0000][241.931s][info][gc,cpu         ] GC(107) User=0.02s Sys=0.00s Real=0.04s
[2025-05-20T13:04:29.470+0000][241.998s][info][gc,start       ] GC(108) Pause Young (Allocation Failure)
[2025-05-20T13:04:29.509+0000][242.038s][info][gc,heap        ] GC(108) DefNew: 382801K(384576K)->40965K(384576K) Eden: 341835K(341888K)->0K(341888K) From: 40965K(42688K)->40965K(42688K)
[2025-05-20T13:04:29.510+0000][242.038s][info][gc,heap        ] GC(108) Tenured: 727561K(854472K)->794122K(854472K)
[2025-05-20T13:04:29.510+0000][242.038s][info][gc,metaspace   ] GC(108) Metaspace: 38042K(38784K)->38042K(38784K) NonClass: 33316K(33728K)->33316K(33728K) Class: 4725K(5056K)->4725K(5056K)
[2025-05-20T13:04:29.510+0000][242.039s][info][gc             ] GC(108) Pause Young (Allocation Failure) 1084M->815M(1210M) 40.649ms
[2025-05-20T13:04:29.511+0000][242.039s][info][gc,cpu         ] GC(108) User=0.01s Sys=0.00s Real=0.05s
[2025-05-20T13:04:29.532+0000][242.060s][info][gc,start       ] GC(109) Pause Young (Allocation Failure)
[2025-05-20T13:04:29.583+0000][242.111s][info][gc             ] GC(109) Pause Young (Allocation Failure) 1149M->1145M(1485M) 51.416ms
[2025-05-20T13:04:29.584+0000][242.112s][info][gc,cpu         ] GC(109) User=0.03s Sys=0.02s Real=0.05s
[2025-05-20T13:04:29.584+0000][242.112s][info][gc,start       ] GC(110) Pause Full (Allocation Failure)
[2025-05-20T13:04:29.584+0000][242.112s][info][gc,phases,start] GC(110) Phase 1: Mark live objects
[2025-05-20T13:04:29.601+0000][242.129s][info][gc,phases      ] GC(110) Phase 1: Mark live objects 16.782ms
[2025-05-20T13:04:29.606+0000][242.134s][info][gc,phases,start] GC(110) Phase 2: Compute new object addresses
[2025-05-20T13:04:29.610+0000][242.138s][info][gc,phases      ] GC(110) Phase 2: Compute new object addresses 4.068ms
[2025-05-20T13:04:29.610+0000][242.138s][info][gc,phases,start] GC(110) Phase 3: Adjust pointers
[2025-05-20T13:04:29.620+0000][242.148s][info][gc,phases      ] GC(110) Phase 3: Adjust pointers 9.682ms
[2025-05-20T13:04:29.623+0000][242.151s][info][gc,phases,start] GC(110) Phase 4: Move objects
[2025-05-20T13:04:29.662+0000][242.190s][info][gc,phases      ] GC(110) Phase 4: Move objects 39.123ms
[2025-05-20T13:04:29.664+0000][242.192s][info][gc,heap        ] GC(110) DefNew: 382818K(384576K)->0K(384576K) Eden: 341853K(341888K)->0K(341888K) From: 40965K(42688K)->0K(42688K)
[2025-05-20T13:04:29.665+0000][242.193s][info][gc,heap        ] GC(110) Tenured: 794122K(854472K)->461320K(854472K)
[2025-05-20T13:04:29.672+0000][242.200s][info][gc,metaspace   ] GC(110) Metaspace: 38042K(38784K)->38042K(38784K) NonClass: 33316K(33728K)->33316K(33728K) Class: 4725K(5056K)->4725K(5056K)
[2025-05-20T13:04:29.672+0000][242.200s][info][gc             ] GC(110) Pause Full (Allocation Failure) 1145M->450M(1210M) 87.963ms
[2025-05-20T13:04:29.672+0000][242.201s][info][gc,cpu         ] GC(110) User=0.07s Sys=0.00s Real=0.09s
[2025-05-20T13:04:29.746+0000][242.274s][info][gc,start       ] GC(111) Pause Young (Allocation Failure)
[2025-05-20T13:04:29.772+0000][242.300s][info][gc,heap        ] GC(111) DefNew: 341189K(384576K)->40965K(384576K) Eden: 341189K(341888K)->0K(341888K) From: 0K(42688K)->40965K(42688K)
[2025-05-20T13:04:29.773+0000][242.301s][info][gc,heap        ] GC(111) Tenured: 461320K(854472K)->686601K(854472K)
[2025-05-20T13:04:29.774+0000][242.302s][info][gc,metaspace   ] GC(111) Metaspace: 38042K(38784K)->38042K(38784K) NonClass: 33316K(33728K)->33316K(33728K) Class: 4725K(5056K)->4725K(5056K)
[2025-05-20T13:04:29.782+0000][242.310s][info][gc             ] GC(111) Pause Young (Allocation Failure) 783M->710M(1210M) 35.993ms
[2025-05-20T13:04:29.783+0000][242.311s][info][gc,cpu         ] GC(111) User=0.03s Sys=0.00s Real=0.04s
[2025-05-20T13:04:29.849+0000][242.377s][info][gc,start       ] GC(112) Pause Young (Allocation Failure)
[2025-05-20T13:04:29.860+0000][242.388s][info][gc,heap        ] GC(112) DefNew: 377908K(384576K)->40965K(384576K) Eden: 336942K(341888K)->0K(341888K) From: 40965K(42688K)->40965K(42688K)
[2025-05-20T13:04:29.866+0000][242.395s][info][gc,heap        ] GC(112) Tenured: 686601K(854472K)->727561K(854472K)
[2025-05-20T13:04:29.867+0000][242.395s][info][gc,metaspace   ] GC(112) Metaspace: 38046K(38784K)->38046K(38784K) NonClass: 33320K(33728K)->33320K(33728K) Class: 4725K(5056K)->4725K(5056K)
[2025-05-20T13:04:29.868+0000][242.397s][info][gc             ] GC(112) Pause Young (Allocation Failure) 1039M->750M(1210M) 19.544ms
[2025-05-20T13:04:29.871+0000][242.399s][info][gc,cpu         ] GC(112) User=0.01s Sys=0.00s Real=0.03s
[2025-05-20T13:04:29.898+0000][242.426s][info][gc,start       ] GC(113) Pause Young (Allocation Failure)
[2025-05-20T13:04:29.960+0000][242.488s][info][gc             ] GC(113) Pause Young (Allocation Failure) 1084M->1080M(1420M) 61.918ms
[2025-05-20T13:04:29.961+0000][242.489s][info][gc,cpu         ] GC(113) User=0.02s Sys=0.03s Real=0.07s
[2025-05-20T13:04:29.961+0000][242.489s][info][gc,start       ] GC(114) Pause Full (Allocation Failure)
[2025-05-20T13:04:29.961+0000][242.490s][info][gc,phases,start] GC(114) Phase 1: Mark live objects
[2025-05-20T13:04:29.979+0000][242.507s][info][gc,phases      ] GC(114) Phase 1: Mark live objects 17.542ms
[2025-05-20T13:04:29.980+0000][242.508s][info][gc,phases,start] GC(114) Phase 2: Compute new object addresses
[2025-05-20T13:04:29.984+0000][242.512s][info][gc,phases      ] GC(114) Phase 2: Compute new object addresses 4.176ms
[2025-05-20T13:04:29.984+0000][242.512s][info][gc,phases,start] GC(114) Phase 3: Adjust pointers
[2025-05-20T13:04:29.994+0000][242.522s][info][gc,phases      ] GC(114) Phase 3: Adjust pointers 9.926ms
[2025-05-20T13:04:29.995+0000][242.523s][info][gc,phases,start] GC(114) Phase 4: Move objects
[2025-05-20T13:04:30.031+0000][242.559s][info][gc,phases      ] GC(114) Phase 4: Move objects 36.158ms
[2025-05-20T13:04:30.032+0000][242.560s][info][gc,heap        ] GC(114) DefNew: 382837K(384576K)->0K(384576K) Eden: 341871K(341888K)->0K(341888K) From: 40965K(42688K)->0K(42688K)
[2025-05-20T13:04:30.033+0000][242.561s][info][gc,heap        ] GC(114) Tenured: 727561K(854472K)->435720K(854472K)
[2025-05-20T13:04:30.033+0000][242.561s][info][gc,metaspace   ] GC(114) Metaspace: 38046K(38784K)->38046K(38784K) NonClass: 33320K(33728K)->33320K(33728K) Class: 4725K(5056K)->4725K(5056K)
[2025-05-20T13:04:30.034+0000][242.562s][info][gc             ] GC(114) Pause Full (Allocation Failure) 1080M->425M(1210M) 72.457ms
[2025-05-20T13:04:30.034+0000][242.562s][info][gc,cpu         ] GC(114) User=0.07s Sys=0.00s Real=0.07s
[2025-05-20T13:04:30.068+0000][242.596s][info][gc,start       ] GC(115) Pause Young (Allocation Failure)
[2025-05-20T13:04:30.094+0000][242.622s][info][gc,heap        ] GC(115) DefNew: 341235K(384576K)->40967K(384576K) Eden: 341235K(341888K)->0K(341888K) From: 0K(42688K)->40967K(42688K)
[2025-05-20T13:04:30.096+0000][242.624s][info][gc,heap        ] GC(115) Tenured: 435720K(854472K)->630280K(854472K)
[2025-05-20T13:04:30.097+0000][242.625s][info][gc,metaspace   ] GC(115) Metaspace: 38047K(38784K)->38047K(38784K) NonClass: 33321K(33728K)->33321K(33728K) Class: 4725K(5056K)->4725K(5056K)
[2025-05-20T13:04:30.097+0000][242.626s][info][gc             ] GC(115) Pause Young (Allocation Failure) 758M->655M(1210M) 29.596ms
[2025-05-20T13:04:30.098+0000][242.626s][info][gc,cpu         ] GC(115) User=0.02s Sys=0.00s Real=0.03s
[2025-05-20T13:04:30.185+0000][242.713s][info][gc,start       ] GC(116) Pause Young (Allocation Failure)
[2025-05-20T13:04:30.191+0000][242.719s][info][gc,heap        ] GC(116) DefNew: 382406K(384576K)->40965K(384576K) Eden: 341438K(341888K)->0K(341888K) From: 40967K(42688K)->40965K(42688K)
[2025-05-20T13:04:30.193+0000][242.721s][info][gc,heap        ] GC(116) Tenured: 630280K(854472K)->645642K(854472K)
[2025-05-20T13:04:30.194+0000][242.722s][info][gc,metaspace   ] GC(116) Metaspace: 38048K(38784K)->38048K(38784K) NonClass: 33322K(33728K)->33322K(33728K) Class: 4725K(5056K)->4725K(5056K)
[2025-05-20T13:04:30.195+0000][242.723s][info][gc             ] GC(116) Pause Young (Allocation Failure) 988M->670M(1210M) 10.075ms
[2025-05-20T13:04:30.196+0000][242.724s][info][gc,cpu         ] GC(116) User=0.01s Sys=0.00s Real=0.01s
[2025-05-20T13:04:30.215+0000][242.743s][info][gc,start       ] GC(117) Pause Young (Allocation Failure)
[2025-05-20T13:04:30.261+0000][242.789s][info][gc             ] GC(117) Pause Young (Allocation Failure) 1003M->1000M(1340M) 46.284ms
[2025-05-20T13:04:30.262+0000][242.790s][info][gc,cpu         ] GC(117) User=0.04s Sys=0.01s Real=0.05s
[2025-05-20T13:04:30.262+0000][242.791s][info][gc,start       ] GC(118) Pause Full (Allocation Failure)
[2025-05-20T13:04:30.263+0000][242.791s][info][gc,phases,start] GC(118) Phase 1: Mark live objects
[2025-05-20T13:04:30.279+0000][242.807s][info][gc,phases      ] GC(118) Phase 1: Mark live objects 15.910ms
[2025-05-20T13:04:30.279+0000][242.807s][info][gc,phases,start] GC(118) Phase 2: Compute new object addresses
[2025-05-20T13:04:30.283+0000][242.811s][info][gc,phases      ] GC(118) Phase 2: Compute new object addresses 3.631ms
[2025-05-20T13:04:30.283+0000][242.811s][info][gc,phases,start] GC(118) Phase 3: Adjust pointers
[2025-05-20T13:04:30.291+0000][242.819s][info][gc,phases      ] GC(118) Phase 3: Adjust pointers 8.106ms
[2025-05-20T13:04:30.292+0000][242.820s][info][gc,phases,start] GC(118) Phase 4: Move objects
[2025-05-20T13:04:30.326+0000][242.854s][info][gc,phases      ] GC(118) Phase 4: Move objects 34.535ms
[2025-05-20T13:04:30.328+0000][242.856s][info][gc,heap        ] GC(118) DefNew: 381694K(384576K)->0K(384576K) Eden: 340728K(341888K)->0K(341888K) From: 40965K(42688K)->0K(42688K)
[2025-05-20T13:04:30.328+0000][242.856s][info][gc,heap        ] GC(118) Tenured: 645642K(854472K)->451081K(854472K)
[2025-05-20T13:04:30.329+0000][242.857s][info][gc,metaspace   ] GC(118) Metaspace: 38048K(38784K)->38048K(38784K) NonClass: 33322K(33728K)->33322K(33728K) Class: 4725K(5056K)->4725K(5056K)
[2025-05-20T13:04:30.329+0000][242.857s][info][gc             ] GC(118) Pause Full (Allocation Failure) 1000M->440M(1210M) 66.445ms
[2025-05-20T13:04:30.329+0000][242.857s][info][gc,cpu         ] GC(118) User=0.06s Sys=0.00s Real=0.06s
[2025-05-20T13:04:30.376+0000][242.904s][info][gc,start       ] GC(119) Pause Young (Allocation Failure)
[2025-05-20T13:04:30.415+0000][242.943s][info][gc,heap        ] GC(119) DefNew: 340381K(384576K)->40965K(384576K) Eden: 340381K(341888K)->0K(341888K) From: 0K(42688K)->40965K(42688K)
[2025-05-20T13:04:30.422+0000][242.950s][info][gc,heap        ] GC(119) Tenured: 451081K(854472K)->625162K(854472K)
[2025-05-20T13:04:30.427+0000][242.955s][info][gc,metaspace   ] GC(119) Metaspace: 38052K(38784K)->38052K(38784K) NonClass: 33326K(33728K)->33326K(33728K) Class: 4725K(5056K)->4725K(5056K)
[2025-05-20T13:04:30.428+0000][242.956s][info][gc             ] GC(119) Pause Young (Allocation Failure) 772M->650M(1210M) 51.777ms
[2025-05-20T13:04:30.428+0000][242.957s][info][gc,cpu         ] GC(119) User=0.03s Sys=0.00s Real=0.05s
[2025-05-20T13:04:30.514+0000][243.042s][info][gc,start       ] GC(120) Pause Young (Allocation Failure)
[2025-05-20T13:04:30.526+0000][243.054s][info][gc,heap        ] GC(120) DefNew: 381735K(384576K)->35845K(384576K) Eden: 340769K(341888K)->0K(341888K) From: 40965K(42688K)->35845K(42688K)
[2025-05-20T13:04:30.530+0000][243.058s][info][gc,heap        ] GC(120) Tenured: 625162K(854472K)->625162K(854472K)
[2025-05-20T13:04:30.533+0000][243.061s][info][gc,metaspace   ] GC(120) Metaspace: 38052K(38784K)->38052K(38784K) NonClass: 33326K(33728K)->33326K(33728K) Class: 4725K(5056K)->4725K(5056K)
[2025-05-20T13:04:30.536+0000][243.064s][info][gc             ] GC(120) Pause Young (Allocation Failure) 983M->645M(1210M) 22.559ms
[2025-05-20T13:04:30.537+0000][243.065s][info][gc,cpu         ] GC(120) User=0.01s Sys=0.00s Real=0.02s
[2025-05-20T13:04:30.561+0000][243.089s][info][gc,start       ] GC(121) Pause Young (Allocation Failure)
[2025-05-20T13:04:30.598+0000][243.127s][info][gc             ] GC(121) Pause Young (Allocation Failure) 978M->975M(1315M) 37.213ms
[2025-05-20T13:04:30.599+0000][243.127s][info][gc,cpu         ] GC(121) User=0.04s Sys=0.00s Real=0.03s
[2025-05-20T13:04:30.600+0000][243.128s][info][gc,start       ] GC(122) Pause Full (Allocation Failure)
[2025-05-20T13:04:30.602+0000][243.131s][info][gc,phases,start] GC(122) Phase 1: Mark live objects
[2025-05-20T13:04:30.619+0000][243.147s][info][gc,phases      ] GC(122) Phase 1: Mark live objects 16.586ms
[2025-05-20T13:04:30.620+0000][243.148s][info][gc,phases,start] GC(122) Phase 2: Compute new object addresses
[2025-05-20T13:04:30.624+0000][243.152s][info][gc,phases      ] GC(122) Phase 2: Compute new object addresses 3.935ms
[2025-05-20T13:04:30.625+0000][243.153s][info][gc,phases,start] GC(122) Phase 3: Adjust pointers
[2025-05-20T13:04:30.633+0000][243.161s][info][gc,phases      ] GC(122) Phase 3: Adjust pointers 8.347ms
[2025-05-20T13:04:30.633+0000][243.162s][info][gc,phases,start] GC(122) Phase 4: Move objects
[2025-05-20T13:04:30.665+0000][243.194s][info][gc,phases      ] GC(122) Phase 4: Move objects 31.944ms
[2025-05-20T13:04:30.667+0000][243.195s][info][gc,heap        ] GC(122) DefNew: 376806K(384576K)->0K(384576K) Eden: 340961K(341888K)->0K(341888K) From: 35845K(42688K)->0K(42688K)
[2025-05-20T13:04:30.667+0000][243.195s][info][gc,heap        ] GC(122) Tenured: 625162K(854472K)->430601K(854472K)
[2025-05-20T13:04:30.668+0000][243.196s][info][gc,metaspace   ] GC(122) Metaspace: 38052K(38784K)->38052K(38784K) NonClass: 33326K(33728K)->33326K(33728K) Class: 4725K(5056K)->4725K(5056K)
[2025-05-20T13:04:30.669+0000][243.197s][info][gc             ] GC(122) Pause Full (Allocation Failure) 975M->420M(1210M) 68.373ms
[2025-05-20T13:04:30.669+0000][243.197s][info][gc,cpu         ] GC(122) User=0.06s Sys=0.00s Real=0.07s
[2025-05-20T13:11:48.702+0000][681.255s][info][gc,start       ] GC(123) Pause Young (Allocation Failure)
[2025-05-20T13:11:48.722+0000][681.275s][info][gc,heap        ] GC(123) DefNew: 340904K(384576K)->40981K(384576K) Eden: 340904K(341888K)->0K(341888K) From: 0K(42688K)->40981K(42688K)
[2025-05-20T13:11:48.722+0000][681.276s][info][gc,heap        ] GC(123) Tenured: 430601K(854472K)->533002K(854472K)
[2025-05-20T13:11:48.722+0000][681.276s][info][gc,metaspace   ] GC(123) Metaspace: 38455K(39104K)->38455K(39104K) NonClass: 33724K(34048K)->33724K(34048K) Class: 4730K(5056K)->4730K(5056K)
[2025-05-20T13:11:48.723+0000][681.276s][info][gc             ] GC(123) Pause Young (Allocation Failure) 753M->560M(1210M) 20.669ms
[2025-05-20T13:11:48.723+0000][681.276s][info][gc,cpu         ] GC(123) User=0.02s Sys=0.00s Real=0.02s
[2025-05-20T13:11:48.752+0000][681.306s][info][gc,start       ] GC(124) Pause Young (Allocation Failure)
[2025-05-20T13:11:48.825+0000][681.378s][info][gc             ] GC(124) Pause Young (Allocation Failure) 889M->885M(1225M) 72.287ms
[2025-05-20T13:11:48.825+0000][681.379s][info][gc,cpu         ] GC(124) User=0.08s Sys=0.00s Real=0.08s
[2025-05-20T13:11:48.825+0000][681.379s][info][gc,start       ] GC(125) Pause Full (Allocation Failure)
[2025-05-20T13:11:48.825+0000][681.379s][info][gc,phases,start] GC(125) Phase 1: Mark live objects
[2025-05-20T13:11:48.844+0000][681.398s][info][gc,phases      ] GC(125) Phase 1: Mark live objects 18.790ms
[2025-05-20T13:11:48.845+0000][681.398s][info][gc,phases,start] GC(125) Phase 2: Compute new object addresses
[2025-05-20T13:11:48.849+0000][681.402s][info][gc,phases      ] GC(125) Phase 2: Compute new object addresses 4.013ms
[2025-05-20T13:11:48.849+0000][681.403s][info][gc,phases,start] GC(125) Phase 3: Adjust pointers
[2025-05-20T13:11:48.859+0000][681.412s][info][gc,phases      ] GC(125) Phase 3: Adjust pointers 9.464ms
[2025-05-20T13:11:48.859+0000][681.413s][info][gc,phases,start] GC(125) Phase 4: Move objects
[2025-05-20T13:11:48.918+0000][681.471s][info][gc,phases      ] GC(125) Phase 4: Move objects 58.649ms
[2025-05-20T13:11:48.919+0000][681.472s][info][gc,heap        ] GC(125) DefNew: 377978K(384576K)->0K(399808K) Eden: 336997K(341888K)->0K(355392K) From: 40981K(42688K)->0K(44416K)
[2025-05-20T13:11:48.919+0000][681.473s][info][gc,heap        ] GC(125) Tenured: 533002K(854472K)->533020K(888368K)
[2025-05-20T13:11:48.919+0000][681.473s][info][gc,metaspace   ] GC(125) Metaspace: 38455K(39104K)->38455K(39104K) NonClass: 33724K(34048K)->33724K(34048K) Class: 4730K(5056K)->4730K(5056K)
[2025-05-20T13:11:48.920+0000][681.473s][info][gc             ] GC(125) Pause Full (Allocation Failure) 885M->520M(1257M) 94.399ms
[2025-05-20T13:11:48.920+0000][681.473s][info][gc,cpu         ] GC(125) User=0.09s Sys=0.00s Real=0.09s
[2025-05-20T13:11:48.992+0000][681.546s][info][gc,start       ] GC(126) Pause Young (Allocation Failure)
[2025-05-20T13:11:49.021+0000][681.575s][info][gc,heap        ] GC(126) DefNew: 350600K(399808K)->40966K(399808K) Eden: 350600K(355392K)->0K(355392K) From: 0K(44416K)->40966K(44416K)
[2025-05-20T13:11:49.022+0000][681.576s][info][gc,heap        ] GC(126) Tenured: 533020K(888368K)->799260K(888368K)
[2025-05-20T13:11:49.022+0000][681.576s][info][gc,metaspace   ] GC(126) Metaspace: 38458K(39168K)->38458K(39168K) NonClass: 33727K(34112K)->33727K(34112K) Class: 4730K(5056K)->4730K(5056K)
[2025-05-20T13:11:49.023+0000][681.576s][info][gc             ] GC(126) Pause Young (Allocation Failure) 862M->820M(1257M) 30.228ms
[2025-05-20T13:11:49.023+0000][681.576s][info][gc,cpu         ] GC(126) User=0.03s Sys=0.00s Real=0.03s
[2025-05-20T13:11:49.123+0000][681.676s][info][gc,start       ] GC(127) Pause Young (Allocation Failure)
[2025-05-20T13:11:49.140+0000][681.694s][info][gc             ] GC(127) Pause Young (Allocation Failure) 1167M->920M(1272M) 17.714ms
[2025-05-20T13:11:49.141+0000][681.694s][info][gc,cpu         ] GC(127) User=0.01s Sys=0.01s Real=0.02s
[2025-05-20T13:11:49.141+0000][681.695s][info][gc,start       ] GC(128) Pause Full (Allocation Failure)
[2025-05-20T13:11:49.142+0000][681.695s][info][gc,phases,start] GC(128) Phase 1: Mark live objects
[2025-05-20T13:11:49.160+0000][681.713s][info][gc,phases      ] GC(128) Phase 1: Mark live objects 18.028ms
[2025-05-20T13:11:49.160+0000][681.714s][info][gc,phases,start] GC(128) Phase 2: Compute new object addresses
[2025-05-20T13:11:49.164+0000][681.717s][info][gc,phases      ] GC(128) Phase 2: Compute new object addresses 3.773ms
[2025-05-20T13:11:49.164+0000][681.718s][info][gc,phases,start] GC(128) Phase 3: Adjust pointers
[2025-05-20T13:11:49.172+0000][681.725s][info][gc,phases      ] GC(128) Phase 3: Adjust pointers 7.745ms
[2025-05-20T13:11:49.173+0000][681.726s][info][gc,phases,start] GC(128) Phase 4: Move objects
[2025-05-20T13:11:49.188+0000][681.741s][info][gc,phases      ] GC(128) Phase 4: Move objects 14.996ms
[2025-05-20T13:11:49.189+0000][681.742s][info][gc,heap        ] GC(128) DefNew: 395777K(399808K)->0K(399808K) Eden: 354810K(355392K)->0K(355392K) From: 40966K(44416K)->0K(44416K)
[2025-05-20T13:11:49.189+0000][681.743s][info][gc,heap        ] GC(128) Tenured: 799260K(888368K)->159247K(888368K)
[2025-05-20T13:11:49.190+0000][681.743s][info][gc,metaspace   ] GC(128) Metaspace: 38458K(39168K)->38458K(39168K) NonClass: 33727K(34112K)->33727K(34112K) Class: 4730K(5056K)->4730K(5056K)
[2025-05-20T13:11:49.191+0000][681.744s][info][gc             ] GC(128) Pause Full (Allocation Failure) 920M->155M(1257M) 49.300ms
[2025-05-20T13:11:49.191+0000][681.745s][info][gc,cpu         ] GC(128) User=0.05s Sys=0.00s Real=0.05s
[2025-05-20T13:11:49.211+0000][681.764s][info][gc,start       ] GC(129) Pause Young (Allocation Failure)
[2025-05-20T13:11:49.239+0000][681.793s][info][gc,heap        ] GC(129) DefNew: 351114K(399808K)->40960K(399808K) Eden: 351114K(355392K)->0K(355392K) From: 0K(44416K)->40960K(44416K)
[2025-05-20T13:11:49.240+0000][681.793s][info][gc,heap        ] GC(129) Tenured: 159247K(888368K)->466448K(888368K)
[2025-05-20T13:11:49.240+0000][681.793s][info][gc,metaspace   ] GC(129) Metaspace: 38459K(39168K)->38459K(39168K) NonClass: 33728K(34112K)->33728K(34112K) Class: 4730K(5056K)->4730K(5056K)
[2025-05-20T13:11:49.240+0000][681.794s][info][gc             ] GC(129) Pause Young (Allocation Failure) 498M->495M(1257M) 29.370ms
[2025-05-20T13:11:49.240+0000][681.794s][info][gc,cpu         ] GC(129) User=0.03s Sys=0.00s Real=0.03s
[2025-05-20T13:11:49.333+0000][681.887s][info][gc,start       ] GC(130) Pause Young (Allocation Failure)
[2025-05-20T13:11:49.362+0000][681.916s][info][gc,heap        ] GC(130) DefNew: 392230K(399808K)->40966K(399808K) Eden: 351270K(355392K)->0K(355392K) From: 40960K(44416K)->40966K(44416K)
[2025-05-20T13:11:49.363+0000][681.917s][info][gc,heap        ] GC(130) Tenured: 466448K(888368K)->773649K(888368K)
[2025-05-20T13:11:49.364+0000][681.917s][info][gc,metaspace   ] GC(130) Metaspace: 38464K(39232K)->38464K(39232K) NonClass: 33733K(34176K)->33733K(34176K) Class: 4731K(5056K)->4731K(5056K)
[2025-05-20T13:11:49.364+0000][681.918s][info][gc             ] GC(130) Pause Young (Allocation Failure) 838M->795M(1257M) 31.331ms
[2025-05-20T13:11:49.365+0000][681.918s][info][gc,cpu         ] GC(130) User=0.03s Sys=0.00s Real=0.04s
[2025-05-20T13:11:49.465+0000][682.019s][info][gc,start       ] GC(131) Pause Young (Allocation Failure)
[2025-05-20T13:11:49.480+0000][682.034s][info][gc             ] GC(131) Pause Young (Allocation Failure) 1142M->910M(1262M) 15.032ms
[2025-05-20T13:11:49.481+0000][682.034s][info][gc,cpu         ] GC(131) User=0.01s Sys=0.00s Real=0.01s
[2025-05-20T13:11:49.481+0000][682.035s][info][gc,start       ] GC(132) Pause Full (Allocation Failure)
[2025-05-20T13:11:49.482+0000][682.035s][info][gc,phases,start] GC(132) Phase 1: Mark live objects
[2025-05-20T13:11:49.498+0000][682.051s][info][gc,phases      ] GC(132) Phase 1: Mark live objects 15.978ms
[2025-05-20T13:11:49.499+0000][682.052s][info][gc,phases,start] GC(132) Phase 2: Compute new object addresses
[2025-05-20T13:11:49.503+0000][682.057s][info][gc,phases      ] GC(132) Phase 2: Compute new object addresses 4.545ms
[2025-05-20T13:11:49.504+0000][682.057s][info][gc,phases,start] GC(132) Phase 3: Adjust pointers
[2025-05-20T13:11:49.511+0000][682.065s][info][gc,phases      ] GC(132) Phase 3: Adjust pointers 7.488ms
[2025-05-20T13:11:49.511+0000][682.065s][info][gc,phases,start] GC(132) Phase 4: Move objects
[2025-05-20T13:11:49.524+0000][682.078s][info][gc,phases      ] GC(132) Phase 4: Move objects 13.002ms
[2025-05-20T13:11:49.525+0000][682.079s][info][gc,heap        ] GC(132) DefNew: 396001K(399808K)->0K(388160K) Eden: 355035K(355392K)->0K(345088K) From: 40966K(44416K)->0K(43072K)
[2025-05-20T13:11:49.526+0000][682.079s][info][gc,heap        ] GC(132) Tenured: 773649K(888368K)->174607K(862348K)
[2025-05-20T13:11:49.526+0000][682.079s][info][gc,metaspace   ] GC(132) Metaspace: 38464K(39232K)->38464K(39232K) NonClass: 33733K(34176K)->33733K(34176K) Class: 4731K(5056K)->4731K(5056K)
[2025-05-20T13:11:49.526+0000][682.080s][info][gc             ] GC(132) Pause Full (Allocation Failure) 910M->170M(1221M) 44.961ms
[2025-05-20T13:11:49.526+0000][682.080s][info][gc,cpu         ] GC(132) User=0.04s Sys=0.00s Real=0.05s
[2025-05-20T13:11:49.552+0000][682.105s][info][gc,start       ] GC(133) Pause Young (Allocation Failure)
[2025-05-20T13:11:49.589+0000][682.142s][info][gc,heap        ] GC(133) DefNew: 340941K(388160K)->40960K(388160K) Eden: 340941K(345088K)->0K(345088K) From: 0K(43072K)->40960K(43072K)
[2025-05-20T13:11:49.589+0000][682.143s][info][gc,heap        ] GC(133) Tenured: 174607K(862348K)->471568K(862348K)
[2025-05-20T13:11:49.590+0000][682.143s][info][gc,metaspace   ] GC(133) Metaspace: 38464K(39232K)->38464K(39232K) NonClass: 33733K(34176K)->33733K(34176K) Class: 4731K(5056K)->4731K(5056K)
[2025-05-20T13:11:49.590+0000][682.144s][info][gc             ] GC(133) Pause Young (Allocation Failure) 503M->500M(1221M) 38.435ms
[2025-05-20T13:11:49.590+0000][682.144s][info][gc,cpu         ] GC(133) User=0.03s Sys=0.00s Real=0.04s
[2025-05-20T13:11:49.691+0000][682.245s][info][gc,start       ] GC(134) Pause Young (Allocation Failure)
[2025-05-20T13:11:49.719+0000][682.272s][info][gc,heap        ] GC(134) DefNew: 385364K(388160K)->40965K(388160K) Eden: 344403K(345088K)->0K(345088K) From: 40960K(43072K)->40965K(43072K)
[2025-05-20T13:11:49.719+0000][682.273s][info][gc,heap        ] GC(134) Tenured: 471568K(862348K)->763410K(862348K)
[2025-05-20T13:11:49.719+0000][682.273s][info][gc,metaspace   ] GC(134) Metaspace: 38484K(39232K)->38484K(39232K) NonClass: 33752K(34176K)->33752K(34176K) Class: 4731K(5056K)->4731K(5056K)
[2025-05-20T13:11:49.720+0000][682.273s][info][gc             ] GC(134) Pause Young (Allocation Failure) 836M->785M(1221M) 28.546ms
[2025-05-20T13:11:49.720+0000][682.273s][info][gc,cpu         ] GC(134) User=0.03s Sys=0.00s Real=0.03s
[2025-05-20T13:11:49.814+0000][682.367s][info][gc,start       ] GC(135) Pause Young (Allocation Failure)
[2025-05-20T13:11:49.828+0000][682.382s][info][gc             ] GC(135) Pause Young (Allocation Failure) 1121M->890M(1231M) 14.859ms
[2025-05-20T13:11:49.829+0000][682.383s][info][gc,cpu         ] GC(135) User=0.01s Sys=0.00s Real=0.02s
[2025-05-20T13:11:49.829+0000][682.383s][info][gc,start       ] GC(136) Pause Full (Allocation Failure)
[2025-05-20T13:11:49.830+0000][682.383s][info][gc,phases,start] GC(136) Phase 1: Mark live objects
[2025-05-20T13:11:49.847+0000][682.401s][info][gc,phases      ] GC(136) Phase 1: Mark live objects 17.588ms
[2025-05-20T13:11:49.848+0000][682.401s][info][gc,phases,start] GC(136) Phase 2: Compute new object addresses
[2025-05-20T13:11:49.852+0000][682.406s][info][gc,phases      ] GC(136) Phase 2: Compute new object addresses 4.475ms
[2025-05-20T13:11:49.853+0000][682.406s][info][gc,phases,start] GC(136) Phase 3: Adjust pointers
[2025-05-20T13:11:49.860+0000][682.414s][info][gc,phases      ] GC(136) Phase 3: Adjust pointers 7.429ms
[2025-05-20T13:11:49.860+0000][682.414s][info][gc,phases,start] GC(136) Phase 4: Move objects
[2025-05-20T13:11:49.872+0000][682.426s][info][gc,phases      ] GC(136) Phase 4: Move objects 12.056ms
[2025-05-20T13:11:49.874+0000][682.427s][info][gc,heap        ] GC(136) DefNew: 385101K(388160K)->0K(334272K) Eden: 344135K(345088K)->0K(297152K) From: 40965K(43072K)->0K(37120K)
[2025-05-20T13:11:49.874+0000][682.428s][info][gc,heap        ] GC(136) Tenured: 763410K(862348K)->164368K(742716K)
[2025-05-20T13:11:49.874+0000][682.428s][info][gc,metaspace   ] GC(136) Metaspace: 38533K(39232K)->38533K(39232K) NonClass: 33801K(34176K)->33801K(34176K) Class: 4731K(5056K)->4731K(5056K)
[2025-05-20T13:11:49.875+0000][682.428s][info][gc             ] GC(136) Pause Full (Allocation Failure) 890M->160M(1051M) 45.389ms
[2025-05-20T13:11:49.875+0000][682.428s][info][gc,cpu         ] GC(136) User=0.05s Sys=0.00s Real=0.05s
[2025-05-20T13:11:49.893+0000][682.446s][info][gc,start       ] GC(137) Pause Young (Allocation Failure)
[2025-05-20T13:11:49.917+0000][682.471s][info][gc,heap        ] GC(137) DefNew: 294208K(334272K)->35840K(334272K) Eden: 294208K(297152K)->0K(297152K) From: 0K(37120K)->35840K(37120K)
[2025-05-20T13:11:49.918+0000][682.471s][info][gc,heap        ] GC(137) Tenured: 164368K(742716K)->420369K(742716K)
[2025-05-20T13:11:49.918+0000][682.471s][info][gc,metaspace   ] GC(137) Metaspace: 38533K(39232K)->38533K(39232K) NonClass: 33801K(34176K)->33801K(34176K) Class: 4731K(5056K)->4731K(5056K)
[2025-05-20T13:11:49.918+0000][682.471s][info][gc             ] GC(137) Pause Young (Allocation Failure) 447M->445M(1051M) 25.207ms
[2025-05-20T13:11:49.918+0000][682.472s][info][gc,cpu         ] GC(137) User=0.03s Sys=0.00s Real=0.03s
[2025-05-20T13:11:50.011+0000][682.564s][info][gc,start       ] GC(138) Pause Young (Allocation Failure)
[2025-05-20T13:11:50.030+0000][682.584s][info][gc,heap        ] GC(138) DefNew: 331020K(334272K)->35846K(334272K) Eden: 295180K(297152K)->0K(297152K) From: 35840K(37120K)->35846K(37120K)
[2025-05-20T13:11:50.031+0000][682.584s][info][gc,heap        ] GC(138) Tenured: 420369K(742716K)->620050K(742716K)
[2025-05-20T13:11:50.031+0000][682.585s][info][gc,metaspace   ] GC(138) Metaspace: 38533K(39232K)->38533K(39232K) NonClass: 33802K(34176K)->33802K(34176K) Class: 4731K(5056K)->4731K(5056K)
[2025-05-20T13:11:50.032+0000][682.585s][info][gc             ] GC(138) Pause Young (Allocation Failure) 733M->640M(1051M) 21.252ms
[2025-05-20T13:11:50.032+0000][682.586s][info][gc,cpu         ] GC(138) User=0.02s Sys=0.00s Real=0.02s
[2025-05-20T13:11:50.048+0000][682.602s][info][gc,start       ] GC(139) Pause Young (Allocation Failure)
[2025-05-20T13:11:50.093+0000][682.646s][info][gc             ] GC(139) Pause Young (Allocation Failure) 928M->925M(1221M) 44.307ms
[2025-05-20T13:11:50.093+0000][682.647s][info][gc,cpu         ] GC(139) User=0.04s Sys=0.00s Real=0.04s
[2025-05-20T13:11:50.094+0000][682.647s][info][gc,start       ] GC(140) Pause Full (Allocation Failure)
[2025-05-20T13:11:50.094+0000][682.647s][info][gc,phases,start] GC(140) Phase 1: Mark live objects
[2025-05-20T13:11:50.109+0000][682.663s][info][gc,phases      ] GC(140) Phase 1: Mark live objects 15.582ms
[2025-05-20T13:11:50.110+0000][682.663s][info][gc,phases,start] GC(140) Phase 2: Compute new object addresses
[2025-05-20T13:11:50.114+0000][682.667s][info][gc,phases      ] GC(140) Phase 2: Compute new object addresses 3.828ms
[2025-05-20T13:11:50.114+0000][682.667s][info][gc,phases,start] GC(140) Phase 3: Adjust pointers
[2025-05-20T13:11:50.121+0000][682.674s][info][gc,phases      ] GC(140) Phase 3: Adjust pointers 6.910ms
[2025-05-20T13:11:50.121+0000][682.675s][info][gc,phases,start] GC(140) Phase 4: Move objects
[2025-05-20T13:11:50.165+0000][682.719s][info][gc,phases      ] GC(140) Phase 4: Move objects 43.817ms
[2025-05-20T13:11:50.166+0000][682.719s][info][gc,heap        ] GC(140) DefNew: 330544K(334272K)->0K(392192K) Eden: 294698K(297152K)->0K(348672K) From: 35846K(37120K)->0K(43520K)
[2025-05-20T13:11:50.166+0000][682.720s][info][gc,heap        ] GC(140) Tenured: 620050K(742716K)->522769K(871284K)
[2025-05-20T13:11:50.166+0000][682.720s][info][gc,metaspace   ] GC(140) Metaspace: 38533K(39232K)->38533K(39232K) NonClass: 33802K(34176K)->33802K(34176K) Class: 4731K(5056K)->4731K(5056K)
[2025-05-20T13:11:50.166+0000][682.720s][info][gc             ] GC(140) Pause Full (Allocation Failure) 925M->510M(1233M) 72.768ms
[2025-05-20T13:11:50.166+0000][682.720s][info][gc,cpu         ] GC(140) User=0.07s Sys=0.00s Real=0.08s
[2025-05-20T13:11:50.285+0000][682.839s][info][gc,start       ] GC(141) Pause Young (Allocation Failure)
[2025-05-20T13:11:50.317+0000][682.870s][info][gc,heap        ] GC(141) DefNew: 346388K(392192K)->40966K(392192K) Eden: 346388K(348672K)->0K(348672K) From: 0K(43520K)->40966K(43520K)
[2025-05-20T13:11:50.317+0000][682.871s][info][gc,heap        ] GC(141) Tenured: 522769K(871284K)->814610K(871284K)
[2025-05-20T13:11:50.318+0000][682.871s][info][gc,metaspace   ] GC(141) Metaspace: 38533K(39232K)->38533K(39232K) NonClass: 33802K(34176K)->33802K(34176K) Class: 4731K(5056K)->4731K(5056K)
[2025-05-20T13:11:50.318+0000][682.871s][info][gc             ] GC(141) Pause Young (Allocation Failure) 848M->835M(1233M) 32.848ms
[2025-05-20T13:11:50.318+0000][682.872s][info][gc,cpu         ] GC(141) User=0.03s Sys=0.00s Real=0.03s
[2025-05-20T13:11:50.409+0000][682.963s][info][gc,start       ] GC(142) Pause Young (Allocation Failure)
[2025-05-20T13:11:50.438+0000][682.992s][info][gc             ] GC(142) Pause Young (Allocation Failure) 1173M->950M(1293M) 29.045ms
[2025-05-20T13:11:50.439+0000][682.992s][info][gc,cpu         ] GC(142) User=0.00s Sys=0.02s Real=0.03s
[2025-05-20T13:11:50.440+0000][682.993s][info][gc,start       ] GC(143) Pause Full (Allocation Failure)
[2025-05-20T13:11:50.440+0000][682.994s][info][gc,phases,start] GC(143) Phase 1: Mark live objects
[2025-05-20T13:11:50.457+0000][683.010s][info][gc,phases      ] GC(143) Phase 1: Mark live objects 16.505ms
[2025-05-20T13:11:50.457+0000][683.011s][info][gc,phases,start] GC(143) Phase 2: Compute new object addresses
[2025-05-20T13:11:50.462+0000][683.016s][info][gc,phases      ] GC(143) Phase 2: Compute new object addresses 5.288ms
[2025-05-20T13:11:50.463+0000][683.016s][info][gc,phases,start] GC(143) Phase 3: Adjust pointers
[2025-05-20T13:11:50.471+0000][683.024s][info][gc,phases      ] GC(143) Phase 3: Adjust pointers 7.725ms
[2025-05-20T13:11:50.471+0000][683.025s][info][gc,phases,start] GC(143) Phase 4: Move objects
[2025-05-20T13:11:50.485+0000][683.039s][info][gc,phases      ] GC(143) Phase 4: Move objects 14.409ms
[2025-05-20T13:11:50.487+0000][683.040s][info][gc,heap        ] GC(143) DefNew: 387275K(392192K)->0K(392192K) Eden: 346308K(348672K)->0K(348672K) From: 40966K(43520K)->0K(43520K)
[2025-05-20T13:11:50.487+0000][683.041s][info][gc,heap        ] GC(143) Tenured: 814610K(871284K)->174608K(871284K)
[2025-05-20T13:11:50.487+0000][683.041s][info][gc,metaspace   ] GC(143) Metaspace: 38537K(39232K)->38537K(39232K) NonClass: 33806K(34176K)->33806K(34176K) Class: 4731K(5056K)->4731K(5056K)
[2025-05-20T13:11:50.487+0000][683.041s][info][gc             ] GC(143) Pause Full (Allocation Failure) 950M->170M(1233M) 47.845ms
[2025-05-20T13:11:50.488+0000][683.041s][info][gc,cpu         ] GC(143) User=0.05s Sys=0.00s Real=0.05s
[2025-05-20T13:11:50.508+0000][683.061s][info][gc,start       ] GC(144) Pause Young (Allocation Failure)
[2025-05-20T13:11:50.536+0000][683.090s][info][gc,heap        ] GC(144) DefNew: 346497K(392192K)->40960K(392192K) Eden: 346497K(348672K)->0K(348672K) From: 0K(43520K)->40960K(43520K)
[2025-05-20T13:11:50.536+0000][683.090s][info][gc,heap        ] GC(144) Tenured: 174608K(871284K)->476689K(871284K)
[2025-05-20T13:11:50.537+0000][683.090s][info][gc,metaspace   ] GC(144) Metaspace: 38537K(39232K)->38537K(39232K) NonClass: 33806K(34176K)->33806K(34176K) Class: 4731K(5056K)->4731K(5056K)
[2025-05-20T13:11:50.537+0000][683.091s][info][gc             ] GC(144) Pause Young (Allocation Failure) 508M->505M(1233M) 29.292ms
[2025-05-20T13:11:50.537+0000][683.091s][info][gc,cpu         ] GC(144) User=0.03s Sys=0.00s Real=0.03s
[2025-05-20T13:11:50.634+0000][683.187s][info][gc,start       ] GC(145) Pause Young (Allocation Failure)
[2025-05-20T13:11:50.662+0000][683.215s][info][gc,heap        ] GC(145) DefNew: 387266K(392192K)->40965K(392192K) Eden: 346306K(348672K)->0K(348672K) From: 40960K(43520K)->40965K(43520K)
[2025-05-20T13:11:50.662+0000][683.216s][info][gc,heap        ] GC(145) Tenured: 476689K(871284K)->773650K(871284K)
[2025-05-20T13:11:50.663+0000][683.216s][info][gc,metaspace   ] GC(145) Metaspace: 38538K(39232K)->38538K(39232K) NonClass: 33807K(34176K)->33807K(34176K) Class: 4731K(5056K)->4731K(5056K)
[2025-05-20T13:11:50.663+0000][683.217s][info][gc             ] GC(145) Pause Young (Allocation Failure) 843M->795M(1233M) 29.518ms
[2025-05-20T13:11:50.664+0000][683.217s][info][gc,cpu         ] GC(145) User=0.03s Sys=0.00s Real=0.03s
[2025-05-20T13:11:50.751+0000][683.305s][info][gc,start       ] GC(146) Pause Young (Allocation Failure)
[2025-05-20T13:11:50.767+0000][683.320s][info][gc             ] GC(146) Pause Young (Allocation Failure) 1133M->905M(1248M) 15.334ms
[2025-05-20T13:11:50.768+0000][683.321s][info][gc,cpu         ] GC(146) User=0.00s Sys=0.01s Real=0.02s
[2025-05-20T13:11:50.768+0000][683.322s][info][gc,start       ] GC(147) Pause Full (Allocation Failure)
[2025-05-20T13:11:50.768+0000][683.322s][info][gc,phases,start] GC(147) Phase 1: Mark live objects
[2025-05-20T13:11:50.783+0000][683.336s][info][gc,phases      ] GC(147) Phase 1: Mark live objects 14.119ms
[2025-05-20T13:11:50.783+0000][683.337s][info][gc,phases,start] GC(147) Phase 2: Compute new object addresses
[2025-05-20T13:11:50.787+0000][683.341s][info][gc,phases      ] GC(147) Phase 2: Compute new object addresses 4.082ms
[2025-05-20T13:11:50.788+0000][683.342s][info][gc,phases,start] GC(147) Phase 3: Adjust pointers
[2025-05-20T13:11:50.795+0000][683.349s][info][gc,phases      ] GC(147) Phase 3: Adjust pointers 7.436ms
[2025-05-20T13:11:50.796+0000][683.349s][info][gc,phases,start] GC(147) Phase 4: Move objects
[2025-05-20T13:11:50.808+0000][683.362s][info][gc,phases      ] GC(147) Phase 4: Move objects 12.554ms
[2025-05-20T13:11:50.810+0000][683.363s][info][gc,heap        ] GC(147) DefNew: 386561K(392192K)->0K(384640K) Eden: 345595K(348672K)->0K(341952K) From: 40965K(43520K)->0K(42688K)
[2025-05-20T13:11:50.810+0000][683.364s][info][gc,heap        ] GC(147) Tenured: 773650K(871284K)->169488K(854488K)
[2025-05-20T13:11:50.810+0000][683.364s][info][gc,metaspace   ] GC(147) Metaspace: 38538K(39232K)->38538K(39232K) NonClass: 33807K(34176K)->33807K(34176K) Class: 4731K(5056K)->4731K(5056K)
[2025-05-20T13:11:50.810+0000][683.364s][info][gc             ] GC(147) Pause Full (Allocation Failure) 905M->165M(1210M) 42.287ms
[2025-05-20T13:11:50.811+0000][683.364s][info][gc,cpu         ] GC(147) User=0.04s Sys=0.00s Real=0.04s
[2025-05-20T13:11:50.830+0000][683.383s][info][gc,start       ] GC(148) Pause Young (Allocation Failure)
[2025-05-20T13:11:50.860+0000][683.413s][info][gc,heap        ] GC(148) DefNew: 340892K(384640K)->40960K(384640K) Eden: 340892K(341952K)->0K(341952K) From: 0K(42688K)->40960K(42688K)
[2025-05-20T13:11:50.860+0000][683.413s][info][gc,heap        ] GC(148) Tenured: 169488K(854488K)->466449K(854488K)
[2025-05-20T13:11:50.860+0000][683.414s][info][gc,metaspace   ] GC(148) Metaspace: 38538K(39232K)->38538K(39232K) NonClass: 33807K(34176K)->33807K(34176K) Class: 4731K(5056K)->4731K(5056K)
[2025-05-20T13:11:50.861+0000][683.414s][info][gc             ] GC(148) Pause Young (Allocation Failure) 498M->495M(1210M) 30.836ms
[2025-05-20T13:11:50.861+0000][683.414s][info][gc,cpu         ] GC(148) User=0.03s Sys=0.00s Real=0.03s
[2025-05-20T13:11:50.963+0000][683.516s][info][gc,start       ] GC(149) Pause Young (Allocation Failure)
[2025-05-20T13:11:50.994+0000][683.547s][info][gc,heap        ] GC(149) DefNew: 381691K(384640K)->40965K(384640K) Eden: 340730K(341952K)->0K(341952K) From: 40960K(42688K)->40965K(42688K)
[2025-05-20T13:11:50.994+0000][683.548s][info][gc,heap        ] GC(149) Tenured: 466449K(854488K)->753171K(854488K)
[2025-05-20T13:11:50.995+0000][683.548s][info][gc,metaspace   ] GC(149) Metaspace: 38538K(39232K)->38538K(39232K) NonClass: 33807K(34176K)->33807K(34176K) Class: 4731K(5056K)->4731K(5056K)
[2025-05-20T13:11:50.996+0000][683.549s][info][gc             ] GC(149) Pause Young (Allocation Failure) 828M->775M(1210M) 33.191ms
[2025-05-20T13:11:50.996+0000][683.550s][info][gc,cpu         ] GC(149) User=0.03s Sys=0.00s Real=0.04s
[2025-05-20T13:11:51.084+0000][683.637s][info][gc,start       ] GC(150) Pause Young (Allocation Failure)
[2025-05-20T13:11:51.096+0000][683.650s][info][gc,heap        ] GC(150) DefNew: 381242K(384640K)->40965K(384640K) Eden: 340276K(341952K)->0K(341952K) From: 40965K(42688K)->40965K(42688K)
[2025-05-20T13:11:51.097+0000][683.650s][info][gc,heap        ] GC(150) Tenured: 753171K(854488K)->845331K(854488K)
[2025-05-20T13:11:51.097+0000][683.650s][info][gc,metaspace   ] GC(150) Metaspace: 38538K(39232K)->38538K(39232K) NonClass: 33807K(34176K)->33807K(34176K) Class: 4731K(5056K)->4731K(5056K)
[2025-05-20T13:11:51.097+0000][683.651s][info][gc             ] GC(150) Pause Young (Allocation Failure) 1107M->865M(1210M) 13.207ms
[2025-05-20T13:11:51.097+0000][683.651s][info][gc,cpu         ] GC(150) User=0.02s Sys=0.00s Real=0.02s
[2025-05-20T13:11:51.116+0000][683.669s][info][gc,start       ] GC(151) Pause Young (Allocation Failure)
[2025-05-20T13:11:51.178+0000][683.732s][info][gc             ] GC(151) Pause Young (Allocation Failure) 1198M->1195M(1535M) 62.625ms
[2025-05-20T13:11:51.179+0000][683.732s][info][gc,cpu         ] GC(151) User=0.04s Sys=0.03s Real=0.06s
[2025-05-20T13:11:51.179+0000][683.733s][info][gc,start       ] GC(152) Pause Full (Allocation Failure)
[2025-05-20T13:11:51.179+0000][683.733s][info][gc,phases,start] GC(152) Phase 1: Mark live objects
[2025-05-20T13:11:51.192+0000][683.746s][info][gc,phases      ] GC(152) Phase 1: Mark live objects 13.127ms
[2025-05-20T13:11:51.193+0000][683.746s][info][gc,phases,start] GC(152) Phase 2: Compute new object addresses
[2025-05-20T13:11:51.197+0000][683.750s][info][gc,phases      ] GC(152) Phase 2: Compute new object addresses 3.859ms
[2025-05-20T13:11:51.197+0000][683.751s][info][gc,phases,start] GC(152) Phase 3: Adjust pointers
[2025-05-20T13:11:51.204+0000][683.758s][info][gc,phases      ] GC(152) Phase 3: Adjust pointers 6.825ms
[2025-05-20T13:11:51.205+0000][683.758s][info][gc,phases,start] GC(152) Phase 4: Move objects
[2025-05-20T13:11:51.244+0000][683.797s][info][gc,phases      ] GC(152) Phase 4: Move objects 38.979ms
[2025-05-20T13:11:51.245+0000][683.799s][info][gc,heap        ] GC(152) DefNew: 381717K(384640K)->0K(384640K) Eden: 340751K(341952K)->0K(341952K) From: 40965K(42688K)->0K(42688K)
[2025-05-20T13:11:51.246+0000][683.799s][info][gc,heap        ] GC(152) Tenured: 845331K(854488K)->486930K(854488K)
[2025-05-20T13:11:51.246+0000][683.800s][info][gc,metaspace   ] GC(152) Metaspace: 38538K(39232K)->38538K(39232K) NonClass: 33807K(34176K)->33807K(34176K) Class: 4731K(5056K)->4731K(5056K)
[2025-05-20T13:11:51.248+0000][683.801s][info][gc             ] GC(152) Pause Full (Allocation Failure) 1195M->475M(1210M) 68.526ms
[2025-05-20T13:11:51.248+0000][683.801s][info][gc,cpu         ] GC(152) User=0.04s Sys=0.02s Real=0.07s
[2025-05-20T13:11:51.328+0000][683.881s][info][gc,start       ] GC(153) Pause Young (Allocation Failure)
[2025-05-20T13:11:51.355+0000][683.908s][info][gc,heap        ] GC(153) DefNew: 340387K(384640K)->40965K(384640K) Eden: 340387K(341952K)->0K(341952K) From: 0K(42688K)->40965K(42688K)
[2025-05-20T13:11:51.355+0000][683.909s][info][gc,heap        ] GC(153) Tenured: 486930K(854488K)->737811K(854488K)
[2025-05-20T13:11:51.355+0000][683.909s][info][gc,metaspace   ] GC(153) Metaspace: 38541K(39232K)->38541K(39232K) NonClass: 33809K(34176K)->33809K(34176K) Class: 4731K(5056K)->4731K(5056K)
[2025-05-20T13:11:51.356+0000][683.909s][info][gc             ] GC(153) Pause Young (Allocation Failure) 807M->760M(1210M) 27.909ms
[2025-05-20T13:11:51.356+0000][683.910s][info][gc,cpu         ] GC(153) User=0.03s Sys=0.00s Real=0.03s
[2025-05-20T13:11:51.464+0000][684.018s][info][gc,start       ] GC(154) Pause Young (Allocation Failure)
[2025-05-20T13:11:51.475+0000][684.029s][info][gc,heap        ] GC(154) DefNew: 381256K(384640K)->40965K(384640K) Eden: 340290K(341952K)->0K(341952K) From: 40965K(42688K)->40965K(42688K)
[2025-05-20T13:11:51.476+0000][684.029s][info][gc,heap        ] GC(154) Tenured: 737811K(854488K)->809491K(854488K)
[2025-05-20T13:11:51.476+0000][684.029s][info][gc,metaspace   ] GC(154) Metaspace: 38542K(39232K)->38542K(39232K) NonClass: 33810K(34176K)->33810K(34176K) Class: 4731K(5056K)->4731K(5056K)
[2025-05-20T13:11:51.476+0000][684.030s][info][gc             ] GC(154) Pause Young (Allocation Failure) 1092M->830M(1210M) 11.885ms
[2025-05-20T13:11:51.477+0000][684.030s][info][gc,cpu         ] GC(154) User=0.01s Sys=0.00s Real=0.02s
[2025-05-20T13:11:51.497+0000][684.050s][info][gc,start       ] GC(155) Pause Young (Allocation Failure)
[2025-05-20T13:11:51.545+0000][684.098s][info][gc             ] GC(155) Pause Young (Allocation Failure) 1163M->1160M(1500M) 47.904ms
[2025-05-20T13:11:51.545+0000][684.099s][info][gc,cpu         ] GC(155) User=0.02s Sys=0.02s Real=0.05s
[2025-05-20T13:11:51.545+0000][684.099s][info][gc,start       ] GC(156) Pause Full (Allocation Failure)
[2025-05-20T13:11:51.546+0000][684.099s][info][gc,phases,start] GC(156) Phase 1: Mark live objects
[2025-05-20T13:11:51.560+0000][684.113s][info][gc,phases      ] GC(156) Phase 1: Mark live objects 13.801ms
[2025-05-20T13:11:51.560+0000][684.114s][info][gc,phases,start] GC(156) Phase 2: Compute new object addresses
[2025-05-20T13:11:51.564+0000][684.118s][info][gc,phases      ] GC(156) Phase 2: Compute new object addresses 3.882ms
[2025-05-20T13:11:51.565+0000][684.118s][info][gc,phases,start] GC(156) Phase 3: Adjust pointers
[2025-05-20T13:11:51.571+0000][684.125s][info][gc,phases      ] GC(156) Phase 3: Adjust pointers 6.610ms
[2025-05-20T13:11:51.572+0000][684.125s][info][gc,phases,start] GC(156) Phase 4: Move objects
[2025-05-20T13:11:51.609+0000][684.162s][info][gc,phases      ] GC(156) Phase 4: Move objects 36.788ms
[2025-05-20T13:11:51.610+0000][684.163s][info][gc,heap        ] GC(156) DefNew: 381804K(384640K)->0K(384640K) Eden: 340839K(341952K)->0K(341952K) From: 40965K(42688K)->0K(42688K)
[2025-05-20T13:11:51.611+0000][684.164s][info][gc,heap        ] GC(156) Tenured: 809491K(854488K)->466450K(854488K)
[2025-05-20T13:11:51.611+0000][684.165s][info][gc,metaspace   ] GC(156) Metaspace: 38542K(39232K)->38542K(39232K) NonClass: 33810K(34176K)->33810K(34176K) Class: 4731K(5056K)->4731K(5056K)
[2025-05-20T13:11:51.611+0000][684.165s][info][gc             ] GC(156) Pause Full (Allocation Failure) 1160M->455M(1210M) 65.961ms
[2025-05-20T13:11:51.612+0000][684.165s][info][gc,cpu         ] GC(156) User=0.06s Sys=0.00s Real=0.06s
[2025-05-20T13:11:51.694+0000][684.248s][info][gc,start       ] GC(157) Pause Young (Allocation Failure)
[2025-05-20T13:11:51.718+0000][684.271s][info][gc,heap        ] GC(157) DefNew: 339288K(384640K)->40965K(384640K) Eden: 339288K(341952K)->0K(341952K) From: 0K(42688K)->40965K(42688K)
[2025-05-20T13:11:51.718+0000][684.272s][info][gc,heap        ] GC(157) Tenured: 466450K(854488K)->696850K(854488K)
[2025-05-20T13:11:51.719+0000][684.272s][info][gc,metaspace   ] GC(157) Metaspace: 38544K(39296K)->38544K(39296K) NonClass: 33812K(34240K)->33812K(34240K) Class: 4731K(5056K)->4731K(5056K)
[2025-05-20T13:11:51.719+0000][684.273s][info][gc             ] GC(157) Pause Young (Allocation Failure) 786M->720M(1210M) 24.860ms
[2025-05-20T13:11:51.720+0000][684.273s][info][gc,cpu         ] GC(157) User=0.02s Sys=0.00s Real=0.03s
[2025-05-20T13:11:51.824+0000][684.378s][info][gc,start       ] GC(158) Pause Young (Allocation Failure)
[2025-05-20T13:11:51.835+0000][684.389s][info][gc,heap        ] GC(158) DefNew: 381450K(384640K)->40965K(384640K) Eden: 340484K(341952K)->0K(341952K) From: 40965K(42688K)->40965K(42688K)
[2025-05-20T13:11:51.836+0000][684.389s][info][gc,heap        ] GC(158) Tenured: 696850K(854488K)->748051K(854488K)
[2025-05-20T13:11:51.836+0000][684.390s][info][gc,metaspace   ] GC(158) Metaspace: 38548K(39296K)->38548K(39296K) NonClass: 33816K(34240K)->33816K(34240K) Class: 4731K(5056K)->4731K(5056K)
[2025-05-20T13:11:51.837+0000][684.390s][info][gc             ] GC(158) Pause Young (Allocation Failure) 1053M->770M(1210M) 12.491ms
[2025-05-20T13:11:51.837+0000][684.391s][info][gc,cpu         ] GC(158) User=0.01s Sys=0.00s Real=0.02s
[2025-05-20T13:11:51.857+0000][684.411s][info][gc,start       ] GC(159) Pause Young (Allocation Failure)
[2025-05-20T13:11:51.903+0000][684.457s][info][gc             ] GC(159) Pause Young (Allocation Failure) 1103M->1100M(1440M) 46.041ms
[2025-05-20T13:11:51.904+0000][684.458s][info][gc,cpu         ] GC(159) User=0.04s Sys=0.01s Real=0.04s
[2025-05-20T13:11:51.905+0000][684.458s][info][gc,start       ] GC(160) Pause Full (Allocation Failure)
[2025-05-20T13:11:51.905+0000][684.458s][info][gc,phases,start] GC(160) Phase 1: Mark live objects
[2025-05-20T13:11:51.918+0000][684.472s][info][gc,phases      ] GC(160) Phase 1: Mark live objects 13.260ms
[2025-05-20T13:11:51.919+0000][684.472s][info][gc,phases,start] GC(160) Phase 2: Compute new object addresses
[2025-05-20T13:11:51.923+0000][684.476s][info][gc,phases      ] GC(160) Phase 2: Compute new object addresses 3.831ms
[2025-05-20T13:11:51.923+0000][684.477s][info][gc,phases,start] GC(160) Phase 3: Adjust pointers
[2025-05-20T13:11:51.929+0000][684.483s][info][gc,phases      ] GC(160) Phase 3: Adjust pointers 6.189ms
[2025-05-20T13:11:51.930+0000][684.483s][info][gc,phases,start] GC(160) Phase 4: Move objects
[2025-05-20T13:11:51.965+0000][684.518s][info][gc,phases      ] GC(160) Phase 4: Move objects 35.282ms
[2025-05-20T13:11:51.966+0000][684.519s][info][gc,heap        ] GC(160) DefNew: 381492K(384640K)->0K(384640K) Eden: 340526K(341952K)->0K(341952K) From: 40965K(42688K)->0K(42688K)
[2025-05-20T13:11:51.966+0000][684.520s][info][gc,heap        ] GC(160) Tenured: 748051K(854488K)->445969K(854488K)
[2025-05-20T13:11:51.966+0000][684.520s][info][gc,metaspace   ] GC(160) Metaspace: 38548K(39296K)->38548K(39296K) NonClass: 33816K(34240K)->33816K(34240K) Class: 4731K(5056K)->4731K(5056K)
[2025-05-20T13:11:51.966+0000][684.520s][info][gc             ] GC(160) Pause Full (Allocation Failure) 1100M->435M(1210M) 61.843ms
[2025-05-20T13:11:51.967+0000][684.520s][info][gc,cpu         ] GC(160) User=0.05s Sys=0.00s Real=0.07s
[2025-05-20T13:11:52.083+0000][684.637s][info][gc,start       ] GC(161) Pause Young (Allocation Failure)
[2025-05-20T13:11:52.112+0000][684.666s][info][gc,heap        ] GC(161) DefNew: 341184K(384640K)->40965K(384640K) Eden: 341184K(341952K)->0K(341952K) From: 0K(42688K)->40965K(42688K)
[2025-05-20T13:11:52.113+0000][684.666s][info][gc,heap        ] GC(161) Tenured: 445969K(854488K)->655890K(854488K)
[2025-05-20T13:11:52.113+0000][684.666s][info][gc,metaspace   ] GC(161) Metaspace: 38549K(39296K)->38549K(39296K) NonClass: 33817K(34240K)->33817K(34240K) Class: 4731K(5056K)->4731K(5056K)
[2025-05-20T13:11:52.113+0000][684.667s][info][gc             ] GC(161) Pause Young (Allocation Failure) 768M->680M(1210M) 30.297ms
[2025-05-20T13:11:52.114+0000][684.667s][info][gc,cpu         ] GC(161) User=0.03s Sys=0.00s Real=0.03s
[2025-05-20T13:11:52.217+0000][684.770s][info][gc,start       ] GC(162) Pause Young (Allocation Failure)
[2025-05-20T13:11:52.227+0000][684.780s][info][gc,heap        ] GC(162) DefNew: 381350K(384640K)->40965K(384640K) Eden: 340385K(341952K)->0K(341952K) From: 40965K(42688K)->40965K(42688K)
[2025-05-20T13:11:52.227+0000][684.781s][info][gc,heap        ] GC(162) Tenured: 655890K(854488K)->686610K(854488K)
[2025-05-20T13:11:52.228+0000][684.782s][info][gc,metaspace   ] GC(162) Metaspace: 38549K(39296K)->38549K(39296K) NonClass: 33817K(34240K)->33817K(34240K) Class: 4731K(5056K)->4731K(5056K)
[2025-05-20T13:11:52.229+0000][684.783s][info][gc             ] GC(162) Pause Young (Allocation Failure) 1012M->710M(1210M) 12.507ms
[2025-05-20T13:11:52.230+0000][684.783s][info][gc,cpu         ] GC(162) User=0.01s Sys=0.00s Real=0.01s
[2025-05-20T13:11:52.249+0000][684.803s][info][gc,start       ] GC(163) Pause Young (Allocation Failure)
[2025-05-20T13:11:52.297+0000][684.851s][info][gc             ] GC(163) Pause Young (Allocation Failure) 1042M->1040M(1380M) 47.613ms
[2025-05-20T13:11:52.298+0000][684.852s][info][gc,cpu         ] GC(163) User=0.03s Sys=0.01s Real=0.05s
[2025-05-20T13:11:52.301+0000][684.855s][info][gc,start       ] GC(164) Pause Full (Allocation Failure)
[2025-05-20T13:11:52.302+0000][684.855s][info][gc,phases,start] GC(164) Phase 1: Mark live objects
[2025-05-20T13:11:52.315+0000][684.869s][info][gc,phases      ] GC(164) Phase 1: Mark live objects 13.138ms
[2025-05-20T13:11:52.316+0000][684.869s][info][gc,phases,start] GC(164) Phase 2: Compute new object addresses
[2025-05-20T13:11:52.320+0000][684.873s][info][gc,phases      ] GC(164) Phase 2: Compute new object addresses 3.975ms
[2025-05-20T13:11:52.320+0000][684.874s][info][gc,phases,start] GC(164) Phase 3: Adjust pointers
[2025-05-20T13:11:52.326+0000][684.880s][info][gc,phases      ] GC(164) Phase 3: Adjust pointers 6.365ms
[2025-05-20T13:11:52.327+0000][684.880s][info][gc,phases,start] GC(164) Phase 4: Move objects
[2025-05-20T13:11:52.361+0000][684.914s][info][gc,phases      ] GC(164) Phase 4: Move objects 33.916ms
[2025-05-20T13:11:52.362+0000][684.915s][info][gc,heap        ] GC(164) DefNew: 381368K(384640K)->0K(384640K) Eden: 340403K(341952K)->0K(341952K) From: 40965K(42688K)->0K(42688K)
[2025-05-20T13:11:52.362+0000][684.916s][info][gc,heap        ] GC(164) Tenured: 686610K(854488K)->476693K(854488K)
[2025-05-20T13:11:52.363+0000][684.916s][info][gc,metaspace   ] GC(164) Metaspace: 38549K(39296K)->38549K(39296K) NonClass: 33817K(34240K)->33817K(34240K) Class: 4731K(5056K)->4731K(5056K)
[2025-05-20T13:11:52.363+0000][684.916s][info][gc             ] GC(164) Pause Full (Allocation Failure) 1040M->465M(1210M) 61.599ms
[2025-05-20T13:11:52.363+0000][684.917s][info][gc,cpu         ] GC(164) User=0.06s Sys=0.00s Real=0.06s
[2025-05-20T13:11:52.469+0000][685.022s][info][gc,start       ] GC(165) Pause Young (Allocation Failure)
[2025-05-20T13:11:52.506+0000][685.059s][info][gc,heap        ] GC(165) DefNew: 341074K(384640K)->40965K(384640K) Eden: 341074K(341952K)->0K(341952K) From: 0K(42688K)->40965K(42688K)
[2025-05-20T13:11:52.515+0000][685.069s][info][gc,heap        ] GC(165) Tenured: 476693K(854488K)->666133K(854488K)
[2025-05-20T13:11:52.517+0000][685.071s][info][gc,metaspace   ] GC(165) Metaspace: 38550K(39296K)->38550K(39296K) NonClass: 33819K(34240K)->33819K(34240K) Class: 4731K(5056K)->4731K(5056K)
[2025-05-20T13:11:52.519+0000][685.072s][info][gc             ] GC(165) Pause Young (Allocation Failure) 798M->690M(1210M) 49.837ms
[2025-05-20T13:11:52.520+0000][685.073s][info][gc,cpu         ] GC(165) User=0.02s Sys=0.00s Real=0.05s
[2025-05-20T13:11:52.916+0000][685.469s][info][gc,start       ] GC(166) Pause Young (Allocation Failure)
[2025-05-20T13:11:52.993+0000][685.546s][info][gc,heap        ] GC(166) DefNew: 381090K(384640K)->40965K(384640K) Eden: 340124K(341952K)->0K(341952K) From: 40965K(42688K)->40965K(42688K)
[2025-05-20T13:11:53.035+0000][685.588s][info][gc,heap        ] GC(166) Tenured: 666133K(854488K)->676374K(854488K)
[2025-05-20T13:11:53.039+0000][685.592s][info][gc,metaspace   ] GC(166) Metaspace: 38550K(39296K)->38550K(39296K) NonClass: 33819K(34240K)->33819K(34240K) Class: 4731K(5056K)->4731K(5056K)
[2025-05-20T13:11:53.039+0000][685.593s][info][gc             ] GC(166) Pause Young (Allocation Failure) 1022M->700M(1210M) 123.513ms
[2025-05-20T13:11:53.040+0000][685.593s][info][gc,cpu         ] GC(166) User=0.01s Sys=0.00s Real=0.12s
[2025-05-20T13:11:53.063+0000][685.616s][info][gc,start       ] GC(167) Pause Young (Allocation Failure)
[2025-05-20T13:11:53.103+0000][685.656s][info][gc             ] GC(167) Pause Young (Allocation Failure) 1032M->1030M(1370M) 40.045ms
[2025-05-20T13:11:53.103+0000][685.657s][info][gc,cpu         ] GC(167) User=0.02s Sys=0.02s Real=0.04s
[2025-05-20T13:11:53.103+0000][685.657s][info][gc,start       ] GC(168) Pause Full (Allocation Failure)
[2025-05-20T13:11:53.104+0000][685.657s][info][gc,phases,start] GC(168) Phase 1: Mark live objects
[2025-05-20T13:11:53.117+0000][685.670s][info][gc,phases      ] GC(168) Phase 1: Mark live objects 12.992ms
[2025-05-20T13:11:53.117+0000][685.671s][info][gc,phases,start] GC(168) Phase 2: Compute new object addresses
[2025-05-20T13:11:53.121+0000][685.675s][info][gc,phases      ] GC(168) Phase 2: Compute new object addresses 4.035ms
[2025-05-20T13:11:53.121+0000][685.675s][info][gc,phases,start] GC(168) Phase 3: Adjust pointers
[2025-05-20T13:11:53.128+0000][685.681s][info][gc,phases      ] GC(168) Phase 3: Adjust pointers 6.442ms
[2025-05-20T13:11:53.128+0000][685.682s][info][gc,phases,start] GC(168) Phase 4: Move objects
[2025-05-20T13:11:53.160+0000][685.714s][info][gc,phases      ] GC(168) Phase 4: Move objects 31.950ms
[2025-05-20T13:11:53.161+0000][685.714s][info][gc,heap        ] GC(168) DefNew: 381158K(384640K)->0K(384640K) Eden: 340192K(341952K)->0K(341952K) From: 40965K(42688K)->0K(42688K)
[2025-05-20T13:11:53.161+0000][685.715s][info][gc,heap        ] GC(168) Tenured: 676374K(854488K)->405010K(854488K)
[2025-05-20T13:11:53.161+0000][685.715s][info][gc,metaspace   ] GC(168) Metaspace: 38550K(39296K)->38550K(39296K) NonClass: 33819K(34240K)->33819K(34240K) Class: 4731K(5056K)->4731K(5056K)
[2025-05-20T13:11:53.161+0000][685.715s][info][gc             ] GC(168) Pause Full (Allocation Failure) 1030M->395M(1210M) 57.981ms
[2025-05-20T13:11:53.162+0000][685.715s][info][gc,cpu         ] GC(168) User=0.06s Sys=0.00s Real=0.06s
[2025-05-20T13:11:53.265+0000][685.818s][info][gc,start       ] GC(169) Pause Young (Allocation Failure)
[2025-05-20T13:11:53.285+0000][685.838s][info][gc,heap        ] GC(169) DefNew: 341048K(384640K)->40965K(384640K) Eden: 341048K(341952K)->0K(341952K) From: 0K(42688K)->40965K(42688K)
[2025-05-20T13:11:53.285+0000][685.839s][info][gc,heap        ] GC(169) Tenured: 405010K(854488K)->573970K(854488K)
[2025-05-20T13:11:53.285+0000][685.839s][info][gc,metaspace   ] GC(169) Metaspace: 38550K(39296K)->38550K(39296K) NonClass: 33819K(34240K)->33819K(34240K) Class: 4731K(5056K)->4731K(5056K)
[2025-05-20T13:11:53.286+0000][685.839s][info][gc             ] GC(169) Pause Young (Allocation Failure) 728M->600M(1210M) 21.246ms
[2025-05-20T13:11:53.286+0000][685.840s][info][gc,cpu         ] GC(169) User=0.02s Sys=0.00s Real=0.03s
[2025-05-20T13:11:53.372+0000][685.925s][info][gc,start       ] GC(170) Pause Young (Allocation Failure)
[2025-05-20T13:11:53.375+0000][685.929s][info][gc,heap        ] GC(170) DefNew: 381089K(384640K)->30725K(384640K) Eden: 340123K(341952K)->0K(341952K) From: 40965K(42688K)->30725K(42688K)
[2025-05-20T13:11:53.376+0000][685.929s][info][gc,heap        ] GC(170) Tenured: 573970K(854488K)->573970K(854488K)
[2025-05-20T13:11:53.376+0000][685.929s][info][gc,metaspace   ] GC(170) Metaspace: 38550K(39296K)->38550K(39296K) NonClass: 33819K(34240K)->33819K(34240K) Class: 4731K(5056K)->4731K(5056K)
[2025-05-20T13:11:53.376+0000][685.930s][info][gc             ] GC(170) Pause Young (Allocation Failure) 932M->590M(1210M) 4.573ms
[2025-05-20T13:11:53.377+0000][685.930s][info][gc,cpu         ] GC(170) User=0.01s Sys=0.00s Real=0.01s
[2025-05-20T13:11:53.396+0000][685.949s][info][gc,start       ] GC(171) Pause Young (Allocation Failure)
[2025-05-20T13:11:53.432+0000][685.985s][info][gc             ] GC(171) Pause Young (Allocation Failure) 922M->920M(1260M) 36.218ms
[2025-05-20T13:11:53.432+0000][685.986s][info][gc,cpu         ] GC(171) User=0.02s Sys=0.01s Real=0.03s
[2025-05-20T13:11:53.433+0000][685.986s][info][gc,start       ] GC(172) Pause Full (Allocation Failure)
[2025-05-20T13:11:53.433+0000][685.986s][info][gc,phases,start] GC(172) Phase 1: Mark live objects
[2025-05-20T13:11:53.447+0000][686.000s][info][gc,phases      ] GC(172) Phase 1: Mark live objects 13.660ms
[2025-05-20T13:11:53.447+0000][686.001s][info][gc,phases,start] GC(172) Phase 2: Compute new object addresses
[2025-05-20T13:11:53.451+0000][686.005s][info][gc,phases      ] GC(172) Phase 2: Compute new object addresses 4.133ms
[2025-05-20T13:11:53.452+0000][686.005s][info][gc,phases,start] GC(172) Phase 3: Adjust pointers
[2025-05-20T13:11:53.458+0000][686.012s][info][gc,phases      ] GC(172) Phase 3: Adjust pointers 6.298ms
[2025-05-20T13:11:53.459+0000][686.012s][info][gc,phases,start] GC(172) Phase 4: Move objects
[2025-05-20T13:11:53.491+0000][686.044s][info][gc,phases      ] GC(172) Phase 4: Move objects 31.987ms
[2025-05-20T13:11:53.491+0000][686.045s][info][gc,heap        ] GC(172) DefNew: 370838K(384640K)->0K(384640K) Eden: 340113K(341952K)->0K(341952K) From: 30725K(42688K)->0K(42688K)
[2025-05-20T13:11:53.492+0000][686.045s][info][gc,heap        ] GC(172) Tenured: 573970K(854488K)->394770K(854488K)
[2025-05-20T13:11:53.492+0000][686.046s][info][gc,metaspace   ] GC(172) Metaspace: 38550K(39296K)->38550K(39296K) NonClass: 33819K(34240K)->33819K(34240K) Class: 4731K(5056K)->4731K(5056K)
[2025-05-20T13:11:53.492+0000][686.046s][info][gc             ] GC(172) Pause Full (Allocation Failure) 920M->385M(1210M) 59.576ms
[2025-05-20T13:11:53.492+0000][686.046s][info][gc,cpu         ] GC(172) User=0.06s Sys=0.00s Real=0.06s
[2025-05-20T13:11:53.605+0000][686.159s][info][gc,start       ] GC(173) Pause Young (Allocation Failure)
[2025-05-20T13:11:53.623+0000][686.176s][info][gc,heap        ] GC(173) DefNew: 340887K(384640K)->40966K(384640K) Eden: 340887K(341952K)->0K(341952K) From: 0K(42688K)->40966K(42688K)
[2025-05-20T13:11:53.623+0000][686.177s][info][gc,heap        ] GC(173) Tenured: 394770K(854488K)->548370K(854488K)
[2025-05-20T13:11:53.623+0000][686.177s][info][gc,metaspace   ] GC(173) Metaspace: 38554K(39296K)->38554K(39296K) NonClass: 33823K(34240K)->33823K(34240K) Class: 4731K(5056K)->4731K(5056K)
[2025-05-20T13:11:53.624+0000][686.177s][info][gc             ] GC(173) Pause Young (Allocation Failure) 718M->575M(1210M) 18.130ms
[2025-05-20T13:11:53.624+0000][686.177s][info][gc,cpu         ] GC(173) User=0.02s Sys=0.00s Real=0.01s
[2025-05-20T13:11:53.733+0000][686.286s][info][gc,start       ] GC(174) Pause Young (Allocation Failure)
[2025-05-20T13:11:53.737+0000][686.291s][info][gc,heap        ] GC(174) DefNew: 381064K(384640K)->10245K(384640K) Eden: 340098K(341952K)->0K(341952K) From: 40966K(42688K)->10245K(42688K)
[2025-05-20T13:11:53.738+0000][686.291s][info][gc,heap        ] GC(174) Tenured: 548370K(854488K)->553491K(854488K)
[2025-05-20T13:11:53.739+0000][686.292s][info][gc,metaspace   ] GC(174) Metaspace: 38560K(39296K)->38560K(39296K) NonClass: 33828K(34240K)->33828K(34240K) Class: 4731K(5056K)->4731K(5056K)
[2025-05-20T13:11:53.739+0000][686.293s][info][gc             ] GC(174) Pause Young (Allocation Failure) 907M->550M(1210M) 6.588ms
[2025-05-20T13:11:53.740+0000][686.293s][info][gc,cpu         ] GC(174) User=0.00s Sys=0.00s Real=0.01s
[2025-05-20T13:11:53.762+0000][686.316s][info][gc,start       ] GC(175) Pause Young (Allocation Failure)
[2025-05-20T13:11:53.793+0000][686.346s][info][gc             ] GC(175) Pause Young (Allocation Failure) 882M->880M(1220M) 30.873ms
[2025-05-20T13:11:53.793+0000][686.347s][info][gc,cpu         ] GC(175) User=0.03s Sys=0.00s Real=0.03s
[2025-05-20T13:11:53.794+0000][686.347s][info][gc,start       ] GC(176) Pause Full (Allocation Failure)
[2025-05-20T13:11:53.794+0000][686.348s][info][gc,phases,start] GC(176) Phase 1: Mark live objects
[2025-05-20T13:11:53.808+0000][686.361s][info][gc,phases      ] GC(176) Phase 1: Mark live objects 13.295ms
[2025-05-20T13:11:53.808+0000][686.361s][info][gc,phases,start] GC(176) Phase 2: Compute new object addresses
[2025-05-20T13:11:53.812+0000][686.365s][info][gc,phases      ] GC(176) Phase 2: Compute new object addresses 3.910ms
[2025-05-20T13:11:53.812+0000][686.366s][info][gc,phases,start] GC(176) Phase 3: Adjust pointers
[2025-05-20T13:11:53.819+0000][686.372s][info][gc,phases      ] GC(176) Phase 3: Adjust pointers 6.694ms
[2025-05-20T13:11:53.820+0000][686.373s][info][gc,phases,start] GC(176) Phase 4: Move objects
[2025-05-20T13:11:53.848+0000][686.401s][info][gc,phases      ] GC(176) Phase 4: Move objects 28.155ms
[2025-05-20T13:11:53.848+0000][686.402s][info][gc,heap        ] GC(176) DefNew: 350324K(384640K)->0K(384640K) Eden: 340079K(341952K)->0K(341952K) From: 10245K(42688K)->0K(42688K)
[2025-05-20T13:11:53.849+0000][686.402s][info][gc,heap        ] GC(176) Tenured: 553491K(854488K)->364049K(854488K)
[2025-05-20T13:11:53.849+0000][686.402s][info][gc,metaspace   ] GC(176) Metaspace: 38560K(39296K)->38560K(39296K) NonClass: 33828K(34240K)->33828K(34240K) Class: 4731K(5056K)->4731K(5056K)
[2025-05-20T13:11:53.849+0000][686.403s][info][gc             ] GC(176) Pause Full (Allocation Failure) 880M->355M(1210M) 55.415ms
[2025-05-20T13:11:53.849+0000][686.403s][info][gc,cpu         ] GC(176) User=0.05s Sys=0.00s Real=0.06s
[2025-05-20T13:11:53.932+0000][686.485s][info][gc,start       ] GC(177) Pause Young (Allocation Failure)
[2025-05-20T13:11:53.952+0000][686.505s][info][gc,heap        ] GC(177) DefNew: 340408K(384640K)->40966K(384640K) Eden: 340408K(341952K)->0K(341952K) From: 0K(42688K)->40966K(42688K)
[2025-05-20T13:11:53.952+0000][686.506s][info][gc,heap        ] GC(177) Tenured: 364049K(854488K)->517650K(854488K)
[2025-05-20T13:11:53.953+0000][686.506s][info][gc,metaspace   ] GC(177) Metaspace: 38560K(39296K)->38560K(39296K) NonClass: 33829K(34240K)->33829K(34240K) Class: 4731K(5056K)->4731K(5056K)
[2025-05-20T13:11:53.953+0000][686.507s][info][gc             ] GC(177) Pause Young (Allocation Failure) 687M->545M(1210M) 21.138ms
[2025-05-20T13:11:53.953+0000][686.507s][info][gc,cpu         ] GC(177) User=0.02s Sys=0.00s Real=0.02s
[2025-05-20T13:11:53.972+0000][686.525s][info][gc,start       ] GC(178) Pause Young (Allocation Failure)
[2025-05-20T13:11:54.003+0000][686.557s][info][gc             ] GC(178) Pause Young (Allocation Failure) 879M->875M(1215M) 31.694ms
[2025-05-20T13:11:54.004+0000][686.557s][info][gc,cpu         ] GC(178) User=0.03s Sys=0.00s Real=0.03s
[2025-05-20T13:11:54.004+0000][686.558s][info][gc,start       ] GC(179) Pause Full (Allocation Failure)
[2025-05-20T13:11:54.004+0000][686.558s][info][gc,phases,start] GC(179) Phase 1: Mark live objects
[2025-05-20T13:11:54.016+0000][686.570s][info][gc,phases      ] GC(179) Phase 1: Mark live objects 11.894ms
[2025-05-20T13:11:54.017+0000][686.570s][info][gc,phases,start] GC(179) Phase 2: Compute new object addresses
[2025-05-20T13:11:54.020+0000][686.574s][info][gc,phases      ] GC(179) Phase 2: Compute new object addresses 3.533ms
[2025-05-20T13:11:54.020+0000][686.574s][info][gc,phases,start] GC(179) Phase 3: Adjust pointers
[2025-05-20T13:11:54.027+0000][686.581s][info][gc,phases      ] GC(179) Phase 3: Adjust pointers 6.947ms
[2025-05-20T13:11:54.028+0000][686.581s][info][gc,phases,start] GC(179) Phase 4: Move objects
[2025-05-20T13:11:54.070+0000][686.623s][info][gc,phases      ] GC(179) Phase 4: Move objects 41.963ms
[2025-05-20T13:11:54.072+0000][686.625s][info][gc,heap        ] GC(179) DefNew: 382588K(384640K)->0K(392192K) Eden: 341622K(341952K)->0K(348672K) From: 40966K(42688K)->0K(43520K)
[2025-05-20T13:11:54.072+0000][686.626s][info][gc,heap        ] GC(179) Tenured: 517650K(854488K)->522770K(871288K)
[2025-05-20T13:11:54.073+0000][686.626s][info][gc,metaspace   ] GC(179) Metaspace: 38560K(39296K)->38560K(39296K) NonClass: 33829K(34240K)->33829K(34240K) Class: 4731K(5056K)->4731K(5056K)
[2025-05-20T13:11:54.073+0000][686.626s][info][gc             ] GC(179) Pause Full (Allocation Failure) 875M->510M(1233M) 68.813ms
[2025-05-20T13:11:54.073+0000][686.627s][info][gc,cpu         ] GC(179) User=0.06s Sys=0.00s Real=0.07s
[2025-05-20T13:11:54.189+0000][686.743s][info][gc,start       ] GC(180) Pause Young (Allocation Failure)
[2025-05-20T13:11:54.218+0000][686.772s][info][gc,heap        ] GC(180) DefNew: 346079K(392192K)->40965K(392192K) Eden: 346079K(348672K)->0K(348672K) From: 0K(43520K)->40965K(43520K)
[2025-05-20T13:11:54.219+0000][686.772s][info][gc,heap        ] GC(180) Tenured: 522770K(871288K)->814611K(871288K)
[2025-05-20T13:11:54.219+0000][686.773s][info][gc,metaspace   ] GC(180) Metaspace: 38571K(39296K)->38571K(39296K) NonClass: 33840K(34240K)->33840K(34240K) Class: 4731K(5056K)->4731K(5056K)
[2025-05-20T13:11:54.220+0000][686.773s][info][gc             ] GC(180) Pause Young (Allocation Failure) 848M->835M(1233M) 30.782ms
[2025-05-20T13:11:54.220+0000][686.774s][info][gc,cpu         ] GC(180) User=0.03s Sys=0.00s Real=0.03s
[2025-05-20T13:11:54.300+0000][686.854s][info][gc,start       ] GC(181) Pause Young (Allocation Failure)
[2025-05-20T13:11:54.322+0000][686.876s][info][gc             ] GC(181) Pause Young (Allocation Failure) 1174M->950M(1293M) 21.996ms
[2025-05-20T13:11:54.323+0000][686.876s][info][gc,cpu         ] GC(181) User=0.02s Sys=0.00s Real=0.02s
[2025-05-20T13:11:54.323+0000][686.876s][info][gc,start       ] GC(182) Pause Full (Allocation Failure)
[2025-05-20T13:11:54.323+0000][686.877s][info][gc,phases,start] GC(182) Phase 1: Mark live objects
[2025-05-20T13:11:54.336+0000][686.889s][info][gc,phases      ] GC(182) Phase 1: Mark live objects 12.565ms
[2025-05-20T13:11:54.336+0000][686.890s][info][gc,phases,start] GC(182) Phase 2: Compute new object addresses
[2025-05-20T13:11:54.340+0000][686.893s][info][gc,phases      ] GC(182) Phase 2: Compute new object addresses 3.738ms
[2025-05-20T13:11:54.340+0000][686.894s][info][gc,phases,start] GC(182) Phase 3: Adjust pointers
[2025-05-20T13:11:54.347+0000][686.900s][info][gc,phases      ] GC(182) Phase 3: Adjust pointers 6.595ms
[2025-05-20T13:11:54.347+0000][686.900s][info][gc,phases,start] GC(182) Phase 4: Move objects
[2025-05-20T13:11:54.360+0000][686.913s][info][gc,phases      ] GC(182) Phase 4: Move objects 12.705ms
[2025-05-20T13:11:54.361+0000][686.914s][info][gc,heap        ] GC(182) DefNew: 388270K(392192K)->0K(392192K) Eden: 347304K(348672K)->0K(348672K) From: 40965K(43520K)->0K(43520K)
[2025-05-20T13:11:54.361+0000][686.914s][info][gc,heap        ] GC(182) Tenured: 814611K(871288K)->174609K(871288K)
[2025-05-20T13:11:54.361+0000][686.915s][info][gc,metaspace   ] GC(182) Metaspace: 38571K(39296K)->38571K(39296K) NonClass: 33840K(34240K)->33840K(34240K) Class: 4731K(5056K)->4731K(5056K)
[2025-05-20T13:11:54.361+0000][686.915s][info][gc             ] GC(182) Pause Full (Allocation Failure) 950M->170M(1233M) 38.335ms
[2025-05-20T13:11:54.361+0000][686.915s][info][gc,cpu         ] GC(182) User=0.04s Sys=0.00s Real=0.04s
[2025-05-20T13:11:54.380+0000][686.934s][info][gc,start       ] GC(183) Pause Young (Allocation Failure)
[2025-05-20T13:11:54.413+0000][686.966s][info][gc,heap        ] GC(183) DefNew: 347403K(392192K)->40960K(392192K) Eden: 347403K(348672K)->0K(348672K) From: 0K(43520K)->40960K(43520K)
[2025-05-20T13:11:54.414+0000][686.967s][info][gc,heap        ] GC(183) Tenured: 174609K(871288K)->476690K(871288K)
[2025-05-20T13:11:54.414+0000][686.967s][info][gc,metaspace   ] GC(183) Metaspace: 38571K(39296K)->38571K(39296K) NonClass: 33840K(34240K)->33840K(34240K) Class: 4731K(5056K)->4731K(5056K)
[2025-05-20T13:11:54.414+0000][686.968s][info][gc             ] GC(183) Pause Young (Allocation Failure) 509M->505M(1233M) 33.941ms
[2025-05-20T13:11:54.414+0000][686.968s][info][gc,cpu         ] GC(183) User=0.03s Sys=0.00s Real=0.03s
[2025-05-20T13:11:54.514+0000][687.067s][info][gc,start       ] GC(184) Pause Young (Allocation Failure)
[2025-05-20T13:11:54.542+0000][687.095s][info][gc,heap        ] GC(184) DefNew: 387422K(392192K)->40965K(392192K) Eden: 346462K(348672K)->0K(348672K) From: 40960K(43520K)->40965K(43520K)
[2025-05-20T13:11:54.542+0000][687.095s][info][gc,heap        ] GC(184) Tenured: 476690K(871288K)->773651K(871288K)
[2025-05-20T13:11:54.542+0000][687.096s][info][gc,metaspace   ] GC(184) Metaspace: 38571K(39296K)->38571K(39296K) NonClass: 33840K(34240K)->33840K(34240K) Class: 4731K(5056K)->4731K(5056K)
[2025-05-20T13:11:54.542+0000][687.096s][info][gc             ] GC(184) Pause Young (Allocation Failure) 843M->795M(1233M) 28.488ms
[2025-05-20T13:11:54.542+0000][687.096s][info][gc,cpu         ] GC(184) User=0.02s Sys=0.00s Real=0.03s
[2025-05-20T13:11:54.652+0000][687.206s][info][gc,start       ] GC(185) Pause Young (Allocation Failure)
[2025-05-20T13:11:54.669+0000][687.222s][info][gc             ] GC(185) Pause Young (Allocation Failure) 1134M->905M(1248M) 16.266ms
[2025-05-20T13:11:54.669+0000][687.223s][info][gc,cpu         ] GC(185) User=0.02s Sys=0.00s Real=0.02s
[2025-05-20T13:11:54.670+0000][687.223s][info][gc,start       ] GC(186) Pause Full (Allocation Failure)
[2025-05-20T13:11:54.670+0000][687.224s][info][gc,phases,start] GC(186) Phase 1: Mark live objects
[2025-05-20T13:11:54.684+0000][687.237s][info][gc,phases      ] GC(186) Phase 1: Mark live objects 13.784ms
[2025-05-20T13:11:54.684+0000][687.238s][info][gc,phases,start] GC(186) Phase 2: Compute new object addresses
[2025-05-20T13:11:54.688+0000][687.242s][info][gc,phases      ] GC(186) Phase 2: Compute new object addresses 3.918ms
[2025-05-20T13:11:54.689+0000][687.242s][info][gc,phases,start] GC(186) Phase 3: Adjust pointers
[2025-05-20T13:11:54.695+0000][687.249s][info][gc,phases      ] GC(186) Phase 3: Adjust pointers 6.447ms
[2025-05-20T13:11:54.695+0000][687.249s][info][gc,phases,start] GC(186) Phase 4: Move objects
[2025-05-20T13:11:54.708+0000][687.261s][info][gc,phases      ] GC(186) Phase 4: Move objects 12.303ms
[2025-05-20T13:11:54.709+0000][687.262s][info][gc,heap        ] GC(186) DefNew: 388302K(392192K)->0K(384640K) Eden: 347337K(348672K)->0K(341952K) From: 40965K(43520K)->0K(42688K)
[2025-05-20T13:11:54.709+0000][687.262s][info][gc,heap        ] GC(186) Tenured: 773651K(871288K)->169489K(854492K)
[2025-05-20T13:11:54.709+0000][687.263s][info][gc,metaspace   ] GC(186) Metaspace: 38573K(39296K)->38573K(39296K) NonClass: 33842K(34240K)->33842K(34240K) Class: 4731K(5056K)->4731K(5056K)
[2025-05-20T13:11:54.709+0000][687.263s][info][gc             ] GC(186) Pause Full (Allocation Failure) 905M->165M(1210M) 39.308ms
[2025-05-20T13:11:54.709+0000][687.263s][info][gc,cpu         ] GC(186) User=0.03s Sys=0.00s Real=0.04s
[2025-05-20T13:11:54.728+0000][687.281s][info][gc,start       ] GC(187) Pause Young (Allocation Failure)
[2025-05-20T13:11:54.759+0000][687.313s][info][gc,heap        ] GC(187) DefNew: 337048K(384640K)->40960K(384640K) Eden: 337048K(341952K)->0K(341952K) From: 0K(42688K)->40960K(42688K)
[2025-05-20T13:11:54.760+0000][687.313s][info][gc,heap        ] GC(187) Tenured: 169489K(854492K)->461330K(854492K)
[2025-05-20T13:11:54.760+0000][687.314s][info][gc,metaspace   ] GC(187) Metaspace: 38573K(39296K)->38573K(39296K) NonClass: 33842K(34240K)->33842K(34240K) Class: 4731K(5056K)->4731K(5056K)
[2025-05-20T13:11:54.761+0000][687.314s][info][gc             ] GC(187) Pause Young (Allocation Failure) 494M->490M(1210M) 32.847ms
[2025-05-20T13:11:54.761+0000][687.314s][info][gc,cpu         ] GC(187) User=0.03s Sys=0.00s Real=0.03s
[2025-05-20T13:11:54.862+0000][687.416s][info][gc,start       ] GC(188) Pause Young (Allocation Failure)
[2025-05-20T13:11:54.903+0000][687.456s][info][gc,heap        ] GC(188) DefNew: 382159K(384640K)->40965K(384640K) Eden: 341198K(341952K)->0K(341952K) From: 40960K(42688K)->40965K(42688K)
[2025-05-20T13:11:54.916+0000][687.470s][info][gc,heap        ] GC(188) Tenured: 461330K(854492K)->742931K(854492K)
[2025-05-20T13:11:54.918+0000][687.472s][info][gc,metaspace   ] GC(188) Metaspace: 38574K(39296K)->38574K(39296K) NonClass: 33843K(34240K)->33843K(34240K) Class: 4731K(5056K)->4731K(5056K)
[2025-05-20T13:11:54.919+0000][687.472s][info][gc             ] GC(188) Pause Young (Allocation Failure) 823M->765M(1210M) 56.689ms
[2025-05-20T13:11:54.919+0000][687.472s][info][gc,cpu         ] GC(188) User=0.04s Sys=0.00s Real=0.06s
[2025-05-20T13:11:55.012+0000][687.565s][info][gc,start       ] GC(189) Pause Young (Allocation Failure)
[2025-05-20T13:11:55.024+0000][687.577s][info][gc,heap        ] GC(189) DefNew: 381319K(384640K)->41006K(384640K) Eden: 340353K(341952K)->0K(341952K) From: 40965K(42688K)->41006K(42688K)
[2025-05-20T13:11:55.024+0000][687.578s][info][gc,heap        ] GC(189) Tenured: 742931K(854492K)->824852K(854492K)
[2025-05-20T13:11:55.025+0000][687.578s][info][gc,metaspace   ] GC(189) Metaspace: 38575K(39296K)->38575K(39296K) NonClass: 33844K(34240K)->33844K(34240K) Class: 4731K(5056K)->4731K(5056K)
[2025-05-20T13:11:55.025+0000][687.579s][info][gc             ] GC(189) Pause Young (Allocation Failure) 1097M->845M(1210M) 13.539ms
[2025-05-20T13:11:55.026+0000][687.579s][info][gc,cpu         ] GC(189) User=0.03s Sys=0.00s Real=0.02s
[2025-05-20T13:11:55.058+0000][687.611s][info][gc,start       ] GC(190) Pause Young (Allocation Failure)
[2025-05-20T13:11:55.118+0000][687.671s][info][gc             ] GC(190) Pause Young (Allocation Failure) 1176M->1170M(1510M) 59.828ms
[2025-05-20T13:11:55.119+0000][687.672s][info][gc,cpu         ] GC(190) User=0.03s Sys=0.02s Real=0.06s
[2025-05-20T13:11:55.119+0000][687.673s][info][gc,start       ] GC(191) Pause Full (Allocation Failure)
[2025-05-20T13:11:55.120+0000][687.674s][info][gc,phases,start] GC(191) Phase 1: Mark live objects
[2025-05-20T13:11:55.132+0000][687.686s][info][gc,phases      ] GC(191) Phase 1: Mark live objects 12.071ms
[2025-05-20T13:11:55.133+0000][687.686s][info][gc,phases,start] GC(191) Phase 2: Compute new object addresses
[2025-05-20T13:11:55.137+0000][687.690s][info][gc,phases      ] GC(191) Phase 2: Compute new object addresses 3.915ms
[2025-05-20T13:11:55.137+0000][687.691s][info][gc,phases,start] GC(191) Phase 3: Adjust pointers
[2025-05-20T13:11:55.144+0000][687.698s][info][gc,phases      ] GC(191) Phase 3: Adjust pointers 6.510ms
[2025-05-20T13:11:55.144+0000][687.698s][info][gc,phases,start] GC(191) Phase 4: Move objects
[2025-05-20T13:11:55.183+0000][687.737s][info][gc,phases      ] GC(191) Phase 4: Move objects 38.593ms
[2025-05-20T13:11:55.185+0000][687.738s][info][gc,heap        ] GC(191) DefNew: 380116K(384640K)->0K(384640K) Eden: 339109K(341952K)->0K(341952K) From: 41006K(42688K)->0K(42688K)
[2025-05-20T13:11:55.185+0000][687.739s][info][gc,heap        ] GC(191) Tenured: 824852K(854492K)->471571K(854492K)
[2025-05-20T13:11:55.186+0000][687.739s][info][gc,metaspace   ] GC(191) Metaspace: 38577K(39296K)->38577K(39296K) NonClass: 33846K(34240K)->33846K(34240K) Class: 4731K(5056K)->4731K(5056K)
[2025-05-20T13:11:55.186+0000][687.739s][info][gc             ] GC(191) Pause Full (Allocation Failure) 1170M->460M(1210M) 66.440ms
[2025-05-20T13:11:55.186+0000][687.739s][info][gc,cpu         ] GC(191) User=0.06s Sys=0.00s Real=0.07s
[2025-05-20T13:11:55.286+0000][687.839s][info][gc,start       ] GC(192) Pause Young (Allocation Failure)
[2025-05-20T13:11:55.311+0000][687.865s][info][gc,heap        ] GC(192) DefNew: 336981K(384640K)->40966K(384640K) Eden: 336981K(341952K)->0K(341952K) From: 0K(42688K)->40966K(42688K)
[2025-05-20T13:11:55.312+0000][687.866s][info][gc,heap        ] GC(192) Tenured: 471571K(854492K)->701972K(854492K)
[2025-05-20T13:11:55.313+0000][687.866s][info][gc,metaspace   ] GC(192) Metaspace: 38579K(39296K)->38579K(39296K) NonClass: 33848K(34240K)->33848K(34240K) Class: 4731K(5056K)->4731K(5056K)
[2025-05-20T13:11:55.313+0000][687.867s][info][gc             ] GC(192) Pause Young (Allocation Failure) 789M->725M(1210M) 27.491ms
[2025-05-20T13:11:55.314+0000][687.867s][info][gc,cpu         ] GC(192) User=0.02s Sys=0.00s Real=0.02s
[2025-05-20T13:11:55.406+0000][687.959s][info][gc,start       ] GC(193) Pause Young (Allocation Failure)
[2025-05-20T13:11:55.417+0000][687.970s][info][gc,heap        ] GC(193) DefNew: 382489K(384640K)->40965K(384640K) Eden: 341523K(341952K)->0K(341952K) From: 40966K(42688K)->40965K(42688K)
[2025-05-20T13:11:55.417+0000][687.970s][info][gc,heap        ] GC(193) Tenured: 701972K(854492K)->753173K(854492K)
[2025-05-20T13:11:55.417+0000][687.971s][info][gc,metaspace   ] GC(193) Metaspace: 38579K(39296K)->38579K(39296K) NonClass: 33848K(34240K)->33848K(34240K) Class: 4731K(5056K)->4731K(5056K)
[2025-05-20T13:11:55.417+0000][687.971s][info][gc             ] GC(193) Pause Young (Allocation Failure) 1059M->775M(1210M) 11.544ms
[2025-05-20T13:11:55.417+0000][687.971s][info][gc,cpu         ] GC(193) User=0.01s Sys=0.00s Real=0.01s
[2025-05-20T13:11:55.437+0000][687.990s][info][gc,start       ] GC(194) Pause Young (Allocation Failure)
[2025-05-20T13:11:55.481+0000][688.034s][info][gc             ] GC(194) Pause Young (Allocation Failure) 1106M->1100M(1440M) 43.795ms
[2025-05-20T13:11:55.481+0000][688.035s][info][gc,cpu         ] GC(194) User=0.03s Sys=0.02s Real=0.04s
[2025-05-20T13:11:55.482+0000][688.035s][info][gc,start       ] GC(195) Pause Full (Allocation Failure)
[2025-05-20T13:11:55.482+0000][688.035s][info][gc,phases,start] GC(195) Phase 1: Mark live objects
[2025-05-20T13:11:55.496+0000][688.049s][info][gc,phases      ] GC(195) Phase 1: Mark live objects 13.889ms
[2025-05-20T13:11:55.496+0000][688.050s][info][gc,phases,start] GC(195) Phase 2: Compute new object addresses
[2025-05-20T13:11:55.500+0000][688.054s][info][gc,phases      ] GC(195) Phase 2: Compute new object addresses 4.040ms
[2025-05-20T13:11:55.501+0000][688.054s][info][gc,phases,start] GC(195) Phase 3: Adjust pointers
[2025-05-20T13:11:55.507+0000][688.061s][info][gc,phases      ] GC(195) Phase 3: Adjust pointers 6.654ms
[2025-05-20T13:11:55.508+0000][688.061s][info][gc,phases,start] GC(195) Phase 4: Move objects
[2025-05-20T13:11:55.542+0000][688.096s][info][gc,phases      ] GC(195) Phase 4: Move objects 34.217ms
[2025-05-20T13:11:55.543+0000][688.097s][info][gc,heap        ] GC(195) DefNew: 380258K(384640K)->0K(384640K) Eden: 339293K(341952K)->0K(341952K) From: 40965K(42688K)->0K(42688K)
[2025-05-20T13:11:55.544+0000][688.097s][info][gc,heap        ] GC(195) Tenured: 753173K(854492K)->440853K(854492K)
[2025-05-20T13:11:55.544+0000][688.097s][info][gc,metaspace   ] GC(195) Metaspace: 38594K(39296K)->38594K(39296K) NonClass: 33863K(34240K)->33863K(34240K) Class: 4731K(5056K)->4731K(5056K)
[2025-05-20T13:11:55.544+0000][688.098s][info][gc             ] GC(195) Pause Full (Allocation Failure) 1100M->430M(1210M) 62.584ms
[2025-05-20T13:11:55.544+0000][688.098s][info][gc,cpu         ] GC(195) User=0.06s Sys=0.00s Real=0.06s
[2025-05-20T13:11:55.637+0000][688.191s][info][gc,start       ] GC(196) Pause Young (Allocation Failure)
[2025-05-20T13:11:55.658+0000][688.212s][info][gc,heap        ] GC(196) DefNew: 340241K(384640K)->40965K(384640K) Eden: 340241K(341952K)->0K(341952K) From: 0K(42688K)->40965K(42688K)
[2025-05-20T13:11:55.659+0000][688.213s][info][gc,heap        ] GC(196) Tenured: 440853K(854492K)->645653K(854492K)
[2025-05-20T13:11:55.660+0000][688.213s][info][gc,metaspace   ] GC(196) Metaspace: 38595K(39296K)->38595K(39296K) NonClass: 33864K(34240K)->33864K(34240K) Class: 4731K(5056K)->4731K(5056K)
[2025-05-20T13:11:55.661+0000][688.214s][info][gc             ] GC(196) Pause Young (Allocation Failure) 762M->670M(1210M) 23.829ms
[2025-05-20T13:11:55.661+0000][688.215s][info][gc,cpu         ] GC(196) User=0.02s Sys=0.00s Real=0.02s
[2025-05-20T13:11:55.780+0000][688.334s][info][gc,start       ] GC(197) Pause Young (Allocation Failure)
[2025-05-20T13:11:55.788+0000][688.341s][info][gc,heap        ] GC(197) DefNew: 381602K(384640K)->40965K(384640K) Eden: 340636K(341952K)->0K(341952K) From: 40965K(42688K)->40965K(42688K)
[2025-05-20T13:11:55.788+0000][688.342s][info][gc,heap        ] GC(197) Tenured: 645653K(854492K)->671254K(854492K)
[2025-05-20T13:11:55.789+0000][688.342s][info][gc,metaspace   ] GC(197) Metaspace: 38595K(39296K)->38595K(39296K) NonClass: 33864K(34240K)->33864K(34240K) Class: 4731K(5056K)->4731K(5056K)
[2025-05-20T13:11:55.789+0000][688.342s][info][gc             ] GC(197) Pause Young (Allocation Failure) 1003M->695M(1210M) 8.626ms
[2025-05-20T13:11:55.789+0000][688.343s][info][gc,cpu         ] GC(197) User=0.01s Sys=0.00s Real=0.01s
[2025-05-20T13:11:55.808+0000][688.362s][info][gc,start       ] GC(198) Pause Young (Allocation Failure)
[2025-05-20T13:11:55.849+0000][688.403s][info][gc             ] GC(198) Pause Young (Allocation Failure) 1028M->1025M(1365M) 40.997ms
[2025-05-20T13:11:55.850+0000][688.403s][info][gc,cpu         ] GC(198) User=0.03s Sys=0.01s Real=0.04s
[2025-05-20T13:11:55.850+0000][688.404s][info][gc,start       ] GC(199) Pause Full (Allocation Failure)
[2025-05-20T13:11:55.850+0000][688.404s][info][gc,phases,start] GC(199) Phase 1: Mark live objects
[2025-05-20T13:11:55.862+0000][688.416s][info][gc,phases      ] GC(199) Phase 1: Mark live objects 11.985ms
[2025-05-20T13:11:55.863+0000][688.416s][info][gc,phases,start] GC(199) Phase 2: Compute new object addresses
[2025-05-20T13:11:55.866+0000][688.420s][info][gc,phases      ] GC(199) Phase 2: Compute new object addresses 3.774ms
[2025-05-20T13:11:55.868+0000][688.421s][info][gc,phases,start] GC(199) Phase 3: Adjust pointers
[2025-05-20T13:11:55.877+0000][688.431s][info][gc,phases      ] GC(199) Phase 3: Adjust pointers 9.568ms
[2025-05-20T13:11:55.878+0000][688.432s][info][gc,phases,start] GC(199) Phase 4: Move objects
[2025-05-20T13:11:55.911+0000][688.465s][info][gc,phases      ] GC(199) Phase 4: Move objects 33.112ms
[2025-05-20T13:11:55.912+0000][688.466s][info][gc,heap        ] GC(199) DefNew: 382013K(384640K)->0K(384640K) Eden: 341048K(341952K)->0K(341952K) From: 40965K(42688K)->0K(42688K)
[2025-05-20T13:11:55.913+0000][688.466s][info][gc,heap        ] GC(199) Tenured: 671254K(854492K)->420373K(854492K)
[2025-05-20T13:11:55.913+0000][688.466s][info][gc,metaspace   ] GC(199) Metaspace: 38595K(39296K)->38595K(39296K) NonClass: 33864K(34240K)->33864K(34240K) Class: 4731K(5056K)->4731K(5056K)
[2025-05-20T13:11:55.913+0000][688.467s][info][gc             ] GC(199) Pause Full (Allocation Failure) 1025M->410M(1210M) 62.981ms
[2025-05-20T13:11:55.913+0000][688.467s][info][gc,cpu         ] GC(199) User=0.06s Sys=0.00s Real=0.06s
[2025-05-20T13:11:55.995+0000][688.548s][info][gc,start       ] GC(200) Pause Young (Allocation Failure)
[2025-05-20T13:11:56.025+0000][688.578s][info][gc,heap        ] GC(200) DefNew: 340581K(384640K)->40965K(384640K) Eden: 340581K(341952K)->0K(341952K) From: 0K(42688K)->40965K(42688K)
[2025-05-20T13:11:56.025+0000][688.579s][info][gc,heap        ] GC(200) Tenured: 420373K(854492K)->604693K(854492K)
[2025-05-20T13:11:56.026+0000][688.580s][info][gc,metaspace   ] GC(200) Metaspace: 38595K(39296K)->38595K(39296K) NonClass: 33864K(34240K)->33864K(34240K) Class: 4731K(5056K)->4731K(5056K)
[2025-05-20T13:11:56.027+0000][688.580s][info][gc             ] GC(200) Pause Young (Allocation Failure) 743M->630M(1210M) 31.602ms
[2025-05-20T13:11:56.027+0000][688.581s][info][gc,cpu         ] GC(200) User=0.03s Sys=0.00s Real=0.03s
[2025-05-20T13:11:56.123+0000][688.676s][info][gc,start       ] GC(201) Pause Young (Allocation Failure)
[2025-05-20T13:11:56.129+0000][688.682s][info][gc,heap        ] GC(201) DefNew: 381663K(384640K)->40965K(384640K) Eden: 340697K(341952K)->0K(341952K) From: 40965K(42688K)->40965K(42688K)
[2025-05-20T13:11:56.129+0000][688.683s][info][gc,heap        ] GC(201) Tenured: 604693K(854492K)->609814K(854492K)
[2025-05-20T13:11:56.129+0000][688.683s][info][gc,metaspace   ] GC(201) Metaspace: 38595K(39296K)->38595K(39296K) NonClass: 33864K(34240K)->33864K(34240K) Class: 4731K(5056K)->4731K(5056K)
[2025-05-20T13:11:56.130+0000][688.684s][info][gc             ] GC(201) Pause Young (Allocation Failure) 963M->635M(1210M) 7.342ms
[2025-05-20T13:11:56.130+0000][688.684s][info][gc,cpu         ] GC(201) User=0.00s Sys=0.00s Real=0.01s
[2025-05-20T13:11:56.149+0000][688.702s][info][gc,start       ] GC(202) Pause Young (Allocation Failure)
[2025-05-20T13:11:56.190+0000][688.744s][info][gc             ] GC(202) Pause Young (Allocation Failure) 968M->965M(1305M) 41.442ms
[2025-05-20T13:11:56.191+0000][688.744s][info][gc,cpu         ] GC(202) User=0.03s Sys=0.01s Real=0.04s
[2025-05-20T13:11:56.191+0000][688.745s][info][gc,start       ] GC(203) Pause Full (Allocation Failure)
[2025-05-20T13:11:56.194+0000][688.747s][info][gc,phases,start] GC(203) Phase 1: Mark live objects
[2025-05-20T13:11:56.207+0000][688.761s][info][gc,phases      ] GC(203) Phase 1: Mark live objects 13.702ms
[2025-05-20T13:11:56.208+0000][688.761s][info][gc,phases,start] GC(203) Phase 2: Compute new object addresses
[2025-05-20T13:11:56.212+0000][688.765s][info][gc,phases      ] GC(203) Phase 2: Compute new object addresses 3.909ms
[2025-05-20T13:11:56.212+0000][688.765s][info][gc,phases,start] GC(203) Phase 3: Adjust pointers
[2025-05-20T13:11:56.219+0000][688.772s][info][gc,phases      ] GC(203) Phase 3: Adjust pointers 6.886ms
[2025-05-20T13:11:56.219+0000][688.773s][info][gc,phases,start] GC(203) Phase 4: Move objects
[2025-05-20T13:11:56.250+0000][688.804s][info][gc,phases      ] GC(203) Phase 4: Move objects 31.141ms
[2025-05-20T13:11:56.251+0000][688.805s][info][gc,heap        ] GC(203) DefNew: 381902K(384640K)->0K(384640K) Eden: 340937K(341952K)->0K(341952K) From: 40965K(42688K)->0K(42688K)
[2025-05-20T13:11:56.251+0000][688.805s][info][gc,heap        ] GC(203) Tenured: 609814K(854492K)->425493K(854492K)
[2025-05-20T13:11:56.252+0000][688.805s][info][gc,metaspace   ] GC(203) Metaspace: 38595K(39296K)->38595K(39296K) NonClass: 33864K(34240K)->33864K(34240K) Class: 4731K(5056K)->4731K(5056K)
[2025-05-20T13:11:56.252+0000][688.805s][info][gc             ] GC(203) Pause Full (Allocation Failure) 965M->415M(1210M) 60.866ms
[2025-05-20T13:11:56.252+0000][688.806s][info][gc,cpu         ] GC(203) User=0.06s Sys=0.00s Real=0.06s
[2025-05-20T13:11:56.361+0000][688.914s][info][gc,start       ] GC(204) Pause Young (Allocation Failure)
[2025-05-20T13:11:56.378+0000][688.931s][info][gc,heap        ] GC(204) DefNew: 340604K(384640K)->40965K(384640K) Eden: 340604K(341952K)->0K(341952K) From: 0K(42688K)->40965K(42688K)
[2025-05-20T13:11:56.378+0000][688.931s][info][gc,heap        ] GC(204) Tenured: 425493K(854492K)->589334K(854492K)
[2025-05-20T13:11:56.378+0000][688.932s][info][gc,metaspace   ] GC(204) Metaspace: 38595K(39296K)->38595K(39296K) NonClass: 33864K(34240K)->33864K(34240K) Class: 4731K(5056K)->4731K(5056K)
[2025-05-20T13:11:56.378+0000][688.932s][info][gc             ] GC(204) Pause Young (Allocation Failure) 748M->615M(1210M) 17.624ms
[2025-05-20T13:11:56.379+0000][688.932s][info][gc,cpu         ] GC(204) User=0.02s Sys=0.00s Real=0.02s
[2025-05-20T13:11:56.475+0000][689.028s][info][gc,start       ] GC(205) Pause Young (Allocation Failure)
[2025-05-20T13:11:56.478+0000][689.031s][info][gc,heap        ] GC(205) DefNew: 381697K(384640K)->25605K(384640K) Eden: 340731K(341952K)->0K(341952K) From: 40965K(42688K)->25605K(42688K)
[2025-05-20T13:11:56.478+0000][689.032s][info][gc,heap        ] GC(205) Tenured: 589334K(854492K)->589334K(854492K)
[2025-05-20T13:11:56.478+0000][689.032s][info][gc,metaspace   ] GC(205) Metaspace: 38596K(39296K)->38596K(39296K) NonClass: 33864K(34240K)->33864K(34240K) Class: 4731K(5056K)->4731K(5056K)
[2025-05-20T13:11:56.478+0000][689.032s][info][gc             ] GC(205) Pause Young (Allocation Failure) 948M->600M(1210M) 3.554ms
[2025-05-20T13:11:56.479+0000][689.032s][info][gc,cpu         ] GC(205) User=0.00s Sys=0.00s Real=0.00s
[2025-05-20T13:11:56.498+0000][689.051s][info][gc,start       ] GC(206) Pause Young (Allocation Failure)
[2025-05-20T13:11:56.530+0000][689.084s][info][gc             ] GC(206) Pause Young (Allocation Failure) 933M->930M(1270M) 32.579ms
[2025-05-20T13:11:56.531+0000][689.084s][info][gc,cpu         ] GC(206) User=0.03s Sys=0.00s Real=0.03s
[2025-05-20T13:11:56.531+0000][689.084s][info][gc,start       ] GC(207) Pause Full (Allocation Failure)
[2025-05-20T13:11:56.531+0000][689.084s][info][gc,phases,start] GC(207) Phase 1: Mark live objects
[2025-05-20T13:11:56.544+0000][689.098s][info][gc,phases      ] GC(207) Phase 1: Mark live objects 13.164ms
[2025-05-20T13:11:56.544+0000][689.098s][info][gc,phases,start] GC(207) Phase 2: Compute new object addresses
[2025-05-20T13:11:56.549+0000][689.102s][info][gc,phases      ] GC(207) Phase 2: Compute new object addresses 4.416ms
[2025-05-20T13:11:56.549+0000][689.103s][info][gc,phases,start] GC(207) Phase 3: Adjust pointers
[2025-05-20T13:11:56.557+0000][689.111s][info][gc,phases      ] GC(207) Phase 3: Adjust pointers 8.044ms
[2025-05-20T13:11:56.557+0000][689.111s][info][gc,phases,start] GC(207) Phase 4: Move objects
[2025-05-20T13:11:56.588+0000][689.141s][info][gc,phases      ] GC(207) Phase 4: Move objects 30.315ms
[2025-05-20T13:11:56.589+0000][689.142s][info][gc,heap        ] GC(207) DefNew: 366474K(384640K)->0K(384640K) Eden: 340869K(341952K)->0K(341952K) From: 25605K(42688K)->0K(42688K)
[2025-05-20T13:11:56.589+0000][689.143s][info][gc,heap        ] GC(207) Tenured: 589334K(854492K)->379412K(854492K)
[2025-05-20T13:11:56.589+0000][689.143s][info][gc,metaspace   ] GC(207) Metaspace: 38596K(39296K)->38596K(39296K) NonClass: 33864K(34240K)->33864K(34240K) Class: 4731K(5056K)->4731K(5056K)
[2025-05-20T13:11:56.590+0000][689.143s][info][gc             ] GC(207) Pause Full (Allocation Failure) 930M->370M(1210M) 58.898ms
[2025-05-20T13:11:56.590+0000][689.144s][info][gc,cpu         ] GC(207) User=0.06s Sys=0.00s Real=0.06s
[2025-05-20T13:11:56.689+0000][689.243s][info][gc,start       ] GC(208) Pause Young (Allocation Failure)
[2025-05-20T13:11:56.706+0000][689.260s][info][gc,heap        ] GC(208) DefNew: 339173K(384640K)->40966K(384640K) Eden: 339173K(341952K)->0K(341952K) From: 0K(42688K)->40966K(42688K)
[2025-05-20T13:11:56.707+0000][689.260s][info][gc,heap        ] GC(208) Tenured: 379412K(854492K)->533012K(854492K)
[2025-05-20T13:11:56.707+0000][689.261s][info][gc,metaspace   ] GC(208) Metaspace: 38597K(39296K)->38597K(39296K) NonClass: 33866K(34240K)->33866K(34240K) Class: 4731K(5056K)->4731K(5056K)
[2025-05-20T13:11:56.708+0000][689.261s][info][gc             ] GC(208) Pause Young (Allocation Failure) 701M->560M(1210M) 18.476ms
[2025-05-20T13:11:56.708+0000][689.262s][info][gc,cpu         ] GC(208) User=0.01s Sys=0.00s Real=0.02s
[2025-05-20T13:11:56.807+0000][689.360s][info][gc,start       ] GC(209) Pause Young (Allocation Failure)
[2025-05-20T13:11:56.811+0000][689.364s][info][gc,heap        ] GC(209) DefNew: 379660K(384640K)->5125K(384640K) Eden: 338694K(341952K)->0K(341952K) From: 40966K(42688K)->5125K(42688K)
[2025-05-20T13:11:56.811+0000][689.365s][info][gc,heap        ] GC(209) Tenured: 533012K(854492K)->543253K(854492K)
[2025-05-20T13:11:56.812+0000][689.365s][info][gc,metaspace   ] GC(209) Metaspace: 38597K(39296K)->38597K(39296K) NonClass: 33866K(34240K)->33866K(34240K) Class: 4731K(5056K)->4731K(5056K)
[2025-05-20T13:11:56.812+0000][689.366s][info][gc             ] GC(209) Pause Young (Allocation Failure) 891M->535M(1210M) 5.571ms
[2025-05-20T13:11:56.813+0000][689.366s][info][gc,cpu         ] GC(209) User=0.00s Sys=0.00s Real=0.00s
[2025-05-20T13:11:56.839+0000][689.393s][info][gc,start       ] GC(210) Pause Young (Allocation Failure)
[2025-05-20T13:11:56.868+0000][689.421s][info][gc,heap        ] GC(210) DefNew: 345205K(384640K)->40965K(384640K) Eden: 340079K(341952K)->0K(341952K) From: 5125K(42688K)->40965K(42688K)
[2025-05-20T13:11:56.868+0000][689.422s][info][gc,heap        ] GC(210) Tenured: 543253K(854492K)->845334K(854492K)
[2025-05-20T13:11:56.870+0000][689.423s][info][gc,metaspace   ] GC(210) Metaspace: 38597K(39296K)->38597K(39296K) NonClass: 33866K(34240K)->33866K(34240K) Class: 4731K(5056K)->4731K(5056K)
[2025-05-20T13:11:56.870+0000][689.424s][info][gc             ] GC(210) Pause Young (Allocation Failure) 867M->865M(1210M) 31.264ms
[2025-05-20T13:11:56.871+0000][689.424s][info][gc,cpu         ] GC(210) User=0.02s Sys=0.00s Real=0.03s
[2025-05-20T13:11:56.977+0000][689.530s][info][gc,start       ] GC(211) Pause Young (Allocation Failure)
[2025-05-20T13:11:57.003+0000][689.556s][info][gc             ] GC(211) Pause Young (Allocation Failure) 1199M->985M(1325M) 25.988ms
[2025-05-20T13:11:57.003+0000][689.557s][info][gc,cpu         ] GC(211) User=0.02s Sys=0.00s Real=0.02s
[2025-05-20T13:11:57.004+0000][689.557s][info][gc,start       ] GC(212) Pause Full (Allocation Failure)
[2025-05-20T13:11:57.004+0000][689.557s][info][gc,phases,start] GC(212) Phase 1: Mark live objects
[2025-05-20T13:11:57.017+0000][689.571s][info][gc,phases      ] GC(212) Phase 1: Mark live objects 13.096ms
[2025-05-20T13:11:57.017+0000][689.571s][info][gc,phases,start] GC(212) Phase 2: Compute new object addresses
[2025-05-20T13:11:57.022+0000][689.575s][info][gc,phases      ] GC(212) Phase 2: Compute new object addresses 4.301ms
[2025-05-20T13:11:57.022+0000][689.576s][info][gc,phases,start] GC(212) Phase 3: Adjust pointers
[2025-05-20T13:11:57.029+0000][689.582s][info][gc,phases      ] GC(212) Phase 3: Adjust pointers 6.648ms
[2025-05-20T13:11:57.029+0000][689.583s][info][gc,phases,start] GC(212) Phase 4: Move objects
[2025-05-20T13:11:57.043+0000][689.597s][info][gc,phases      ] GC(212) Phase 4: Move objects 13.839ms
[2025-05-20T13:11:57.044+0000][689.598s][info][gc,heap        ] GC(212) DefNew: 382501K(384640K)->0K(384640K) Eden: 341535K(341952K)->0K(341952K) From: 40965K(42688K)->0K(42688K)
[2025-05-20T13:11:57.045+0000][689.598s][info][gc,heap        ] GC(212) Tenured: 845334K(854492K)->179732K(854492K)
[2025-05-20T13:11:57.045+0000][689.599s][info][gc,metaspace   ] GC(212) Metaspace: 38597K(39296K)->38597K(39296K) NonClass: 33866K(34240K)->33866K(34240K) Class: 4731K(5056K)->4731K(5056K)
[2025-05-20T13:11:57.045+0000][689.599s][info][gc             ] GC(212) Pause Full (Allocation Failure) 985M->175M(1210M) 41.653ms
[2025-05-20T13:11:57.045+0000][689.599s][info][gc,cpu         ] GC(212) User=0.04s Sys=0.00s Real=0.05s
[2025-05-20T13:11:57.063+0000][689.617s][info][gc,start       ] GC(213) Pause Young (Allocation Failure)
[2025-05-20T13:11:57.093+0000][689.646s][info][gc,heap        ] GC(213) DefNew: 337250K(384640K)->40960K(384640K) Eden: 337250K(341952K)->0K(341952K) From: 0K(42688K)->40960K(42688K)
[2025-05-20T13:11:57.093+0000][689.647s][info][gc,heap        ] GC(213) Tenured: 179732K(854492K)->471572K(854492K)
[2025-05-20T13:11:57.094+0000][689.647s][info][gc,metaspace   ] GC(213) Metaspace: 38597K(39296K)->38597K(39296K) NonClass: 33866K(34240K)->33866K(34240K) Class: 4731K(5056K)->4731K(5056K)
[2025-05-20T13:11:57.094+0000][689.647s][info][gc             ] GC(213) Pause Young (Allocation Failure) 504M->500M(1210M) 30.549ms
[2025-05-20T13:11:57.094+0000][689.648s][info][gc,cpu         ] GC(213) User=0.03s Sys=0.00s Real=0.03s
[2025-05-20T13:11:57.204+0000][689.757s][info][gc,start       ] GC(214) Pause Young (Allocation Failure)
[2025-05-20T13:11:57.231+0000][689.785s][info][gc,heap        ] GC(214) DefNew: 382341K(384640K)->40965K(384640K) Eden: 341380K(341952K)->0K(341952K) From: 40960K(42688K)->40965K(42688K)
[2025-05-20T13:11:57.232+0000][689.785s][info][gc,heap        ] GC(214) Tenured: 471572K(854492K)->758294K(854492K)
[2025-05-20T13:11:57.232+0000][689.785s][info][gc,metaspace   ] GC(214) Metaspace: 38597K(39296K)->38597K(39296K) NonClass: 33866K(34240K)->33866K(34240K) Class: 4731K(5056K)->4731K(5056K)
[2025-05-20T13:11:57.232+0000][689.786s][info][gc             ] GC(214) Pause Young (Allocation Failure) 833M->780M(1210M) 28.174ms
[2025-05-20T13:11:57.232+0000][689.786s][info][gc,cpu         ] GC(214) User=0.03s Sys=0.00s Real=0.03s
[2025-05-20T13:11:57.343+0000][689.897s][info][gc,start       ] GC(215) Pause Young (Allocation Failure)
[2025-05-20T13:11:57.356+0000][689.909s][info][gc             ] GC(215) Pause Young (Allocation Failure) 1114M->880M(1220M) 12.819ms
[2025-05-20T13:11:57.356+0000][689.910s][info][gc,cpu         ] GC(215) User=0.02s Sys=0.00s Real=0.02s
[2025-05-20T13:11:57.357+0000][689.910s][info][gc,start       ] GC(216) Pause Full (Allocation Failure)
[2025-05-20T13:11:57.357+0000][689.910s][info][gc,phases,start] GC(216) Phase 1: Mark live objects
[2025-05-20T13:11:57.369+0000][689.922s][info][gc,phases      ] GC(216) Phase 1: Mark live objects 11.880ms
[2025-05-20T13:11:57.369+0000][689.923s][info][gc,phases,start] GC(216) Phase 2: Compute new object addresses
[2025-05-20T13:11:57.373+0000][689.926s][info][gc,phases      ] GC(216) Phase 2: Compute new object addresses 3.838ms
[2025-05-20T13:11:57.373+0000][689.927s][info][gc,phases,start] GC(216) Phase 3: Adjust pointers
[2025-05-20T13:11:57.380+0000][689.933s][info][gc,phases      ] GC(216) Phase 3: Adjust pointers 6.609ms
[2025-05-20T13:11:57.380+0000][689.934s][info][gc,phases,start] GC(216) Phase 4: Move objects
[2025-05-20T13:11:57.392+0000][689.945s][info][gc,phases      ] GC(216) Phase 4: Move objects 11.476ms
[2025-05-20T13:11:57.393+0000][689.946s][info][gc,heap        ] GC(216) DefNew: 382533K(384640K)->0K(374208K) Eden: 341567K(341952K)->0K(332672K) From: 40965K(42688K)->0K(41536K)
[2025-05-20T13:11:57.393+0000][689.946s][info][gc,heap        ] GC(216) Tenured: 758294K(854492K)->159252K(831352K)
[2025-05-20T13:11:57.393+0000][689.947s][info][gc,metaspace   ] GC(216) Metaspace: 38598K(39296K)->38598K(39296K) NonClass: 33866K(34240K)->33866K(34240K) Class: 4731K(5056K)->4731K(5056K)
[2025-05-20T13:11:57.393+0000][689.947s][info][gc             ] GC(216) Pause Full (Allocation Failure) 880M->155M(1177M) 36.777ms
[2025-05-20T13:11:57.394+0000][689.947s][info][gc,cpu         ] GC(216) User=0.03s Sys=0.00s Real=0.03s
[2025-05-20T13:11:57.412+0000][689.966s][info][gc,start       ] GC(217) Pause Young (Allocation Failure)
[2025-05-20T13:11:57.439+0000][689.992s][info][gc,heap        ] GC(217) DefNew: 331431K(374208K)->40960K(374208K) Eden: 331431K(332672K)->0K(332672K) From: 0K(41536K)->40960K(41536K)
[2025-05-20T13:11:57.439+0000][689.993s][info][gc,heap        ] GC(217) Tenured: 159252K(831352K)->445972K(831352K)
[2025-05-20T13:11:57.440+0000][689.993s][info][gc,metaspace   ] GC(217) Metaspace: 38598K(39296K)->38598K(39296K) NonClass: 33866K(34240K)->33866K(34240K) Class: 4731K(5056K)->4731K(5056K)
[2025-05-20T13:11:57.440+0000][689.993s][info][gc             ] GC(217) Pause Young (Allocation Failure) 479M->475M(1177M) 27.649ms
[2025-05-20T13:11:57.440+0000][689.993s][info][gc,cpu         ] GC(217) User=0.02s Sys=0.00s Real=0.03s
[2025-05-20T13:11:57.543+0000][690.097s][info][gc,start       ] GC(218) Pause Young (Allocation Failure)
[2025-05-20T13:11:57.571+0000][690.124s][info][gc,heap        ] GC(218) DefNew: 371707K(374208K)->40965K(374208K) Eden: 330747K(332672K)->0K(332672K) From: 40960K(41536K)->40965K(41536K)
[2025-05-20T13:11:57.571+0000][690.125s][info][gc,heap        ] GC(218) Tenured: 445972K(831352K)->712214K(831352K)
[2025-05-20T13:11:57.572+0000][690.125s][info][gc,metaspace   ] GC(218) Metaspace: 38598K(39296K)->38598K(39296K) NonClass: 33866K(34240K)->33866K(34240K) Class: 4731K(5056K)->4731K(5056K)
[2025-05-20T13:11:57.572+0000][690.126s][info][gc             ] GC(218) Pause Young (Allocation Failure) 798M->735M(1177M) 28.925ms
[2025-05-20T13:11:57.572+0000][690.126s][info][gc,cpu         ] GC(218) User=0.02s Sys=0.00s Real=0.03s
[2025-05-20T13:11:57.666+0000][690.219s][info][gc,start       ] GC(219) Pause Young (Allocation Failure)
[2025-05-20T13:11:57.676+0000][690.229s][info][gc,heap        ] GC(219) DefNew: 372119K(374208K)->40965K(374208K) Eden: 331153K(332672K)->0K(332672K) From: 40965K(41536K)->40965K(41536K)
[2025-05-20T13:11:57.676+0000][690.230s][info][gc,heap        ] GC(219) Tenured: 712214K(831352K)->763414K(831352K)
[2025-05-20T13:11:57.676+0000][690.230s][info][gc,metaspace   ] GC(219) Metaspace: 38598K(39296K)->38598K(39296K) NonClass: 33866K(34240K)->33866K(34240K) Class: 4731K(5056K)->4731K(5056K)
[2025-05-20T13:11:57.677+0000][690.230s][info][gc             ] GC(219) Pause Young (Allocation Failure) 1058M->785M(1177M) 11.042ms
[2025-05-20T13:11:57.677+0000][690.231s][info][gc,cpu         ] GC(219) User=0.01s Sys=0.00s Real=0.01s
[2025-05-20T13:11:57.696+0000][690.249s][info][gc,start       ] GC(220) Pause Young (Allocation Failure)
[2025-05-20T13:11:57.756+0000][690.310s][info][gc             ] GC(220) Pause Young (Allocation Failure) 1108M->1105M(1432M) 60.167ms
[2025-05-20T13:11:57.756+0000][690.310s][info][gc,cpu         ] GC(220) User=0.04s Sys=0.03s Real=0.06s
[2025-05-20T13:11:57.757+0000][690.310s][info][gc,start       ] GC(221) Pause Full (Allocation Failure)
[2025-05-20T13:11:57.757+0000][690.311s][info][gc,phases,start] GC(221) Phase 1: Mark live objects
[2025-05-20T13:11:57.771+0000][690.325s][info][gc,phases      ] GC(221) Phase 1: Mark live objects 14.046ms
[2025-05-20T13:11:57.772+0000][690.325s][info][gc,phases,start] GC(221) Phase 2: Compute new object addresses
[2025-05-20T13:11:57.776+0000][690.329s][info][gc,phases      ] GC(221) Phase 2: Compute new object addresses 3.962ms
[2025-05-20T13:11:57.776+0000][690.330s][info][gc,phases,start] GC(221) Phase 3: Adjust pointers
[2025-05-20T13:11:57.783+0000][690.337s][info][gc,phases      ] GC(221) Phase 3: Adjust pointers 7.064ms
[2025-05-20T13:11:57.783+0000][690.337s][info][gc,phases,start] GC(221) Phase 4: Move objects
[2025-05-20T13:11:57.818+0000][690.371s][info][gc,phases      ] GC(221) Phase 4: Move objects 34.277ms
[2025-05-20T13:11:57.823+0000][690.376s][info][gc,heap        ] GC(221) DefNew: 372128K(374208K)->0K(374208K) Eden: 331163K(332672K)->0K(332672K) From: 40965K(41536K)->0K(41536K)
[2025-05-20T13:11:57.825+0000][690.379s][info][gc,heap        ] GC(221) Tenured: 763414K(831352K)->435733K(831352K)
[2025-05-20T13:11:57.826+0000][690.379s][info][gc,metaspace   ] GC(221) Metaspace: 38598K(39296K)->38598K(39296K) NonClass: 33866K(34240K)->33866K(34240K) Class: 4731K(5056K)->4731K(5056K)
[2025-05-20T13:11:57.826+0000][690.380s][info][gc             ] GC(221) Pause Full (Allocation Failure) 1105M->425M(1177M) 69.344ms
[2025-05-20T13:11:57.826+0000][690.380s][info][gc,cpu         ] GC(221) User=0.06s Sys=0.00s Real=0.07s
[2025-05-20T13:11:57.911+0000][690.465s][info][gc,start       ] GC(222) Pause Young (Allocation Failure)
[2025-05-20T13:11:57.931+0000][690.485s][info][gc,heap        ] GC(222) DefNew: 330719K(374208K)->40965K(374208K) Eden: 330719K(332672K)->0K(332672K) From: 0K(41536K)->40965K(41536K)
[2025-05-20T13:11:57.932+0000][690.485s][info][gc,heap        ] GC(222) Tenured: 435733K(831352K)->625173K(831352K)
[2025-05-20T13:11:57.932+0000][690.486s][info][gc,metaspace   ] GC(222) Metaspace: 38602K(39296K)->38602K(39296K) NonClass: 33871K(34240K)->33871K(34240K) Class: 4731K(5056K)->4731K(5056K)
[2025-05-20T13:11:57.933+0000][690.486s][info][gc             ] GC(222) Pause Young (Allocation Failure) 748M->650M(1177M) 21.227ms
[2025-05-20T13:11:57.933+0000][690.486s][info][gc,cpu         ] GC(222) User=0.02s Sys=0.00s Real=0.02s
[2025-05-20T13:11:58.010+0000][690.563s][info][gc,start       ] GC(223) Pause Young (Allocation Failure)
[2025-05-20T13:11:58.015+0000][690.569s][info][gc,heap        ] GC(223) DefNew: 371907K(374208K)->40965K(374208K) Eden: 330941K(332672K)->0K(332672K) From: 40965K(41536K)->40965K(41536K)
[2025-05-20T13:11:58.016+0000][690.569s][info][gc,heap        ] GC(223) Tenured: 625173K(831352K)->625174K(831352K)
[2025-05-20T13:11:58.016+0000][690.570s][info][gc,metaspace   ] GC(223) Metaspace: 38602K(39296K)->38602K(39296K) NonClass: 33871K(34240K)->33871K(34240K) Class: 4731K(5056K)->4731K(5056K)
[2025-05-20T13:11:58.017+0000][690.570s][info][gc             ] GC(223) Pause Young (Allocation Failure) 973M->650M(1177M) 7.142ms
[2025-05-20T13:11:58.017+0000][690.571s][info][gc,cpu         ] GC(223) User=0.01s Sys=0.00s Real=0.01s
[2025-05-20T13:11:58.036+0000][690.589s][info][gc,start       ] GC(224) Pause Young (Allocation Failure)
[2025-05-20T13:11:58.075+0000][690.628s][info][gc             ] GC(224) Pause Young (Allocation Failure) 973M->970M(1297M) 38.997ms
[2025-05-20T13:11:58.075+0000][690.629s][info][gc,cpu         ] GC(224) User=0.03s Sys=0.01s Real=0.04s
[2025-05-20T13:11:58.076+0000][690.629s][info][gc,start       ] GC(225) Pause Full (Allocation Failure)
[2025-05-20T13:11:58.076+0000][690.630s][info][gc,phases,start] GC(225) Phase 1: Mark live objects
[2025-05-20T13:11:58.090+0000][690.643s][info][gc,phases      ] GC(225) Phase 1: Mark live objects 13.598ms
[2025-05-20T13:11:58.090+0000][690.644s][info][gc,phases,start] GC(225) Phase 2: Compute new object addresses
[2025-05-20T13:11:58.094+0000][690.648s][info][gc,phases      ] GC(225) Phase 2: Compute new object addresses 4.153ms
[2025-05-20T13:11:58.095+0000][690.648s][info][gc,phases,start] GC(225) Phase 3: Adjust pointers
[2025-05-20T13:11:58.102+0000][690.656s][info][gc,phases      ] GC(225) Phase 3: Adjust pointers 7.605ms
[2025-05-20T13:11:58.103+0000][690.656s][info][gc,phases,start] GC(225) Phase 4: Move objects
[2025-05-20T13:11:58.133+0000][690.687s][info][gc,phases      ] GC(225) Phase 4: Move objects 30.344ms
[2025-05-20T13:11:58.134+0000][690.688s][info][gc,heap        ] GC(225) DefNew: 371825K(374208K)->0K(374208K) Eden: 330860K(332672K)->0K(332672K) From: 40965K(41536K)->0K(41536K)
[2025-05-20T13:11:58.135+0000][690.689s][info][gc,heap        ] GC(225) Tenured: 625174K(831352K)->384532K(831352K)
[2025-05-20T13:11:58.136+0000][690.689s][info][gc,metaspace   ] GC(225) Metaspace: 38602K(39296K)->38602K(39296K) NonClass: 33871K(34240K)->33871K(34240K) Class: 4731K(5056K)->4731K(5056K)
[2025-05-20T13:11:58.136+0000][690.690s][info][gc             ] GC(225) Pause Full (Allocation Failure) 970M->375M(1177M) 60.416ms
[2025-05-20T13:11:58.137+0000][690.690s][info][gc,cpu         ] GC(225) User=0.05s Sys=0.00s Real=0.06s
[2025-05-20T13:12:21.299+0000][713.854s][info][gc,start       ] GC(226) Pause Young (Allocation Failure)
[2025-05-20T13:12:21.319+0000][713.874s][info][gc,heap        ] GC(226) DefNew: 328302K(374208K)->40967K(374208K) Eden: 328302K(332672K)->0K(332672K) From: 0K(41536K)->40967K(41536K)
[2025-05-20T13:12:21.320+0000][713.875s][info][gc,heap        ] GC(226) Tenured: 384532K(831352K)->507412K(831352K)
[2025-05-20T13:12:21.320+0000][713.875s][info][gc,metaspace   ] GC(226) Metaspace: 38614K(39296K)->38614K(39296K) NonClass: 33882K(34240K)->33882K(34240K) Class: 4731K(5056K)->4731K(5056K)
[2025-05-20T13:12:21.321+0000][713.876s][info][gc             ] GC(226) Pause Young (Allocation Failure) 696M->535M(1177M) 21.918ms
[2025-05-20T13:12:21.321+0000][713.877s][info][gc,cpu         ] GC(226) User=0.02s Sys=0.00s Real=0.02s
[2025-05-20T13:12:21.343+0000][713.898s][info][gc,start       ] GC(227) Pause Young (Allocation Failure)
[2025-05-20T13:12:21.378+0000][713.933s][info][gc             ] GC(227) Pause Young (Allocation Failure) 858M->855M(1182M) 35.082ms
[2025-05-20T13:12:21.378+0000][713.934s][info][gc,cpu         ] GC(227) User=0.04s Sys=0.00s Real=0.04s
[2025-05-20T13:12:21.379+0000][713.934s][info][gc,start       ] GC(228) Pause Full (Allocation Failure)
[2025-05-20T13:12:21.379+0000][713.934s][info][gc,phases,start] GC(228) Phase 1: Mark live objects
[2025-05-20T13:12:21.393+0000][713.948s][info][gc,phases      ] GC(228) Phase 1: Mark live objects 13.245ms
[2025-05-20T13:12:21.393+0000][713.948s][info][gc,phases,start] GC(228) Phase 2: Compute new object addresses
[2025-05-20T13:12:21.398+0000][713.953s][info][gc,phases      ] GC(228) Phase 2: Compute new object addresses 4.402ms
[2025-05-20T13:12:21.398+0000][713.953s][info][gc,phases,start] GC(228) Phase 3: Adjust pointers
[2025-05-20T13:12:21.406+0000][713.961s][info][gc,phases      ] GC(228) Phase 3: Adjust pointers 7.568ms
[2025-05-20T13:12:21.406+0000][713.961s][info][gc,phases,start] GC(228) Phase 4: Move objects
[2025-05-20T13:12:21.446+0000][714.001s][info][gc,phases      ] GC(228) Phase 4: Move objects 39.448ms
[2025-05-20T13:12:21.446+0000][714.001s][info][gc,heap        ] GC(228) DefNew: 371964K(374208K)->0K(376768K) Eden: 330997K(332672K)->0K(334912K) From: 40967K(41536K)->0K(41856K)
[2025-05-20T13:12:21.447+0000][714.002s][info][gc,heap        ] GC(228) Tenured: 507412K(831352K)->502295K(837160K)
[2025-05-20T13:12:21.447+0000][714.002s][info][gc,metaspace   ] GC(228) Metaspace: 38614K(39296K)->38614K(39296K) NonClass: 33882K(34240K)->33882K(34240K) Class: 4731K(5056K)->4731K(5056K)
[2025-05-20T13:12:21.447+0000][714.002s][info][gc             ] GC(228) Pause Full (Allocation Failure) 855M->490M(1185M) 67.990ms
[2025-05-20T13:12:21.447+0000][714.002s][info][gc,cpu         ] GC(228) User=0.06s Sys=0.00s Real=0.07s
[2025-05-20T13:12:21.557+0000][714.112s][info][gc,start       ] GC(229) Pause Young (Allocation Failure)
[2025-05-20T13:12:21.590+0000][714.145s][info][gc,heap        ] GC(229) DefNew: 331831K(376768K)->40966K(376768K) Eden: 331831K(334912K)->0K(334912K) From: 0K(41856K)->40966K(41856K)
[2025-05-20T13:12:21.591+0000][714.146s][info][gc,heap        ] GC(229) Tenured: 502295K(837160K)->758295K(837160K)
[2025-05-20T13:12:21.591+0000][714.146s][info][gc,metaspace   ] GC(229) Metaspace: 38614K(39296K)->38614K(39296K) NonClass: 33882K(34240K)->33882K(34240K) Class: 4731K(5056K)->4731K(5056K)
[2025-05-20T13:12:21.591+0000][714.146s][info][gc             ] GC(229) Pause Young (Allocation Failure) 814M->780M(1185M) 34.245ms
[2025-05-20T13:12:21.592+0000][714.147s][info][gc,cpu         ] GC(229) User=0.03s Sys=0.01s Real=0.03s
[2025-05-20T13:12:21.688+0000][714.243s][info][gc,start       ] GC(230) Pause Young (Allocation Failure)
[2025-05-20T13:12:21.699+0000][714.254s][info][gc,heap        ] GC(230) DefNew: 372109K(376768K)->40965K(376768K) Eden: 331143K(334912K)->0K(334912K) From: 40966K(41856K)->40965K(41856K)
[2025-05-20T13:12:21.701+0000][714.256s][info][gc,heap        ] GC(230) Tenured: 758295K(837160K)->824856K(837160K)
[2025-05-20T13:12:21.701+0000][714.256s][info][gc,metaspace   ] GC(230) Metaspace: 38622K(39296K)->38622K(39296K) NonClass: 33891K(34240K)->33891K(34240K) Class: 4731K(5056K)->4731K(5056K)
[2025-05-20T13:12:21.701+0000][714.257s][info][gc             ] GC(230) Pause Young (Allocation Failure) 1103M->845M(1185M) 13.702ms
[2025-05-20T13:12:21.702+0000][714.257s][info][gc,cpu         ] GC(230) User=0.01s Sys=0.00s Real=0.01s
[2025-05-20T13:12:21.725+0000][714.280s][info][gc,start       ] GC(231) Pause Young (Allocation Failure)
[2025-05-20T13:12:21.797+0000][714.352s][info][gc             ] GC(231) Pause Young (Allocation Failure) 1168M->1165M(1495M) 72.507ms
[2025-05-20T13:12:21.798+0000][714.353s][info][gc,cpu         ] GC(231) User=0.02s Sys=0.05s Real=0.07s
[2025-05-20T13:12:21.798+0000][714.353s][info][gc,start       ] GC(232) Pause Full (Allocation Failure)
[2025-05-20T13:12:21.798+0000][714.354s][info][gc,phases,start] GC(232) Phase 1: Mark live objects
[2025-05-20T13:12:21.810+0000][714.366s][info][gc,phases      ] GC(232) Phase 1: Mark live objects 11.984ms
[2025-05-20T13:12:21.811+0000][714.366s][info][gc,phases,start] GC(232) Phase 2: Compute new object addresses
[2025-05-20T13:12:21.815+0000][714.370s][info][gc,phases      ] GC(232) Phase 2: Compute new object addresses 3.776ms
[2025-05-20T13:12:21.815+0000][714.370s][info][gc,phases,start] GC(232) Phase 3: Adjust pointers
[2025-05-20T13:12:21.822+0000][714.377s][info][gc,phases      ] GC(232) Phase 3: Adjust pointers 6.762ms
[2025-05-20T13:12:21.823+0000][714.378s][info][gc,phases,start] GC(232) Phase 4: Move objects
[2025-05-20T13:12:21.858+0000][714.413s][info][gc,phases      ] GC(232) Phase 4: Move objects 35.415ms
[2025-05-20T13:12:21.859+0000][714.415s][info][gc,heap        ] GC(232) DefNew: 371784K(376768K)->0K(376768K) Eden: 330818K(334912K)->0K(334912K) From: 40965K(41856K)->0K(41856K)
[2025-05-20T13:12:21.860+0000][714.415s][info][gc,heap        ] GC(232) Tenured: 824856K(837160K)->451095K(837160K)
[2025-05-20T13:12:21.861+0000][714.416s][info][gc,metaspace   ] GC(232) Metaspace: 38623K(39296K)->38623K(39296K) NonClass: 33892K(34240K)->33892K(34240K) Class: 4731K(5056K)->4731K(5056K)
[2025-05-20T13:12:21.861+0000][714.416s][info][gc             ] GC(232) Pause Full (Allocation Failure) 1165M->440M(1185M) 62.823ms
[2025-05-20T13:12:21.861+0000][714.416s][info][gc,cpu         ] GC(232) User=0.06s Sys=0.00s Real=0.06s
[2025-05-20T13:12:21.960+0000][714.516s][info][gc,start       ] GC(233) Pause Young (Allocation Failure)
[2025-05-20T13:12:21.982+0000][714.537s][info][gc,heap        ] GC(233) DefNew: 331522K(376768K)->40965K(376768K) Eden: 331522K(334912K)->0K(334912K) From: 0K(41856K)->40965K(41856K)
[2025-05-20T13:12:21.982+0000][714.537s][info][gc,heap        ] GC(233) Tenured: 451095K(837160K)->655895K(837160K)
[2025-05-20T13:12:21.983+0000][714.538s][info][gc,metaspace   ] GC(233) Metaspace: 38624K(39296K)->38624K(39296K) NonClass: 33893K(34240K)->33893K(34240K) Class: 4731K(5056K)->4731K(5056K)
[2025-05-20T13:12:21.983+0000][714.538s][info][gc             ] GC(233) Pause Young (Allocation Failure) 764M->680M(1185M) 22.846ms
[2025-05-20T13:12:21.984+0000][714.539s][info][gc,cpu         ] GC(233) User=0.02s Sys=0.00s Real=0.03s
[2025-05-20T13:12:22.073+0000][714.628s][info][gc,start       ] GC(234) Pause Young (Allocation Failure)
[2025-05-20T13:12:22.079+0000][714.634s][info][gc,heap        ] GC(234) DefNew: 372101K(376768K)->40965K(376768K) Eden: 331135K(334912K)->0K(334912K) From: 40965K(41856K)->40965K(41856K)
[2025-05-20T13:12:22.080+0000][714.635s][info][gc,heap        ] GC(234) Tenured: 655895K(837160K)->671256K(837160K)
[2025-05-20T13:12:22.080+0000][714.635s][info][gc,metaspace   ] GC(234) Metaspace: 38625K(39296K)->38625K(39296K) NonClass: 33894K(34240K)->33894K(34240K) Class: 4731K(5056K)->4731K(5056K)
[2025-05-20T13:12:22.080+0000][714.635s][info][gc             ] GC(234) Pause Young (Allocation Failure) 1003M->695M(1185M) 6.605ms
[2025-05-20T13:12:22.080+0000][714.635s][info][gc,cpu         ] GC(234) User=0.00s Sys=0.00s Real=0.00s
[2025-05-20T13:12:22.098+0000][714.653s][info][gc,start       ] GC(235) Pause Young (Allocation Failure)
[2025-05-20T13:12:22.139+0000][714.694s][info][gc             ] GC(235) Pause Young (Allocation Failure) 1018M->1015M(1345M) 41.132ms
[2025-05-20T13:12:22.140+0000][714.695s][info][gc,cpu         ] GC(235) User=0.03s Sys=0.01s Real=0.04s
[2025-05-20T13:12:22.140+0000][714.695s][info][gc,start       ] GC(236) Pause Full (Allocation Failure)
[2025-05-20T13:12:22.141+0000][714.696s][info][gc,phases,start] GC(236) Phase 1: Mark live objects
[2025-05-20T13:12:22.158+0000][714.714s][info][gc,phases      ] GC(236) Phase 1: Mark live objects 17.727ms
[2025-05-20T13:12:22.159+0000][714.714s][info][gc,phases,start] GC(236) Phase 2: Compute new object addresses
[2025-05-20T13:12:22.163+0000][714.719s][info][gc,phases      ] GC(236) Phase 2: Compute new object addresses 4.598ms
[2025-05-20T13:12:22.164+0000][714.719s][info][gc,phases,start] GC(236) Phase 3: Adjust pointers
[2025-05-20T13:12:22.170+0000][714.725s][info][gc,phases      ] GC(236) Phase 3: Adjust pointers 6.758ms
[2025-05-20T13:12:22.171+0000][714.726s][info][gc,phases,start] GC(236) Phase 4: Move objects
[2025-05-20T13:12:22.202+0000][714.757s][info][gc,phases      ] GC(236) Phase 4: Move objects 30.935ms
[2025-05-20T13:12:22.203+0000][714.758s][info][gc,heap        ] GC(236) DefNew: 371579K(376768K)->0K(376768K) Eden: 330614K(334912K)->0K(334912K) From: 40965K(41856K)->0K(41856K)
[2025-05-20T13:12:22.203+0000][714.758s][info][gc,heap        ] GC(236) Tenured: 671256K(837160K)->399895K(837160K)
[2025-05-20T13:12:22.203+0000][714.758s][info][gc,metaspace   ] GC(236) Metaspace: 38625K(39296K)->38625K(39296K) NonClass: 33894K(34240K)->33894K(34240K) Class: 4731K(5056K)->4731K(5056K)
[2025-05-20T13:12:22.203+0000][714.758s][info][gc             ] GC(236) Pause Full (Allocation Failure) 1015M->390M(1185M) 63.065ms
[2025-05-20T13:12:22.203+0000][714.759s][info][gc,cpu         ] GC(236) User=0.06s Sys=0.00s Real=0.07s
[2025-05-20T13:12:22.324+0000][714.879s][info][gc,start       ] GC(237) Pause Young (Allocation Failure)
[2025-05-20T13:12:22.341+0000][714.896s][info][gc,heap        ] GC(237) DefNew: 334341K(376768K)->40965K(376768K) Eden: 334341K(334912K)->0K(334912K) From: 0K(41856K)->40965K(41856K)
[2025-05-20T13:12:22.342+0000][714.897s][info][gc,heap        ] GC(237) Tenured: 399895K(837160K)->558615K(837160K)
[2025-05-20T13:12:22.343+0000][714.898s][info][gc,metaspace   ] GC(237) Metaspace: 38626K(39296K)->38626K(39296K) NonClass: 33895K(34240K)->33895K(34240K) Class: 4731K(5056K)->4731K(5056K)
[2025-05-20T13:12:22.343+0000][714.898s][info][gc             ] GC(237) Pause Young (Allocation Failure) 717M->585M(1185M) 19.618ms
[2025-05-20T13:12:22.344+0000][714.899s][info][gc,cpu         ] GC(237) User=0.01s Sys=0.00s Real=0.02s
[2025-05-20T13:12:22.419+0000][714.974s][info][gc,start       ] GC(238) Pause Young (Allocation Failure)
[2025-05-20T13:12:22.423+0000][714.978s][info][gc,heap        ] GC(238) DefNew: 374200K(376768K)->15365K(376768K) Eden: 333234K(334912K)->0K(334912K) From: 40965K(41856K)->15365K(41856K)
[2025-05-20T13:12:22.424+0000][714.979s][info][gc,heap        ] GC(238) Tenured: 558615K(837160K)->558616K(837160K)
[2025-05-20T13:12:22.424+0000][714.979s][info][gc,metaspace   ] GC(238) Metaspace: 38629K(39296K)->38629K(39296K) NonClass: 33897K(34240K)->33897K(34240K) Class: 4731K(5056K)->4731K(5056K)
[2025-05-20T13:12:22.424+0000][714.980s][info][gc             ] GC(238) Pause Young (Allocation Failure) 910M->560M(1185M) 5.325ms
[2025-05-20T13:12:22.425+0000][714.980s][info][gc,cpu         ] GC(238) User=0.00s Sys=0.00s Real=0.01s
[2025-05-20T13:12:22.447+0000][715.002s][info][gc,start       ] GC(239) Pause Young (Allocation Failure)
[2025-05-20T13:12:22.482+0000][715.037s][info][gc             ] GC(239) Pause Young (Allocation Failure) 887M->885M(1215M) 34.897ms
[2025-05-20T13:12:22.483+0000][715.038s][info][gc,cpu         ] GC(239) User=0.04s Sys=0.00s Real=0.03s
[2025-05-20T13:12:22.484+0000][715.039s][info][gc,start       ] GC(240) Pause Full (Allocation Failure)
[2025-05-20T13:12:22.484+0000][715.039s][info][gc,phases,start] GC(240) Phase 1: Mark live objects
[2025-05-20T13:12:22.497+0000][715.052s][info][gc,phases      ] GC(240) Phase 1: Mark live objects 12.580ms
[2025-05-20T13:12:22.497+0000][715.053s][info][gc,phases,start] GC(240) Phase 2: Compute new object addresses
[2025-05-20T13:12:22.501+0000][715.056s][info][gc,phases      ] GC(240) Phase 2: Compute new object addresses 3.788ms
[2025-05-20T13:12:22.502+0000][715.057s][info][gc,phases,start] GC(240) Phase 3: Adjust pointers
[2025-05-20T13:12:22.509+0000][715.064s][info][gc,phases      ] GC(240) Phase 3: Adjust pointers 6.928ms
[2025-05-20T13:12:22.509+0000][715.064s][info][gc,phases,start] GC(240) Phase 4: Move objects
[2025-05-20T13:12:22.537+0000][715.093s][info][gc,phases      ] GC(240) Phase 4: Move objects 28.350ms
[2025-05-20T13:12:22.538+0000][715.093s][info][gc,heap        ] GC(240) DefNew: 349962K(376768K)->0K(376768K) Eden: 334597K(334912K)->0K(334912K) From: 15365K(41856K)->0K(41856K)
[2025-05-20T13:12:22.538+0000][715.093s][info][gc,heap        ] GC(240) Tenured: 558616K(837160K)->364052K(837160K)
[2025-05-20T13:12:22.538+0000][715.094s][info][gc,metaspace   ] GC(240) Metaspace: 38629K(39296K)->38629K(39296K) NonClass: 33897K(34240K)->33897K(34240K) Class: 4731K(5056K)->4731K(5056K)
[2025-05-20T13:12:22.539+0000][715.094s][info][gc             ] GC(240) Pause Full (Allocation Failure) 885M->355M(1185M) 54.965ms
[2025-05-20T13:12:22.539+0000][715.094s][info][gc,cpu         ] GC(240) User=0.05s Sys=0.00s Real=0.05s
[2025-05-20T13:12:22.652+0000][715.207s][info][gc,start       ] GC(241) Pause Young (Allocation Failure)
[2025-05-20T13:12:22.669+0000][715.224s][info][gc,heap        ] GC(241) DefNew: 333492K(376768K)->40966K(376768K) Eden: 333492K(334912K)->0K(334912K) From: 0K(41856K)->40966K(41856K)
[2025-05-20T13:12:22.669+0000][715.224s][info][gc,heap        ] GC(241) Tenured: 364052K(837160K)->512533K(837160K)
[2025-05-20T13:12:22.669+0000][715.224s][info][gc,metaspace   ] GC(241) Metaspace: 38637K(39360K)->38637K(39360K) NonClass: 33906K(34304K)->33906K(34304K) Class: 4731K(5056K)->4731K(5056K)
[2025-05-20T13:12:22.669+0000][715.224s][info][gc             ] GC(241) Pause Young (Allocation Failure) 681M->540M(1185M) 16.898ms
[2025-05-20T13:12:22.669+0000][715.224s][info][gc,cpu         ] GC(241) User=0.01s Sys=0.00s Real=0.02s
[2025-05-20T13:12:22.688+0000][715.243s][info][gc,start       ] GC(242) Pause Young (Allocation Failure)
[2025-05-20T13:12:22.719+0000][715.274s][info][gc             ] GC(242) Pause Young (Allocation Failure) 863M->860M(1190M) 30.996ms
[2025-05-20T13:12:22.719+0000][715.275s][info][gc,cpu         ] GC(242) User=0.03s Sys=0.00s Real=0.03s
[2025-05-20T13:12:22.720+0000][715.275s][info][gc,start       ] GC(243) Pause Full (Allocation Failure)
[2025-05-20T13:12:22.720+0000][715.275s][info][gc,phases,start] GC(243) Phase 1: Mark live objects
[2025-05-20T13:12:22.732+0000][715.288s][info][gc,phases      ] GC(243) Phase 1: Mark live objects 12.527ms
[2025-05-20T13:12:22.733+0000][715.288s][info][gc,phases,start] GC(243) Phase 2: Compute new object addresses
[2025-05-20T13:12:22.737+0000][715.292s][info][gc,phases      ] GC(243) Phase 2: Compute new object addresses 3.958ms
[2025-05-20T13:12:22.737+0000][715.293s][info][gc,phases,start] GC(243) Phase 3: Adjust pointers
[2025-05-20T13:12:22.744+0000][715.299s][info][gc,phases      ] GC(243) Phase 3: Adjust pointers 6.818ms
[2025-05-20T13:12:22.745+0000][715.300s][info][gc,phases,start] GC(243) Phase 4: Move objects
[2025-05-20T13:12:22.784+0000][715.339s][info][gc,phases      ] GC(243) Phase 4: Move objects 39.484ms
[2025-05-20T13:12:22.785+0000][715.340s][info][gc,heap        ] GC(243) DefNew: 371324K(376768K)->0K(380672K) Eden: 330358K(334912K)->0K(338432K) From: 40966K(41856K)->0K(42240K)
[2025-05-20T13:12:22.785+0000][715.340s][info][gc,heap        ] GC(243) Tenured: 512533K(837160K)->507413K(845692K)
[2025-05-20T13:12:22.785+0000][715.340s][info][gc,metaspace   ] GC(243) Metaspace: 38637K(39360K)->38637K(39360K) NonClass: 33906K(34304K)->33906K(34304K) Class: 4731K(5056K)->4731K(5056K)
[2025-05-20T13:12:22.785+0000][715.340s][info][gc             ] GC(243) Pause Full (Allocation Failure) 860M->495M(1197M) 65.284ms
[2025-05-20T13:12:22.785+0000][715.340s][info][gc,cpu         ] GC(243) User=0.07s Sys=0.00s Real=0.07s
[2025-05-20T13:12:22.902+0000][715.457s][info][gc,start       ] GC(244) Pause Young (Allocation Failure)
[2025-05-20T13:12:22.929+0000][715.485s][info][gc,heap        ] GC(244) DefNew: 334010K(380672K)->40965K(380672K) Eden: 334010K(338432K)->0K(338432K) From: 0K(42240K)->40965K(42240K)
[2025-05-20T13:12:22.930+0000][715.485s][info][gc,heap        ] GC(244) Tenured: 507413K(845692K)->773654K(845692K)
[2025-05-20T13:12:22.930+0000][715.486s][info][gc,metaspace   ] GC(244) Metaspace: 38641K(39360K)->38641K(39360K) NonClass: 33909K(34304K)->33909K(34304K) Class: 4731K(5056K)->4731K(5056K)
[2025-05-20T13:12:22.931+0000][715.486s][info][gc             ] GC(244) Pause Young (Allocation Failure) 821M->795M(1197M) 29.429ms
[2025-05-20T13:12:22.932+0000][715.487s][info][gc,cpu         ] GC(244) User=0.03s Sys=0.00s Real=0.03s
[2025-05-20T13:12:23.037+0000][715.592s][info][gc,start       ] GC(245) Pause Young (Allocation Failure)
[2025-05-20T13:12:23.053+0000][715.608s][info][gc             ] GC(245) Pause Young (Allocation Failure) 1121M->875M(1207M) 16.133ms
[2025-05-20T13:12:23.054+0000][715.609s][info][gc,cpu         ] GC(245) User=0.02s Sys=0.00s Real=0.02s
[2025-05-20T13:12:23.054+0000][715.609s][info][gc,start       ] GC(246) Pause Full (Allocation Failure)
[2025-05-20T13:12:23.055+0000][715.610s][info][gc,phases,start] GC(246) Phase 1: Mark live objects
[2025-05-20T13:12:23.070+0000][715.625s][info][gc,phases      ] GC(246) Phase 1: Mark live objects 15.230ms
[2025-05-20T13:12:23.071+0000][715.626s][info][gc,phases,start] GC(246) Phase 2: Compute new object addresses
[2025-05-20T13:12:23.075+0000][715.630s][info][gc,phases      ] GC(246) Phase 2: Compute new object addresses 3.971ms
[2025-05-20T13:12:23.076+0000][715.631s][info][gc,phases,start] GC(246) Phase 3: Adjust pointers
[2025-05-20T13:12:23.083+0000][715.638s][info][gc,phases      ] GC(246) Phase 3: Adjust pointers 7.397ms
[2025-05-20T13:12:23.083+0000][715.638s][info][gc,phases,start] GC(246) Phase 4: Move objects
[2025-05-20T13:12:23.094+0000][715.649s][info][gc,phases      ] GC(246) Phase 4: Move objects 10.208ms
[2025-05-20T13:12:23.094+0000][715.649s][info][gc,heap        ] GC(246) DefNew: 375020K(380672K)->0K(380672K) Eden: 334054K(338432K)->0K(338432K) From: 40965K(42240K)->0K(42240K)
[2025-05-20T13:12:23.095+0000][715.650s][info][gc,heap        ] GC(246) Tenured: 773654K(845692K)->138772K(845692K)
[2025-05-20T13:12:23.095+0000][715.650s][info][gc,metaspace   ] GC(246) Metaspace: 38651K(39360K)->38651K(39360K) NonClass: 33919K(34304K)->33919K(34304K) Class: 4731K(5056K)->4731K(5056K)
[2025-05-20T13:12:23.096+0000][715.651s][info][gc             ] GC(246) Pause Full (Allocation Failure) 875M->135M(1197M) 41.558ms
[2025-05-20T13:12:23.096+0000][715.651s][info][gc,cpu         ] GC(246) User=0.03s Sys=0.00s Real=0.04s
[2025-05-20T13:12:23.115+0000][715.670s][info][gc,start       ] GC(247) Pause Young (Allocation Failure)
[2025-05-20T13:12:23.143+0000][715.698s][info][gc,heap        ] GC(247) DefNew: 335490K(380672K)->40960K(380672K) Eden: 335490K(338432K)->0K(338432K) From: 0K(42240K)->40960K(42240K)
[2025-05-20T13:12:23.144+0000][715.699s][info][gc,heap        ] GC(247) Tenured: 138772K(845692K)->430613K(845692K)
[2025-05-20T13:12:23.144+0000][715.699s][info][gc,metaspace   ] GC(247) Metaspace: 38651K(39360K)->38651K(39360K) NonClass: 33919K(34304K)->33919K(34304K) Class: 4731K(5056K)->4731K(5056K)
[2025-05-20T13:12:23.145+0000][715.700s][info][gc             ] GC(247) Pause Young (Allocation Failure) 463M->460M(1197M) 30.287ms
[2025-05-20T13:12:23.145+0000][715.701s][info][gc,cpu         ] GC(247) User=0.03s Sys=0.00s Real=0.03s
[2025-05-20T13:12:23.263+0000][715.818s][info][gc,start       ] GC(248) Pause Young (Allocation Failure)
[2025-05-20T13:12:23.290+0000][715.845s][info][gc,heap        ] GC(248) DefNew: 375809K(380672K)->40966K(380672K) Eden: 334848K(338432K)->0K(338432K) From: 40960K(42240K)->40966K(42240K)
[2025-05-20T13:12:23.291+0000][715.846s][info][gc,heap        ] GC(248) Tenured: 430613K(845692K)->701974K(845692K)
[2025-05-20T13:12:23.291+0000][715.846s][info][gc,metaspace   ] GC(248) Metaspace: 38668K(39360K)->38668K(39360K) NonClass: 33937K(34304K)->33937K(34304K) Class: 4731K(5056K)->4731K(5056K)
[2025-05-20T13:12:23.291+0000][715.846s][info][gc             ] GC(248) Pause Young (Allocation Failure) 787M->725M(1197M) 28.412ms
[2025-05-20T13:12:23.292+0000][715.847s][info][gc,cpu         ] GC(248) User=0.02s Sys=0.00s Real=0.03s
[2025-05-20T13:12:23.375+0000][715.930s][info][gc,start       ] GC(249) Pause Young (Allocation Failure)
[2025-05-20T13:12:23.383+0000][715.938s][info][gc,heap        ] GC(249) DefNew: 377374K(380672K)->40965K(380672K) Eden: 336408K(338432K)->0K(338432K) From: 40966K(42240K)->40965K(42240K)
[2025-05-20T13:12:23.384+0000][715.939s][info][gc,heap        ] GC(249) Tenured: 701974K(845692K)->748055K(845692K)
[2025-05-20T13:12:23.384+0000][715.939s][info][gc,metaspace   ] GC(249) Metaspace: 38680K(39360K)->38680K(39360K) NonClass: 33948K(34304K)->33948K(34304K) Class: 4731K(5056K)->4731K(5056K)
[2025-05-20T13:12:23.384+0000][715.939s][info][gc             ] GC(249) Pause Young (Allocation Failure) 1054M->770M(1197M) 9.565ms
[2025-05-20T13:12:23.384+0000][715.940s][info][gc,cpu         ] GC(249) User=0.01s Sys=0.00s Real=0.01s
[2025-05-20T13:12:23.404+0000][715.959s][info][gc,start       ] GC(250) Pause Young (Allocation Failure)
[2025-05-20T13:12:23.458+0000][716.013s][info][gc             ] GC(250) Pause Young (Allocation Failure) 1099M->1095M(1427M) 54.038ms
[2025-05-20T13:12:23.459+0000][716.014s][info][gc,cpu         ] GC(250) User=0.03s Sys=0.02s Real=0.05s
[2025-05-20T13:12:23.459+0000][716.014s][info][gc,start       ] GC(251) Pause Full (Allocation Failure)
[2025-05-20T13:12:23.459+0000][716.015s][info][gc,phases,start] GC(251) Phase 1: Mark live objects
[2025-05-20T13:12:23.472+0000][716.027s][info][gc,phases      ] GC(251) Phase 1: Mark live objects 12.355ms
[2025-05-20T13:12:23.472+0000][716.027s][info][gc,phases,start] GC(251) Phase 2: Compute new object addresses
[2025-05-20T13:12:23.477+0000][716.032s][info][gc,phases      ] GC(251) Phase 2: Compute new object addresses 4.716ms
[2025-05-20T13:12:23.477+0000][716.033s][info][gc,phases,start] GC(251) Phase 3: Adjust pointers
[2025-05-20T13:12:23.485+0000][716.040s][info][gc,phases      ] GC(251) Phase 3: Adjust pointers 7.103ms
[2025-05-20T13:12:23.485+0000][716.040s][info][gc,phases,start] GC(251) Phase 4: Move objects
[2025-05-20T13:12:23.519+0000][716.074s][info][gc,phases      ] GC(251) Phase 4: Move objects 34.084ms
[2025-05-20T13:12:23.521+0000][716.076s][info][gc,heap        ] GC(251) DefNew: 377499K(380672K)->0K(380672K) Eden: 336533K(338432K)->0K(338432K) From: 40965K(42240K)->0K(42240K)
[2025-05-20T13:12:23.521+0000][716.077s][info][gc,heap        ] GC(251) Tenured: 748055K(845692K)->435734K(845692K)
[2025-05-20T13:12:23.522+0000][716.077s][info][gc,metaspace   ] GC(251) Metaspace: 38680K(39360K)->38680K(39360K) NonClass: 33949K(34304K)->33949K(34304K) Class: 4731K(5056K)->4731K(5056K)
[2025-05-20T13:12:23.522+0000][716.077s][info][gc             ] GC(251) Pause Full (Allocation Failure) 1095M->425M(1197M) 62.738ms
[2025-05-20T13:12:23.522+0000][716.077s][info][gc,cpu         ] GC(251) User=0.06s Sys=0.00s Real=0.06s
[2025-05-20T13:12:23.603+0000][716.159s][info][gc,start       ] GC(252) Pause Young (Allocation Failure)
[2025-05-20T13:12:23.625+0000][716.180s][info][gc,heap        ] GC(252) DefNew: 335851K(380672K)->40965K(380672K) Eden: 335851K(338432K)->0K(338432K) From: 0K(42240K)->40965K(42240K)
[2025-05-20T13:12:23.625+0000][716.180s][info][gc,heap        ] GC(252) Tenured: 435734K(845692K)->630294K(845692K)
[2025-05-20T13:12:23.625+0000][716.181s][info][gc,metaspace   ] GC(252) Metaspace: 38685K(39360K)->38685K(39360K) NonClass: 33954K(34304K)->33954K(34304K) Class: 4731K(5056K)->4731K(5056K)
[2025-05-20T13:12:23.626+0000][716.181s][info][gc             ] GC(252) Pause Young (Allocation Failure) 753M->655M(1197M) 22.311ms
[2025-05-20T13:12:23.626+0000][716.181s][info][gc,cpu         ] GC(252) User=0.02s Sys=0.00s Real=0.02s
[2025-05-20T13:12:23.735+0000][716.291s][info][gc,start       ] GC(253) Pause Young (Allocation Failure)
[2025-05-20T13:12:23.742+0000][716.298s][info][gc,heap        ] GC(253) DefNew: 378846K(380672K)->40965K(380672K) Eden: 337881K(338432K)->0K(338432K) From: 40965K(42240K)->40965K(42240K)
[2025-05-20T13:12:23.743+0000][716.298s][info][gc,heap        ] GC(253) Tenured: 630294K(845692K)->640535K(845692K)
[2025-05-20T13:12:23.743+0000][716.298s][info][gc,metaspace   ] GC(253) Metaspace: 38697K(39360K)->38697K(39360K) NonClass: 33966K(34304K)->33966K(34304K) Class: 4731K(5056K)->4731K(5056K)
[2025-05-20T13:12:23.743+0000][716.298s][info][gc             ] GC(253) Pause Young (Allocation Failure) 985M->665M(1197M) 7.899ms
[2025-05-20T13:12:23.743+0000][716.299s][info][gc,cpu         ] GC(253) User=0.01s Sys=0.00s Real=0.01s
[2025-05-20T13:12:23.763+0000][716.318s][info][gc,start       ] GC(254) Pause Young (Allocation Failure)
[2025-05-20T13:12:23.806+0000][716.361s][info][gc             ] GC(254) Pause Young (Allocation Failure) 994M->990M(1322M) 43.445ms
[2025-05-20T13:12:23.807+0000][716.362s][info][gc,cpu         ] GC(254) User=0.03s Sys=0.01s Real=0.05s
[2025-05-20T13:12:23.807+0000][716.362s][info][gc,start       ] GC(255) Pause Full (Allocation Failure)
[2025-05-20T13:12:23.808+0000][716.363s][info][gc,phases,start] GC(255) Phase 1: Mark live objects
[2025-05-20T13:12:23.821+0000][716.376s][info][gc,phases      ] GC(255) Phase 1: Mark live objects 13.211ms
[2025-05-20T13:12:23.822+0000][716.377s][info][gc,phases,start] GC(255) Phase 2: Compute new object addresses
[2025-05-20T13:12:23.826+0000][716.381s][info][gc,phases      ] GC(255) Phase 2: Compute new object addresses 4.092ms
[2025-05-20T13:12:23.826+0000][716.381s][info][gc,phases,start] GC(255) Phase 3: Adjust pointers
[2025-05-20T13:12:23.833+0000][716.388s][info][gc,phases      ] GC(255) Phase 3: Adjust pointers 6.969ms
[2025-05-20T13:12:23.833+0000][716.389s][info][gc,phases,start] GC(255) Phase 4: Move objects
[2025-05-20T13:12:23.866+0000][716.421s][info][gc,phases      ] GC(255) Phase 4: Move objects 32.141ms
[2025-05-20T13:12:23.867+0000][716.422s][info][gc,heap        ] GC(255) DefNew: 377376K(380672K)->0K(380672K) Eden: 336410K(338432K)->0K(338432K) From: 40965K(42240K)->0K(42240K)
[2025-05-20T13:12:23.868+0000][716.423s][info][gc,heap        ] GC(255) Tenured: 640535K(845692K)->399894K(845692K)
[2025-05-20T13:12:23.869+0000][716.424s][info][gc,metaspace   ] GC(255) Metaspace: 38697K(39360K)->38697K(39360K) NonClass: 33966K(34304K)->33966K(34304K) Class: 4731K(5056K)->4731K(5056K)
[2025-05-20T13:12:23.869+0000][716.425s][info][gc             ] GC(255) Pause Full (Allocation Failure) 990M->390M(1197M) 62.125ms
[2025-05-20T13:12:23.870+0000][716.425s][info][gc,cpu         ] GC(255) User=0.06s Sys=0.00s Real=0.06s
[2025-05-20T13:12:23.976+0000][716.531s][info][gc,start       ] GC(256) Pause Young (Allocation Failure)
[2025-05-20T13:12:24.010+0000][716.565s][info][gc,heap        ] GC(256) DefNew: 336070K(380672K)->40965K(380672K) Eden: 336070K(338432K)->0K(338432K) From: 0K(42240K)->40965K(42240K)
[2025-05-20T13:12:24.011+0000][716.566s][info][gc,heap        ] GC(256) Tenured: 399894K(845692K)->558614K(845692K)
[2025-05-20T13:12:24.012+0000][716.567s][info][gc,metaspace   ] GC(256) Metaspace: 38702K(39360K)->38702K(39360K) NonClass: 33971K(34304K)->33971K(34304K) Class: 4731K(5056K)->4731K(5056K)
[2025-05-20T13:12:24.012+0000][716.567s][info][gc             ] GC(256) Pause Young (Allocation Failure) 718M->585M(1197M) 36.530ms
[2025-05-20T13:12:24.013+0000][716.568s][info][gc,cpu         ] GC(256) User=0.03s Sys=0.00s Real=0.03s
[2025-05-20T13:12:24.121+0000][716.677s][info][gc,start       ] GC(257) Pause Young (Allocation Failure)
[2025-05-20T13:12:24.152+0000][716.707s][info][gc,heap        ] GC(257) DefNew: 376597K(380672K)->15365K(380672K) Eden: 335631K(338432K)->0K(338432K) From: 40965K(42240K)->15365K(42240K)
[2025-05-20T13:12:24.178+0000][716.733s][info][gc,heap        ] GC(257) Tenured: 558614K(845692K)->558614K(845692K)
[2025-05-20T13:12:24.179+0000][716.734s][info][gc,metaspace   ] GC(257) Metaspace: 38702K(39360K)->38702K(39360K) NonClass: 33971K(34304K)->33971K(34304K) Class: 4731K(5056K)->4731K(5056K)
[2025-05-20T13:12:24.179+0000][716.735s][info][gc             ] GC(257) Pause Young (Allocation Failure) 913M->560M(1197M) 58.002ms
[2025-05-20T13:12:24.181+0000][716.736s][info][gc,cpu         ] GC(257) User=0.00s Sys=0.00s Real=0.06s
[2025-05-20T13:12:24.207+0000][716.762s][info][gc,start       ] GC(258) Pause Young (Allocation Failure)
[2025-05-20T13:12:24.238+0000][716.793s][info][gc             ] GC(258) Pause Young (Allocation Failure) 888M->885M(1217M) 30.865ms
[2025-05-20T13:12:24.239+0000][716.794s][info][gc,cpu         ] GC(258) User=0.03s Sys=0.00s Real=0.03s
[2025-05-20T13:12:24.239+0000][716.794s][info][gc,start       ] GC(259) Pause Full (Allocation Failure)
[2025-05-20T13:12:24.240+0000][716.795s][info][gc,phases,start] GC(259) Phase 1: Mark live objects
[2025-05-20T13:12:24.252+0000][716.807s][info][gc,phases      ] GC(259) Phase 1: Mark live objects 12.315ms
[2025-05-20T13:12:24.253+0000][716.808s][info][gc,phases,start] GC(259) Phase 2: Compute new object addresses
[2025-05-20T13:12:24.257+0000][716.812s][info][gc,phases      ] GC(259) Phase 2: Compute new object addresses 3.935ms
[2025-05-20T13:12:24.257+0000][716.812s][info][gc,phases,start] GC(259) Phase 3: Adjust pointers
[2025-05-20T13:12:24.264+0000][716.819s][info][gc,phases      ] GC(259) Phase 3: Adjust pointers 7.030ms
[2025-05-20T13:12:24.265+0000][716.820s][info][gc,phases,start] GC(259) Phase 4: Move objects
[2025-05-20T13:12:24.294+0000][716.849s][info][gc,phases      ] GC(259) Phase 4: Move objects 29.300ms
[2025-05-20T13:12:24.295+0000][716.850s][info][gc,heap        ] GC(259) DefNew: 350999K(380672K)->0K(380672K) Eden: 335634K(338432K)->0K(338432K) From: 15365K(42240K)->0K(42240K)
[2025-05-20T13:12:24.296+0000][716.851s][info][gc,heap        ] GC(259) Tenured: 558614K(845692K)->374297K(845692K)
[2025-05-20T13:12:24.296+0000][716.852s][info][gc,metaspace   ] GC(259) Metaspace: 38711K(39360K)->38711K(39360K) NonClass: 33979K(34304K)->33979K(34304K) Class: 4731K(5056K)->4731K(5056K)
[2025-05-20T13:12:24.297+0000][716.852s][info][gc             ] GC(259) Pause Full (Allocation Failure) 885M->365M(1197M) 57.980ms
[2025-05-20T13:12:24.297+0000][716.853s][info][gc,cpu         ] GC(259) User=0.05s Sys=0.00s Real=0.06s
[2025-05-20T13:12:24.414+0000][716.969s][info][gc,start       ] GC(260) Pause Young (Allocation Failure)
[2025-05-20T13:12:24.432+0000][716.987s][info][gc,heap        ] GC(260) DefNew: 335306K(380672K)->40966K(380672K) Eden: 335306K(338432K)->0K(338432K) From: 0K(42240K)->40966K(42240K)
[2025-05-20T13:12:24.433+0000][716.988s][info][gc,heap        ] GC(260) Tenured: 374297K(845692K)->522777K(845692K)
[2025-05-20T13:12:24.433+0000][716.988s][info][gc,metaspace   ] GC(260) Metaspace: 38714K(39360K)->38714K(39360K) NonClass: 33983K(34304K)->33983K(34304K) Class: 4731K(5056K)->4731K(5056K)
[2025-05-20T13:12:24.434+0000][716.989s][info][gc             ] GC(260) Pause Young (Allocation Failure) 692M->550M(1197M) 19.420ms
[2025-05-20T13:12:24.434+0000][716.989s][info][gc,cpu         ] GC(260) User=0.02s Sys=0.01s Real=0.02s
[2025-05-20T13:12:24.453+0000][717.008s][info][gc,start       ] GC(261) Pause Young (Allocation Failure)
[2025-05-20T13:12:24.490+0000][717.046s][info][gc             ] GC(261) Pause Young (Allocation Failure) 878M->875M(1207M) 37.213ms
[2025-05-20T13:12:24.491+0000][717.046s][info][gc,cpu         ] GC(261) User=0.04s Sys=0.00s Real=0.03s
[2025-05-20T13:12:24.491+0000][717.046s][info][gc,start       ] GC(262) Pause Full (Allocation Failure)
[2025-05-20T13:12:24.492+0000][717.047s][info][gc,phases,start] GC(262) Phase 1: Mark live objects
[2025-05-20T13:12:24.505+0000][717.060s][info][gc,phases      ] GC(262) Phase 1: Mark live objects 13.020ms
[2025-05-20T13:12:24.505+0000][717.060s][info][gc,phases,start] GC(262) Phase 2: Compute new object addresses
[2025-05-20T13:12:24.509+0000][717.064s][info][gc,phases      ] GC(262) Phase 2: Compute new object addresses 3.885ms
[2025-05-20T13:12:24.509+0000][717.065s][info][gc,phases,start] GC(262) Phase 3: Adjust pointers
[2025-05-20T13:12:24.516+0000][717.072s][info][gc,phases      ] GC(262) Phase 3: Adjust pointers 6.909ms
[2025-05-20T13:12:24.517+0000][717.072s][info][gc,phases,start] GC(262) Phase 4: Move objects
[2025-05-20T13:12:24.556+0000][717.112s][info][gc,phases      ] GC(262) Phase 4: Move objects 39.751ms
[2025-05-20T13:12:24.557+0000][717.112s][info][gc,heap        ] GC(262) DefNew: 377184K(380672K)->0K(392192K) Eden: 336218K(338432K)->0K(348672K) From: 40966K(42240K)->0K(43520K)
[2025-05-20T13:12:24.558+0000][717.113s][info][gc,heap        ] GC(262) Tenured: 522777K(845692K)->522777K(871300K)
[2025-05-20T13:12:24.558+0000][717.113s][info][gc,metaspace   ] GC(262) Metaspace: 38714K(39360K)->38714K(39360K) NonClass: 33983K(34304K)->33983K(34304K) Class: 4731K(5056K)->4731K(5056K)
[2025-05-20T13:12:24.559+0000][717.114s][info][gc             ] GC(262) Pause Full (Allocation Failure) 875M->510M(1233M) 67.322ms
[2025-05-20T13:12:24.559+0000][717.114s][info][gc,cpu         ] GC(262) User=0.06s Sys=0.00s Real=0.07s
[2025-05-20T13:12:24.646+0000][717.201s][info][gc,start       ] GC(263) Pause Young (Allocation Failure)
[2025-05-20T13:12:24.676+0000][717.232s][info][gc,heap        ] GC(263) DefNew: 345502K(392192K)->40965K(392192K) Eden: 345502K(348672K)->0K(348672K) From: 0K(43520K)->40965K(43520K)
[2025-05-20T13:12:24.677+0000][717.232s][info][gc,heap        ] GC(263) Tenured: 522777K(871300K)->804378K(871300K)
[2025-05-20T13:12:24.678+0000][717.233s][info][gc,metaspace   ] GC(263) Metaspace: 38714K(39360K)->38714K(39360K) NonClass: 33983K(34304K)->33983K(34304K) Class: 4731K(5056K)->4731K(5056K)
[2025-05-20T13:12:24.678+0000][717.233s][info][gc             ] GC(263) Pause Young (Allocation Failure) 847M->825M(1233M) 32.265ms
[2025-05-20T13:12:24.678+0000][717.233s][info][gc,cpu         ] GC(263) User=0.03s Sys=0.00s Real=0.03s
[2025-05-20T13:12:24.783+0000][717.338s][info][gc,start       ] GC(264) Pause Young (Allocation Failure)
[2025-05-20T13:12:24.805+0000][717.360s][info][gc             ] GC(264) Pause Young (Allocation Failure) 1163M->930M(1273M) 22.071ms
[2025-05-20T13:12:24.806+0000][717.361s][info][gc,cpu         ] GC(264) User=0.00s Sys=0.02s Real=0.02s
[2025-05-20T13:12:24.806+0000][717.361s][info][gc,start       ] GC(265) Pause Full (Allocation Failure)
[2025-05-20T13:12:24.807+0000][717.362s][info][gc,phases,start] GC(265) Phase 1: Mark live objects
[2025-05-20T13:12:24.820+0000][717.375s][info][gc,phases      ] GC(265) Phase 1: Mark live objects 13.216ms
[2025-05-20T13:12:24.820+0000][717.376s][info][gc,phases,start] GC(265) Phase 2: Compute new object addresses
[2025-05-20T13:12:24.824+0000][717.379s][info][gc,phases      ] GC(265) Phase 2: Compute new object addresses 3.840ms
[2025-05-20T13:12:24.825+0000][717.380s][info][gc,phases,start] GC(265) Phase 3: Adjust pointers
[2025-05-20T13:12:24.831+0000][717.386s][info][gc,phases      ] GC(265) Phase 3: Adjust pointers 6.576ms
[2025-05-20T13:12:24.832+0000][717.387s][info][gc,phases,start] GC(265) Phase 4: Move objects
[2025-05-20T13:12:24.845+0000][717.400s][info][gc,phases      ] GC(265) Phase 4: Move objects 13.532ms
[2025-05-20T13:12:24.847+0000][717.402s][info][gc,heap        ] GC(265) DefNew: 386944K(392192K)->0K(392192K) Eden: 345978K(348672K)->0K(348672K) From: 40965K(43520K)->0K(43520K)
[2025-05-20T13:12:24.847+0000][717.402s][info][gc,heap        ] GC(265) Tenured: 804378K(871300K)->174616K(871300K)
[2025-05-20T13:12:24.848+0000][717.403s][info][gc,metaspace   ] GC(265) Metaspace: 38716K(39360K)->38716K(39360K) NonClass: 33985K(34304K)->33985K(34304K) Class: 4731K(5056K)->4731K(5056K)
[2025-05-20T13:12:24.848+0000][717.403s][info][gc             ] GC(265) Pause Full (Allocation Failure) 930M->170M(1233M) 41.627ms
[2025-05-20T13:12:24.848+0000][717.403s][info][gc,cpu         ] GC(265) User=0.04s Sys=0.00s Real=0.04s
[2025-05-20T13:12:24.868+0000][717.423s][info][gc,start       ] GC(266) Pause Young (Allocation Failure)
[2025-05-20T13:12:24.897+0000][717.452s][info][gc,heap        ] GC(266) DefNew: 346678K(392192K)->40960K(392192K) Eden: 346678K(348672K)->0K(348672K) From: 0K(43520K)->40960K(43520K)
[2025-05-20T13:12:24.897+0000][717.453s][info][gc,heap        ] GC(266) Tenured: 174616K(871300K)->476697K(871300K)
[2025-05-20T13:12:24.898+0000][717.453s][info][gc,metaspace   ] GC(266) Metaspace: 38716K(39360K)->38716K(39360K) NonClass: 33985K(34304K)->33985K(34304K) Class: 4731K(5056K)->4731K(5056K)
[2025-05-20T13:12:24.898+0000][717.453s][info][gc             ] GC(266) Pause Young (Allocation Failure) 509M->505M(1233M) 30.295ms
[2025-05-20T13:12:24.899+0000][717.454s][info][gc,cpu         ] GC(266) User=0.03s Sys=0.00s Real=0.03s
[2025-05-20T13:12:24.978+0000][717.534s][info][gc,start       ] GC(267) Pause Young (Allocation Failure)
[2025-05-20T13:12:25.008+0000][717.563s][info][gc,heap        ] GC(267) DefNew: 386718K(392192K)->40965K(392192K) Eden: 345757K(348672K)->0K(348672K) From: 40960K(43520K)->40965K(43520K)
[2025-05-20T13:12:25.009+0000][717.564s][info][gc,heap        ] GC(267) Tenured: 476697K(871300K)->773659K(871300K)
[2025-05-20T13:12:25.009+0000][717.564s][info][gc,metaspace   ] GC(267) Metaspace: 38716K(39360K)->38716K(39360K) NonClass: 33985K(34304K)->33985K(34304K) Class: 4731K(5056K)->4731K(5056K)
[2025-05-20T13:12:25.009+0000][717.564s][info][gc             ] GC(267) Pause Young (Allocation Failure) 843M->795M(1233M) 30.498ms
[2025-05-20T13:12:25.009+0000][717.564s][info][gc,cpu         ] GC(267) User=0.02s Sys=0.01s Real=0.03s
[2025-05-20T13:12:25.088+0000][717.643s][info][gc,start       ] GC(268) Pause Young (Allocation Failure)
[2025-05-20T13:12:25.101+0000][717.656s][info][gc,heap        ] GC(268) DefNew: 386225K(392192K)->40966K(392192K) Eden: 345260K(348672K)->0K(348672K) From: 40965K(43520K)->40966K(43520K)
[2025-05-20T13:12:25.101+0000][717.656s][info][gc,heap        ] GC(268) Tenured: 773659K(871300K)->870939K(871300K)
[2025-05-20T13:12:25.102+0000][717.657s][info][gc,metaspace   ] GC(268) Metaspace: 38716K(39360K)->38716K(39360K) NonClass: 33985K(34304K)->33985K(34304K) Class: 4731K(5056K)->4731K(5056K)
[2025-05-20T13:12:25.103+0000][717.658s][info][gc             ] GC(268) Pause Young (Allocation Failure) 1132M->890M(1233M) 14.903ms
[2025-05-20T13:12:25.103+0000][717.658s][info][gc,cpu         ] GC(268) User=0.02s Sys=0.01s Real=0.02s
[2025-05-20T13:12:25.125+0000][717.680s][info][gc,start       ] GC(269) Pause Young (Allocation Failure)
[2025-05-20T13:12:25.206+0000][717.762s][info][gc             ] GC(269) Pause Young (Allocation Failure) 1228M->1225M(1569M) 81.332ms
[2025-05-20T13:12:25.207+0000][717.762s][info][gc,cpu         ] GC(269) User=0.01s Sys=0.07s Real=0.08s
[2025-05-20T13:12:25.207+0000][717.763s][info][gc,start       ] GC(270) Pause Full (Allocation Failure)
[2025-05-20T13:12:25.208+0000][717.763s][info][gc,phases,start] GC(270) Phase 1: Mark live objects
[2025-05-20T13:12:25.221+0000][717.776s][info][gc,phases      ] GC(270) Phase 1: Mark live objects 12.969ms
[2025-05-20T13:12:25.221+0000][717.776s][info][gc,phases,start] GC(270) Phase 2: Compute new object addresses
[2025-05-20T13:12:25.225+0000][717.781s][info][gc,phases      ] GC(270) Phase 2: Compute new object addresses 4.082ms
[2025-05-20T13:12:25.226+0000][717.781s][info][gc,phases,start] GC(270) Phase 3: Adjust pointers
[2025-05-20T13:12:25.233+0000][717.788s][info][gc,phases      ] GC(270) Phase 3: Adjust pointers 6.858ms
[2025-05-20T13:12:25.233+0000][717.788s][info][gc,phases,start] GC(270) Phase 4: Move objects
[2025-05-20T13:12:25.274+0000][717.829s][info][gc,phases      ] GC(270) Phase 4: Move objects 40.483ms
[2025-05-20T13:12:25.277+0000][717.832s][info][gc,heap        ] GC(270) DefNew: 387504K(392192K)->0K(392192K) Eden: 346538K(348672K)->0K(348672K) From: 40966K(43520K)->0K(43520K)
[2025-05-20T13:12:25.277+0000][717.832s][info][gc,heap        ] GC(270) Tenured: 870939K(871300K)->497174K(871300K)
[2025-05-20T13:12:25.278+0000][717.833s][info][gc,metaspace   ] GC(270) Metaspace: 38716K(39360K)->38716K(39360K) NonClass: 33985K(34304K)->33985K(34304K) Class: 4731K(5056K)->4731K(5056K)
[2025-05-20T13:12:25.278+0000][717.833s][info][gc             ] GC(270) Pause Full (Allocation Failure) 1225M->485M(1233M) 70.611ms
[2025-05-20T13:12:25.278+0000][717.833s][info][gc,cpu         ] GC(270) User=0.06s Sys=0.00s Real=0.07s
[2025-05-20T13:12:25.393+0000][717.948s][info][gc,start       ] GC(271) Pause Young (Allocation Failure)
[2025-05-20T13:12:25.419+0000][717.974s][info][gc,heap        ] GC(271) DefNew: 347164K(392192K)->40965K(392192K) Eden: 347164K(348672K)->0K(348672K) From: 0K(43520K)->40965K(43520K)
[2025-05-20T13:12:25.420+0000][717.975s][info][gc,heap        ] GC(271) Tenured: 497174K(871300K)->763415K(871300K)
[2025-05-20T13:12:25.422+0000][717.977s][info][gc,metaspace   ] GC(271) Metaspace: 38716K(39360K)->38716K(39360K) NonClass: 33985K(34304K)->33985K(34304K) Class: 4731K(5056K)->4731K(5056K)
[2025-05-20T13:12:25.422+0000][717.977s][info][gc             ] GC(271) Pause Young (Allocation Failure) 824M->785M(1233M) 29.100ms
[2025-05-20T13:12:25.422+0000][717.977s][info][gc,cpu         ] GC(271) User=0.03s Sys=0.00s Real=0.03s
[2025-05-20T13:12:25.531+0000][718.086s][info][gc,start       ] GC(272) Pause Young (Allocation Failure)
[2025-05-20T13:12:25.543+0000][718.098s][info][gc,heap        ] GC(272) DefNew: 388053K(392192K)->40965K(392192K) Eden: 347088K(348672K)->0K(348672K) From: 40965K(43520K)->40965K(43520K)
[2025-05-20T13:12:25.544+0000][718.099s][info][gc,heap        ] GC(272) Tenured: 763415K(871300K)->855576K(871300K)
[2025-05-20T13:12:25.544+0000][718.099s][info][gc,metaspace   ] GC(272) Metaspace: 38717K(39360K)->38717K(39360K) NonClass: 33985K(34304K)->33985K(34304K) Class: 4731K(5056K)->4731K(5056K)
[2025-05-20T13:12:25.545+0000][718.100s][info][gc             ] GC(272) Pause Young (Allocation Failure) 1124M->875M(1233M) 13.534ms
[2025-05-20T13:12:25.545+0000][718.100s][info][gc,cpu         ] GC(272) User=0.01s Sys=0.00s Real=0.02s
[2025-05-20T13:12:25.564+0000][718.119s][info][gc,start       ] GC(273) Pause Young (Allocation Failure)
[2025-05-20T13:12:25.623+0000][718.178s][info][gc             ] GC(273) Pause Young (Allocation Failure) 1214M->1210M(1554M) 58.715ms
[2025-05-20T13:12:25.624+0000][718.179s][info][gc,cpu         ] GC(273) User=0.05s Sys=0.01s Real=0.06s
[2025-05-20T13:12:25.624+0000][718.179s][info][gc,start       ] GC(274) Pause Full (Allocation Failure)
[2025-05-20T13:12:25.624+0000][718.180s][info][gc,phases,start] GC(274) Phase 1: Mark live objects
[2025-05-20T13:12:25.637+0000][718.192s][info][gc,phases      ] GC(274) Phase 1: Mark live objects 12.275ms
[2025-05-20T13:12:25.637+0000][718.192s][info][gc,phases,start] GC(274) Phase 2: Compute new object addresses
[2025-05-20T13:12:25.641+0000][718.196s][info][gc,phases      ] GC(274) Phase 2: Compute new object addresses 3.798ms
[2025-05-20T13:12:25.641+0000][718.197s][info][gc,phases,start] GC(274) Phase 3: Adjust pointers
[2025-05-20T13:12:25.648+0000][718.203s][info][gc,phases      ] GC(274) Phase 3: Adjust pointers 6.254ms
[2025-05-20T13:12:25.648+0000][718.203s][info][gc,phases,start] GC(274) Phase 4: Move objects
[2025-05-20T13:12:25.688+0000][718.243s][info][gc,phases      ] GC(274) Phase 4: Move objects 40.016ms
[2025-05-20T13:12:25.691+0000][718.247s][info][gc,heap        ] GC(274) DefNew: 387593K(392192K)->0K(392192K) Eden: 346628K(348672K)->0K(348672K) From: 40965K(43520K)->0K(43520K)
[2025-05-20T13:12:25.692+0000][718.247s][info][gc,heap        ] GC(274) Tenured: 855576K(871300K)->492054K(871300K)
[2025-05-20T13:12:25.692+0000][718.247s][info][gc,metaspace   ] GC(274) Metaspace: 38717K(39360K)->38717K(39360K) NonClass: 33985K(34304K)->33985K(34304K) Class: 4731K(5056K)->4731K(5056K)
[2025-05-20T13:12:25.692+0000][718.248s][info][gc             ] GC(274) Pause Full (Allocation Failure) 1210M->480M(1233M) 68.406ms
[2025-05-20T13:12:25.693+0000][718.248s][info][gc,cpu         ] GC(274) User=0.06s Sys=0.00s Real=0.06s
[2025-05-20T13:12:25.794+0000][718.349s][info][gc,start       ] GC(275) Pause Young (Allocation Failure)
[2025-05-20T13:12:25.820+0000][718.375s][info][gc,heap        ] GC(275) DefNew: 347443K(392192K)->40966K(392192K) Eden: 347443K(348672K)->0K(348672K) From: 0K(43520K)->40966K(43520K)
[2025-05-20T13:12:25.820+0000][718.375s][info][gc,heap        ] GC(275) Tenured: 492054K(871300K)->753175K(871300K)
[2025-05-20T13:12:25.821+0000][718.376s][info][gc,metaspace   ] GC(275) Metaspace: 38719K(39360K)->38719K(39360K) NonClass: 33988K(34304K)->33988K(34304K) Class: 4731K(5056K)->4731K(5056K)
[2025-05-20T13:12:25.821+0000][718.376s][info][gc             ] GC(275) Pause Young (Allocation Failure) 819M->775M(1233M) 26.939ms
[2025-05-20T13:12:25.821+0000][718.376s][info][gc,cpu         ] GC(275) User=0.02s Sys=0.00s Real=0.02s
[2025-05-20T13:12:25.926+0000][718.481s][info][gc,start       ] GC(276) Pause Young (Allocation Failure)
[2025-05-20T13:12:25.947+0000][718.502s][info][gc,heap        ] GC(276) DefNew: 388104K(392192K)->40965K(392192K) Eden: 347137K(348672K)->0K(348672K) From: 40966K(43520K)->40965K(43520K)
[2025-05-20T13:12:25.948+0000][718.503s][info][gc,heap        ] GC(276) Tenured: 753175K(871300K)->845336K(871300K)
[2025-05-20T13:12:25.950+0000][718.505s][info][gc,metaspace   ] GC(276) Metaspace: 38721K(39424K)->38721K(39424K) NonClass: 33989K(34368K)->33989K(34368K) Class: 4731K(5056K)->4731K(5056K)
[2025-05-20T13:12:25.951+0000][718.506s][info][gc             ] GC(276) Pause Young (Allocation Failure) 1114M->865M(1233M) 25.178ms
[2025-05-20T13:12:25.952+0000][718.507s][info][gc,cpu         ] GC(276) User=0.02s Sys=0.00s Real=0.02s
[2025-05-20T13:12:25.972+0000][718.527s][info][gc,start       ] GC(277) Pause Young (Allocation Failure)
[2025-05-20T13:12:26.034+0000][718.589s][info][gc             ] GC(277) Pause Young (Allocation Failure) 1203M->1200M(1544M) 61.704ms
[2025-05-20T13:12:26.034+0000][718.590s][info][gc,cpu         ] GC(277) User=0.04s Sys=0.02s Real=0.07s
[2025-05-20T13:12:26.035+0000][718.590s][info][gc,start       ] GC(278) Pause Full (Allocation Failure)
[2025-05-20T13:12:26.035+0000][718.590s][info][gc,phases,start] GC(278) Phase 1: Mark live objects
[2025-05-20T13:12:26.049+0000][718.604s][info][gc,phases      ] GC(278) Phase 1: Mark live objects 13.463ms
[2025-05-20T13:12:26.049+0000][718.604s][info][gc,phases,start] GC(278) Phase 2: Compute new object addresses
[2025-05-20T13:12:26.053+0000][718.608s][info][gc,phases      ] GC(278) Phase 2: Compute new object addresses 4.017ms
[2025-05-20T13:12:26.054+0000][718.609s][info][gc,phases,start] GC(278) Phase 3: Adjust pointers
[2025-05-20T13:12:26.060+0000][718.616s][info][gc,phases      ] GC(278) Phase 3: Adjust pointers 6.788ms
[2025-05-20T13:12:26.061+0000][718.616s][info][gc,phases,start] GC(278) Phase 4: Move objects
[2025-05-20T13:12:26.100+0000][718.655s][info][gc,phases      ] GC(278) Phase 4: Move objects 39.093ms
[2025-05-20T13:12:26.103+0000][718.658s][info][gc,heap        ] GC(278) DefNew: 387549K(392192K)->0K(392192K) Eden: 346584K(348672K)->0K(348672K) From: 40965K(43520K)->0K(43520K)
[2025-05-20T13:12:26.104+0000][718.659s][info][gc,heap        ] GC(278) Tenured: 845336K(871300K)->492055K(871300K)
[2025-05-20T13:12:26.104+0000][718.660s][info][gc,metaspace   ] GC(278) Metaspace: 38721K(39424K)->38721K(39424K) NonClass: 33989K(34368K)->33989K(34368K) Class: 4731K(5056K)->4731K(5056K)
[2025-05-20T13:12:26.105+0000][718.660s][info][gc             ] GC(278) Pause Full (Allocation Failure) 1200M->480M(1233M) 69.863ms
[2025-05-20T13:12:26.105+0000][718.660s][info][gc,cpu         ] GC(278) User=0.05s Sys=0.01s Real=0.07s
[2025-05-20T13:12:26.202+0000][718.757s][info][gc,start       ] GC(279) Pause Young (Allocation Failure)
[2025-05-20T13:12:26.240+0000][718.795s][info][gc,heap        ] GC(279) DefNew: 345779K(392192K)->40965K(392192K) Eden: 345779K(348672K)->0K(348672K) From: 0K(43520K)->40965K(43520K)
[2025-05-20T13:12:26.240+0000][718.795s][info][gc,heap        ] GC(279) Tenured: 492055K(871300K)->753176K(871300K)
[2025-05-20T13:12:26.240+0000][718.796s][info][gc,metaspace   ] GC(279) Metaspace: 38725K(39424K)->38725K(39424K) NonClass: 33993K(34368K)->33993K(34368K) Class: 4731K(5056K)->4731K(5056K)
[2025-05-20T13:12:26.241+0000][718.796s][info][gc             ] GC(279) Pause Young (Allocation Failure) 818M->775M(1233M) 38.671ms
[2025-05-20T13:12:26.241+0000][718.796s][info][gc,cpu         ] GC(279) User=0.03s Sys=0.00s Real=0.04s
[2025-05-20T13:12:26.319+0000][718.874s][info][gc,start       ] GC(280) Pause Young (Allocation Failure)
[2025-05-20T13:12:26.330+0000][718.885s][info][gc,heap        ] GC(280) DefNew: 387079K(392192K)->40965K(392192K) Eden: 346113K(348672K)->0K(348672K) From: 40965K(43520K)->40965K(43520K)
[2025-05-20T13:12:26.330+0000][718.885s][info][gc,heap        ] GC(280) Tenured: 753176K(871300K)->840216K(871300K)
[2025-05-20T13:12:26.330+0000][718.886s][info][gc,metaspace   ] GC(280) Metaspace: 38725K(39424K)->38725K(39424K) NonClass: 33994K(34368K)->33994K(34368K) Class: 4731K(5056K)->4731K(5056K)
[2025-05-20T13:12:26.331+0000][718.886s][info][gc             ] GC(280) Pause Young (Allocation Failure) 1113M->860M(1233M) 11.968ms
[2025-05-20T13:12:26.331+0000][718.886s][info][gc,cpu         ] GC(280) User=0.01s Sys=0.00s Real=0.01s
[2025-05-20T13:12:26.351+0000][718.906s][info][gc,start       ] GC(281) Pause Young (Allocation Failure)
[2025-05-20T13:12:26.452+0000][719.007s][info][gc             ] GC(281) Pause Young (Allocation Failure) 1198M->1195M(1539M) 100.878ms
[2025-05-20T13:12:26.453+0000][719.008s][info][gc,cpu         ] GC(281) User=0.04s Sys=0.06s Real=0.10s
[2025-05-20T13:12:26.453+0000][719.008s][info][gc,start       ] GC(282) Pause Full (Allocation Failure)
[2025-05-20T13:12:26.453+0000][719.008s][info][gc,phases,start] GC(282) Phase 1: Mark live objects
[2025-05-20T13:12:26.467+0000][719.023s][info][gc,phases      ] GC(282) Phase 1: Mark live objects 14.480ms
[2025-05-20T13:12:26.468+0000][719.023s][info][gc,phases,start] GC(282) Phase 2: Compute new object addresses
[2025-05-20T13:12:26.472+0000][719.028s][info][gc,phases      ] GC(282) Phase 2: Compute new object addresses 4.353ms
[2025-05-20T13:12:26.473+0000][719.028s][info][gc,phases,start] GC(282) Phase 3: Adjust pointers
[2025-05-20T13:12:26.480+0000][719.035s][info][gc,phases      ] GC(282) Phase 3: Adjust pointers 6.914ms
[2025-05-20T13:12:26.480+0000][719.035s][info][gc,phases,start] GC(282) Phase 4: Move objects
[2025-05-20T13:12:26.517+0000][719.073s][info][gc,phases      ] GC(282) Phase 4: Move objects 37.524ms
[2025-05-20T13:12:26.520+0000][719.076s][info][gc,heap        ] GC(282) DefNew: 387536K(392192K)->0K(392192K) Eden: 346571K(348672K)->0K(348672K) From: 40965K(43520K)->0K(43520K)
[2025-05-20T13:12:26.521+0000][719.076s][info][gc,heap        ] GC(282) Tenured: 840216K(871300K)->486935K(871300K)
[2025-05-20T13:12:26.521+0000][719.076s][info][gc,metaspace   ] GC(282) Metaspace: 38725K(39424K)->38725K(39424K) NonClass: 33994K(34368K)->33994K(34368K) Class: 4731K(5056K)->4731K(5056K)
[2025-05-20T13:12:26.522+0000][719.077s][info][gc             ] GC(282) Pause Full (Allocation Failure) 1195M->475M(1233M) 68.959ms
[2025-05-20T13:12:26.522+0000][719.077s][info][gc,cpu         ] GC(282) User=0.06s Sys=0.00s Real=0.07s
[2025-05-20T13:12:26.626+0000][719.181s][info][gc,start       ] GC(283) Pause Young (Allocation Failure)
[2025-05-20T13:12:26.655+0000][719.211s][info][gc,heap        ] GC(283) DefNew: 345848K(392192K)->40966K(392192K) Eden: 345848K(348672K)->0K(348672K) From: 0K(43520K)->40966K(43520K)
[2025-05-20T13:12:26.656+0000][719.211s][info][gc,heap        ] GC(283) Tenured: 486935K(871300K)->742936K(871300K)
[2025-05-20T13:12:26.656+0000][719.211s][info][gc,metaspace   ] GC(283) Metaspace: 38727K(39424K)->38727K(39424K) NonClass: 33995K(34368K)->33995K(34368K) Class: 4731K(5056K)->4731K(5056K)
[2025-05-20T13:12:26.656+0000][719.212s][info][gc             ] GC(283) Pause Young (Allocation Failure) 813M->765M(1233M) 30.546ms
[2025-05-20T13:12:26.657+0000][719.212s][info][gc,cpu         ] GC(283) User=0.03s Sys=0.00s Real=0.03s
[2025-05-20T13:12:26.760+0000][719.315s][info][gc,start       ] GC(284) Pause Young (Allocation Failure)
[2025-05-20T13:12:26.776+0000][719.331s][info][gc,heap        ] GC(284) DefNew: 386618K(392192K)->40965K(392192K) Eden: 345651K(348672K)->0K(348672K) From: 40966K(43520K)->40965K(43520K)
[2025-05-20T13:12:26.777+0000][719.332s][info][gc,heap        ] GC(284) Tenured: 742936K(871300K)->824857K(871300K)
[2025-05-20T13:12:26.777+0000][719.333s][info][gc,metaspace   ] GC(284) Metaspace: 38752K(39424K)->38752K(39424K) NonClass: 34020K(34368K)->34020K(34368K) Class: 4731K(5056K)->4731K(5056K)
[2025-05-20T13:12:26.778+0000][719.333s][info][gc             ] GC(284) Pause Young (Allocation Failure) 1103M->845M(1233M) 17.852ms
[2025-05-20T13:12:26.779+0000][719.334s][info][gc,cpu         ] GC(284) User=0.02s Sys=0.00s Real=0.02s
[2025-05-20T13:12:26.798+0000][719.353s][info][gc,start       ] GC(285) Pause Young (Allocation Failure)
[2025-05-20T13:12:26.860+0000][719.415s][info][gc             ] GC(285) Pause Young (Allocation Failure) 1183M->1180M(1524M) 61.900ms
[2025-05-20T13:12:26.861+0000][719.416s][info][gc,cpu         ] GC(285) User=0.02s Sys=0.04s Real=0.06s
[2025-05-20T13:12:26.861+0000][719.416s][info][gc,start       ] GC(286) Pause Full (Allocation Failure)
[2025-05-20T13:12:26.861+0000][719.416s][info][gc,phases,start] GC(286) Phase 1: Mark live objects
[2025-05-20T13:12:26.875+0000][719.430s][info][gc,phases      ] GC(286) Phase 1: Mark live objects 14.289ms
[2025-05-20T13:12:26.876+0000][719.431s][info][gc,phases,start] GC(286) Phase 2: Compute new object addresses
[2025-05-20T13:12:26.879+0000][719.434s][info][gc,phases      ] GC(286) Phase 2: Compute new object addresses 3.672ms
[2025-05-20T13:12:26.904+0000][719.459s][info][gc,phases,start] GC(286) Phase 3: Adjust pointers
[2025-05-20T13:12:26.915+0000][719.470s][info][gc,phases      ] GC(286) Phase 3: Adjust pointers 10.681ms
[2025-05-20T13:12:26.915+0000][719.470s][info][gc,phases,start] GC(286) Phase 4: Move objects
[2025-05-20T13:12:26.954+0000][719.509s][info][gc,phases      ] GC(286) Phase 4: Move objects 38.948ms
[2025-05-20T13:12:26.957+0000][719.512s][info][gc,heap        ] GC(286) DefNew: 386742K(392192K)->0K(392192K) Eden: 345776K(348672K)->0K(348672K) From: 40965K(43520K)->0K(43520K)
[2025-05-20T13:12:26.958+0000][719.513s][info][gc,heap        ] GC(286) Tenured: 824857K(871300K)->481815K(871300K)
[2025-05-20T13:12:26.958+0000][719.514s][info][gc,metaspace   ] GC(286) Metaspace: 38752K(39424K)->38752K(39424K) NonClass: 34020K(34368K)->34020K(34368K) Class: 4731K(5056K)->4731K(5056K)
[2025-05-20T13:12:26.959+0000][719.514s][info][gc             ] GC(286) Pause Full (Allocation Failure) 1180M->470M(1233M) 98.360ms
[2025-05-20T13:12:26.960+0000][719.515s][info][gc,cpu         ] GC(286) User=0.06s Sys=0.00s Real=0.10s
[2025-05-20T13:12:27.061+0000][719.616s][info][gc,start       ] GC(287) Pause Young (Allocation Failure)
[2025-05-20T13:12:27.086+0000][719.641s][info][gc,heap        ] GC(287) DefNew: 347982K(392192K)->40965K(392192K) Eden: 347982K(348672K)->0K(348672K) From: 0K(43520K)->40965K(43520K)
[2025-05-20T13:12:27.087+0000][719.642s][info][gc,heap        ] GC(287) Tenured: 481815K(871300K)->732696K(871300K)
[2025-05-20T13:12:27.087+0000][719.642s][info][gc,metaspace   ] GC(287) Metaspace: 38753K(39424K)->38753K(39424K) NonClass: 34021K(34368K)->34021K(34368K) Class: 4731K(5056K)->4731K(5056K)
[2025-05-20T13:12:27.088+0000][719.643s][info][gc             ] GC(287) Pause Young (Allocation Failure) 810M->755M(1233M) 26.485ms
[2025-05-20T13:12:27.088+0000][719.643s][info][gc,cpu         ] GC(287) User=0.03s Sys=0.00s Real=0.03s
[2025-05-20T13:12:27.192+0000][719.747s][info][gc,start       ] GC(288) Pause Young (Allocation Failure)
[2025-05-20T13:12:27.207+0000][719.762s][info][gc,heap        ] GC(288) DefNew: 386865K(392192K)->40965K(392192K) Eden: 345899K(348672K)->0K(348672K) From: 40965K(43520K)->40965K(43520K)
[2025-05-20T13:12:27.208+0000][719.763s][info][gc,heap        ] GC(288) Tenured: 732696K(871300K)->809496K(871300K)
[2025-05-20T13:12:27.208+0000][719.763s][info][gc,metaspace   ] GC(288) Metaspace: 38753K(39424K)->38753K(39424K) NonClass: 34021K(34368K)->34021K(34368K) Class: 4731K(5056K)->4731K(5056K)
[2025-05-20T13:12:27.209+0000][719.764s][info][gc             ] GC(288) Pause Young (Allocation Failure) 1093M->830M(1233M) 16.330ms
[2025-05-20T13:12:27.209+0000][719.764s][info][gc,cpu         ] GC(288) User=0.02s Sys=0.00s Real=0.02s
[2025-05-20T13:12:27.231+0000][719.786s][info][gc,start       ] GC(289) Pause Young (Allocation Failure)
[2025-05-20T13:12:27.288+0000][719.843s][info][gc             ] GC(289) Pause Young (Allocation Failure) 1168M->1165M(1509M) 57.377ms
[2025-05-20T13:12:27.288+0000][719.844s][info][gc,cpu         ] GC(289) User=0.03s Sys=0.03s Real=0.06s
[2025-05-20T13:12:27.289+0000][719.844s][info][gc,start       ] GC(290) Pause Full (Allocation Failure)
[2025-05-20T13:12:27.289+0000][719.844s][info][gc,phases,start] GC(290) Phase 1: Mark live objects
[2025-05-20T13:12:27.302+0000][719.857s][info][gc,phases      ] GC(290) Phase 1: Mark live objects 13.399ms
[2025-05-20T13:12:27.303+0000][719.858s][info][gc,phases,start] GC(290) Phase 2: Compute new object addresses
[2025-05-20T13:12:27.307+0000][719.862s][info][gc,phases      ] GC(290) Phase 2: Compute new object addresses 3.734ms
[2025-05-20T13:12:27.307+0000][719.862s][info][gc,phases,start] GC(290) Phase 3: Adjust pointers
[2025-05-20T13:12:27.314+0000][719.869s][info][gc,phases      ] GC(290) Phase 3: Adjust pointers 7.160ms
[2025-05-20T13:12:27.314+0000][719.870s][info][gc,phases,start] GC(290) Phase 4: Move objects
[2025-05-20T13:12:27.352+0000][719.907s][info][gc,phases      ] GC(290) Phase 4: Move objects 37.575ms
[2025-05-20T13:12:27.355+0000][719.910s][info][gc,heap        ] GC(290) DefNew: 386968K(392192K)->0K(392192K) Eden: 346002K(348672K)->0K(348672K) From: 40965K(43520K)->0K(43520K)
[2025-05-20T13:12:27.355+0000][719.910s][info][gc,heap        ] GC(290) Tenured: 809496K(871300K)->476695K(871300K)
[2025-05-20T13:12:27.356+0000][719.911s][info][gc,metaspace   ] GC(290) Metaspace: 38754K(39424K)->38754K(39424K) NonClass: 34022K(34368K)->34022K(34368K) Class: 4731K(5056K)->4731K(5056K)
[2025-05-20T13:12:27.356+0000][719.911s][info][gc             ] GC(290) Pause Full (Allocation Failure) 1165M->465M(1233M) 67.569ms
[2025-05-20T13:12:27.357+0000][719.912s][info][gc,cpu         ] GC(290) User=0.05s Sys=0.01s Real=0.07s
[2025-05-20T13:12:27.437+0000][719.992s][info][gc,start       ] GC(291) Pause Young (Allocation Failure)
[2025-05-20T13:12:27.461+0000][720.016s][info][gc,heap        ] GC(291) DefNew: 347005K(392192K)->40965K(392192K) Eden: 347005K(348672K)->0K(348672K) From: 0K(43520K)->40965K(43520K)
[2025-05-20T13:12:27.462+0000][720.017s][info][gc,heap        ] GC(291) Tenured: 476695K(871300K)->722456K(871300K)
[2025-05-20T13:12:27.462+0000][720.017s][info][gc,metaspace   ] GC(291) Metaspace: 38754K(39424K)->38754K(39424K) NonClass: 34022K(34368K)->34022K(34368K) Class: 4731K(5056K)->4731K(5056K)
[2025-05-20T13:12:27.462+0000][720.017s][info][gc             ] GC(291) Pause Young (Allocation Failure) 804M->745M(1233M) 24.852ms
[2025-05-20T13:12:27.463+0000][720.018s][info][gc,cpu         ] GC(291) User=0.03s Sys=0.00s Real=0.02s
[2025-05-20T13:12:27.563+0000][720.118s][info][gc,start       ] GC(292) Pause Young (Allocation Failure)
[2025-05-20T13:12:27.573+0000][720.128s][info][gc,heap        ] GC(292) DefNew: 387315K(392192K)->40965K(392192K) Eden: 346349K(348672K)->0K(348672K) From: 40965K(43520K)->40965K(43520K)
[2025-05-20T13:12:27.574+0000][720.129s][info][gc,heap        ] GC(292) Tenured: 722456K(871300K)->794136K(871300K)
[2025-05-20T13:12:27.574+0000][720.129s][info][gc,metaspace   ] GC(292) Metaspace: 38754K(39424K)->38754K(39424K) NonClass: 34022K(34368K)->34022K(34368K) Class: 4731K(5056K)->4731K(5056K)
[2025-05-20T13:12:27.575+0000][720.130s][info][gc             ] GC(292) Pause Young (Allocation Failure) 1083M->815M(1233M) 11.455ms
[2025-05-20T13:12:27.575+0000][720.130s][info][gc,cpu         ] GC(292) User=0.01s Sys=0.00s Real=0.01s
[2025-05-20T13:12:27.596+0000][720.151s][info][gc,start       ] GC(293) Pause Young (Allocation Failure)
[2025-05-20T13:12:27.698+0000][720.253s][info][gc             ] GC(293) Pause Young (Allocation Failure) 1153M->1150M(1494M) 102.455ms
[2025-05-20T13:12:27.698+0000][720.253s][info][gc,cpu         ] GC(293) User=0.06s Sys=0.02s Real=0.10s
[2025-05-20T13:12:27.699+0000][720.254s][info][gc,start       ] GC(294) Pause Full (Allocation Failure)
[2025-05-20T13:12:27.699+0000][720.254s][info][gc,phases,start] GC(294) Phase 1: Mark live objects
[2025-05-20T13:12:27.711+0000][720.266s][info][gc,phases      ] GC(294) Phase 1: Mark live objects 12.322ms
[2025-05-20T13:12:27.712+0000][720.267s][info][gc,phases,start] GC(294) Phase 2: Compute new object addresses
[2025-05-20T13:12:27.716+0000][720.272s][info][gc,phases      ] GC(294) Phase 2: Compute new object addresses 4.407ms
[2025-05-20T13:12:27.717+0000][720.272s][info][gc,phases,start] GC(294) Phase 3: Adjust pointers
[2025-05-20T13:12:27.724+0000][720.279s][info][gc,phases      ] GC(294) Phase 3: Adjust pointers 6.952ms
[2025-05-20T13:12:27.724+0000][720.279s][info][gc,phases,start] GC(294) Phase 4: Move objects
[2025-05-20T13:12:27.762+0000][720.317s][info][gc,phases      ] GC(294) Phase 4: Move objects 38.011ms
[2025-05-20T13:12:27.765+0000][720.320s][info][gc,heap        ] GC(294) DefNew: 386977K(392192K)->0K(392192K) Eden: 346012K(348672K)->0K(348672K) From: 40965K(43520K)->0K(43520K)
[2025-05-20T13:12:27.765+0000][720.320s][info][gc,heap        ] GC(294) Tenured: 794136K(871300K)->471575K(871300K)
[2025-05-20T13:12:27.766+0000][720.321s][info][gc,metaspace   ] GC(294) Metaspace: 38754K(39424K)->38754K(39424K) NonClass: 34022K(34368K)->34022K(34368K) Class: 4731K(5056K)->4731K(5056K)
[2025-05-20T13:12:27.766+0000][720.321s][info][gc             ] GC(294) Pause Full (Allocation Failure) 1150M->460M(1233M) 67.198ms
[2025-05-20T13:12:27.766+0000][720.321s][info][gc,cpu         ] GC(294) User=0.05s Sys=0.00s Real=0.07s
[2025-05-20T13:12:27.872+0000][720.428s][info][gc,start       ] GC(295) Pause Young (Allocation Failure)
[2025-05-20T13:12:27.898+0000][720.453s][info][gc,heap        ] GC(295) DefNew: 347116K(392192K)->40965K(392192K) Eden: 347116K(348672K)->0K(348672K) From: 0K(43520K)->40965K(43520K)
[2025-05-20T13:12:27.898+0000][720.453s][info][gc,heap        ] GC(295) Tenured: 471575K(871300K)->712216K(871300K)
[2025-05-20T13:12:27.899+0000][720.454s][info][gc,metaspace   ] GC(295) Metaspace: 38754K(39424K)->38754K(39424K) NonClass: 34022K(34368K)->34022K(34368K) Class: 4731K(5056K)->4731K(5056K)
[2025-05-20T13:12:27.899+0000][720.454s][info][gc             ] GC(295) Pause Young (Allocation Failure) 799M->735M(1233M) 26.458ms
[2025-05-20T13:12:27.899+0000][720.454s][info][gc,cpu         ] GC(295) User=0.02s Sys=0.00s Real=0.03s
[2025-05-20T13:12:28.017+0000][720.573s][info][gc,start       ] GC(296) Pause Young (Allocation Failure)
[2025-05-20T13:12:28.027+0000][720.582s][info][gc,heap        ] GC(296) DefNew: 387303K(392192K)->40965K(392192K) Eden: 346337K(348672K)->0K(348672K) From: 40965K(43520K)->40965K(43520K)
[2025-05-20T13:12:28.028+0000][720.583s][info][gc,heap        ] GC(296) Tenured: 712216K(871300K)->778777K(871300K)
[2025-05-20T13:12:28.029+0000][720.584s][info][gc,metaspace   ] GC(296) Metaspace: 38754K(39424K)->38754K(39424K) NonClass: 34022K(34368K)->34022K(34368K) Class: 4731K(5056K)->4731K(5056K)
[2025-05-20T13:12:28.029+0000][720.584s][info][gc             ] GC(296) Pause Young (Allocation Failure) 1073M->800M(1233M) 11.546ms
[2025-05-20T13:12:28.029+0000][720.585s][info][gc,cpu         ] GC(296) User=0.01s Sys=0.00s Real=0.01s
[2025-05-20T13:12:28.048+0000][720.603s][info][gc,start       ] GC(297) Pause Young (Allocation Failure)
[2025-05-20T13:12:28.109+0000][720.664s][info][gc             ] GC(297) Pause Young (Allocation Failure) 1138M->1135M(1479M) 60.581ms
[2025-05-20T13:12:28.109+0000][720.664s][info][gc,cpu         ] GC(297) User=0.03s Sys=0.03s Real=0.06s
[2025-05-20T13:12:28.110+0000][720.665s][info][gc,start       ] GC(298) Pause Full (Allocation Failure)
[2025-05-20T13:12:28.110+0000][720.665s][info][gc,phases,start] GC(298) Phase 1: Mark live objects
[2025-05-20T13:12:28.123+0000][720.678s][info][gc,phases      ] GC(298) Phase 1: Mark live objects 13.014ms
[2025-05-20T13:12:28.124+0000][720.679s][info][gc,phases,start] GC(298) Phase 2: Compute new object addresses
[2025-05-20T13:12:28.128+0000][720.684s][info][gc,phases      ] GC(298) Phase 2: Compute new object addresses 4.561ms
[2025-05-20T13:12:28.129+0000][720.684s][info][gc,phases,start] GC(298) Phase 3: Adjust pointers
[2025-05-20T13:12:28.136+0000][720.691s][info][gc,phases      ] GC(298) Phase 3: Adjust pointers 6.941ms
[2025-05-20T13:12:28.136+0000][720.691s][info][gc,phases,start] GC(298) Phase 4: Move objects
[2025-05-20T13:12:28.173+0000][720.728s][info][gc,phases      ] GC(298) Phase 4: Move objects 36.636ms
[2025-05-20T13:12:28.176+0000][720.731s][info][gc,heap        ] GC(298) DefNew: 386931K(392192K)->0K(392192K) Eden: 345966K(348672K)->0K(348672K) From: 40965K(43520K)->0K(43520K)
[2025-05-20T13:12:28.177+0000][720.732s][info][gc,heap        ] GC(298) Tenured: 778777K(871300K)->466455K(871300K)
[2025-05-20T13:12:28.177+0000][720.732s][info][gc,metaspace   ] GC(298) Metaspace: 38754K(39424K)->38754K(39424K) NonClass: 34022K(34368K)->34022K(34368K) Class: 4731K(5056K)->4731K(5056K)
[2025-05-20T13:12:28.177+0000][720.732s][info][gc             ] GC(298) Pause Full (Allocation Failure) 1135M->455M(1233M) 67.392ms
[2025-05-20T13:12:28.177+0000][720.732s][info][gc,cpu         ] GC(298) User=0.06s Sys=0.00s Real=0.07s
[2025-05-20T13:12:28.264+0000][720.819s][info][gc,start       ] GC(299) Pause Young (Allocation Failure)
[2025-05-20T13:12:28.295+0000][720.850s][info][gc,heap        ] GC(299) DefNew: 346406K(392192K)->40965K(392192K) Eden: 346406K(348672K)->0K(348672K) From: 0K(43520K)->40965K(43520K)
[2025-05-20T13:12:28.295+0000][720.851s][info][gc,heap        ] GC(299) Tenured: 466455K(871300K)->701976K(871300K)
[2025-05-20T13:12:28.296+0000][720.851s][info][gc,metaspace   ] GC(299) Metaspace: 38754K(39424K)->38754K(39424K) NonClass: 34022K(34368K)->34022K(34368K) Class: 4731K(5056K)->4731K(5056K)
[2025-05-20T13:12:28.296+0000][720.851s][info][gc             ] GC(299) Pause Young (Allocation Failure) 793M->725M(1233M) 32.231ms
[2025-05-20T13:12:28.296+0000][720.851s][info][gc,cpu         ] GC(299) User=0.03s Sys=0.00s Real=0.03s
[2025-05-20T13:12:28.379+0000][720.934s][info][gc,start       ] GC(300) Pause Young (Allocation Failure)
[2025-05-20T13:12:28.392+0000][720.947s][info][gc,heap        ] GC(300) DefNew: 386883K(392192K)->40965K(392192K) Eden: 345917K(348672K)->0K(348672K) From: 40965K(43520K)->40965K(43520K)
[2025-05-20T13:12:28.392+0000][720.948s][info][gc,heap        ] GC(300) Tenured: 701976K(871300K)->763417K(871300K)
[2025-05-20T13:12:28.393+0000][720.948s][info][gc,metaspace   ] GC(300) Metaspace: 38754K(39424K)->38754K(39424K) NonClass: 34022K(34368K)->34022K(34368K) Class: 4731K(5056K)->4731K(5056K)
[2025-05-20T13:12:28.393+0000][720.949s][info][gc             ] GC(300) Pause Young (Allocation Failure) 1063M->785M(1233M) 14.488ms
[2025-05-20T13:12:28.394+0000][720.949s][info][gc,cpu         ] GC(300) User=0.01s Sys=0.00s Real=0.02s
[2025-05-20T13:12:28.413+0000][720.968s][info][gc,start       ] GC(301) Pause Young (Allocation Failure)
[2025-05-20T13:12:28.465+0000][721.020s][info][gc             ] GC(301) Pause Young (Allocation Failure) 1123M->1120M(1464M) 51.348ms
[2025-05-20T13:12:28.465+0000][721.020s][info][gc,cpu         ] GC(301) User=0.03s Sys=0.02s Real=0.05s
[2025-05-20T13:12:28.466+0000][721.021s][info][gc,start       ] GC(302) Pause Full (Allocation Failure)
[2025-05-20T13:12:28.466+0000][721.021s][info][gc,phases,start] GC(302) Phase 1: Mark live objects
[2025-05-20T13:12:28.481+0000][721.036s][info][gc,phases      ] GC(302) Phase 1: Mark live objects 14.789ms
[2025-05-20T13:12:28.482+0000][721.037s][info][gc,phases,start] GC(302) Phase 2: Compute new object addresses
[2025-05-20T13:12:28.486+0000][721.041s][info][gc,phases      ] GC(302) Phase 2: Compute new object addresses 4.209ms
[2025-05-20T13:12:28.486+0000][721.042s][info][gc,phases,start] GC(302) Phase 3: Adjust pointers
[2025-05-20T13:12:28.494+0000][721.049s][info][gc,phases      ] GC(302) Phase 3: Adjust pointers 7.420ms
[2025-05-20T13:12:28.494+0000][721.049s][info][gc,phases,start] GC(302) Phase 4: Move objects
[2025-05-20T13:12:28.530+0000][721.085s][info][gc,phases      ] GC(302) Phase 4: Move objects 35.740ms
[2025-05-20T13:12:28.532+0000][721.087s][info][gc,heap        ] GC(302) DefNew: 386916K(392192K)->0K(392192K) Eden: 345950K(348672K)->0K(348672K) From: 40965K(43520K)->0K(43520K)
[2025-05-20T13:12:28.533+0000][721.088s][info][gc,heap        ] GC(302) Tenured: 763417K(871300K)->461335K(871300K)
[2025-05-20T13:12:28.533+0000][721.088s][info][gc,metaspace   ] GC(302) Metaspace: 38754K(39424K)->38754K(39424K) NonClass: 34022K(34368K)->34022K(34368K) Class: 4731K(5056K)->4731K(5056K)
[2025-05-20T13:12:28.534+0000][721.089s][info][gc             ] GC(302) Pause Full (Allocation Failure) 1120M->450M(1233M) 67.775ms
[2025-05-20T13:12:28.534+0000][721.089s][info][gc,cpu         ] GC(302) User=0.06s Sys=0.00s Real=0.07s
[2025-05-20T13:12:28.616+0000][721.171s][info][gc,start       ] GC(303) Pause Young (Allocation Failure)
[2025-05-20T13:12:28.640+0000][721.195s][info][gc,heap        ] GC(303) DefNew: 346446K(392192K)->40965K(392192K) Eden: 346446K(348672K)->0K(348672K) From: 0K(43520K)->40965K(43520K)
[2025-05-20T13:12:28.641+0000][721.196s][info][gc,heap        ] GC(303) Tenured: 461335K(871300K)->691736K(871300K)
[2025-05-20T13:12:28.642+0000][721.197s][info][gc,metaspace   ] GC(303) Metaspace: 38754K(39424K)->38754K(39424K) NonClass: 34022K(34368K)->34022K(34368K) Class: 4731K(5056K)->4731K(5056K)
[2025-05-20T13:12:28.642+0000][721.197s][info][gc             ] GC(303) Pause Young (Allocation Failure) 788M->715M(1233M) 26.124ms
[2025-05-20T13:12:28.642+0000][721.198s][info][gc,cpu         ] GC(303) User=0.02s Sys=0.00s Real=0.02s
[2025-05-20T13:12:28.737+0000][721.292s][info][gc,start       ] GC(304) Pause Young (Allocation Failure)
[2025-05-20T13:12:28.746+0000][721.301s][info][gc,heap        ] GC(304) DefNew: 386577K(392192K)->40965K(392192K) Eden: 345611K(348672K)->0K(348672K) From: 40965K(43520K)->40965K(43520K)
[2025-05-20T13:12:28.747+0000][721.302s][info][gc,heap        ] GC(304) Tenured: 691736K(871300K)->748056K(871300K)
[2025-05-20T13:12:28.747+0000][721.302s][info][gc,metaspace   ] GC(304) Metaspace: 38754K(39424K)->38754K(39424K) NonClass: 34022K(34368K)->34022K(34368K) Class: 4731K(5056K)->4731K(5056K)
[2025-05-20T13:12:28.747+0000][721.303s][info][gc             ] GC(304) Pause Young (Allocation Failure) 1053M->770M(1233M) 10.330ms
[2025-05-20T13:12:28.748+0000][721.303s][info][gc,cpu         ] GC(304) User=0.01s Sys=0.00s Real=0.01s
[2025-05-20T13:12:28.768+0000][721.323s][info][gc,start       ] GC(305) Pause Young (Allocation Failure)
[2025-05-20T13:12:28.831+0000][721.386s][info][gc             ] GC(305) Pause Young (Allocation Failure) 1108M->1105M(1449M) 63.075ms
[2025-05-20T13:12:28.845+0000][721.400s][info][gc,cpu         ] GC(305) User=0.02s Sys=0.04s Real=0.08s
[2025-05-20T13:12:28.846+0000][721.401s][info][gc,start       ] GC(306) Pause Full (Allocation Failure)
[2025-05-20T13:12:28.847+0000][721.402s][info][gc,phases,start] GC(306) Phase 1: Mark live objects
[2025-05-20T13:12:28.862+0000][721.417s][info][gc,phases      ] GC(306) Phase 1: Mark live objects 15.136ms
[2025-05-20T13:12:28.862+0000][721.418s][info][gc,phases,start] GC(306) Phase 2: Compute new object addresses
[2025-05-20T13:12:28.866+0000][721.422s][info][gc,phases      ] GC(306) Phase 2: Compute new object addresses 4.047ms
[2025-05-20T13:12:28.867+0000][721.422s][info][gc,phases,start] GC(306) Phase 3: Adjust pointers
[2025-05-20T13:12:28.875+0000][721.430s][info][gc,phases      ] GC(306) Phase 3: Adjust pointers 7.883ms
[2025-05-20T13:12:28.875+0000][721.430s][info][gc,phases,start] GC(306) Phase 4: Move objects
[2025-05-20T13:12:28.911+0000][721.466s][info][gc,phases      ] GC(306) Phase 4: Move objects 36.395ms
[2025-05-20T13:12:28.914+0000][721.470s][info][gc,heap        ] GC(306) DefNew: 386687K(392192K)->0K(392192K) Eden: 345721K(348672K)->0K(348672K) From: 40965K(43520K)->0K(43520K)
[2025-05-20T13:12:28.915+0000][721.470s][info][gc,heap        ] GC(306) Tenured: 748056K(871300K)->456215K(871300K)
[2025-05-20T13:12:28.916+0000][721.471s][info][gc,metaspace   ] GC(306) Metaspace: 38754K(39424K)->38754K(39424K) NonClass: 34022K(34368K)->34022K(34368K) Class: 4731K(5056K)->4731K(5056K)
[2025-05-20T13:12:28.916+0000][721.471s][info][gc             ] GC(306) Pause Full (Allocation Failure) 1105M->445M(1233M) 70.212ms
[2025-05-20T13:12:28.917+0000][721.472s][info][gc,cpu         ] GC(306) User=0.05s Sys=0.01s Real=0.07s
[2025-05-20T13:12:29.028+0000][721.583s][info][gc,start       ] GC(307) Pause Young (Allocation Failure)
[2025-05-20T13:12:29.051+0000][721.607s][info][gc,heap        ] GC(307) DefNew: 346680K(392192K)->40965K(392192K) Eden: 346680K(348672K)->0K(348672K) From: 0K(43520K)->40965K(43520K)
[2025-05-20T13:12:29.052+0000][721.607s][info][gc,heap        ] GC(307) Tenured: 456215K(871300K)->681496K(871300K)
[2025-05-20T13:12:29.052+0000][721.607s][info][gc,metaspace   ] GC(307) Metaspace: 38754K(39424K)->38754K(39424K) NonClass: 34022K(34368K)->34022K(34368K) Class: 4731K(5056K)->4731K(5056K)
[2025-05-20T13:12:29.052+0000][721.607s][info][gc             ] GC(307) Pause Young (Allocation Failure) 784M->705M(1233M) 24.691ms
[2025-05-20T13:12:29.053+0000][721.608s][info][gc,cpu         ] GC(307) User=0.02s Sys=0.00s Real=0.02s
[2025-05-20T13:12:29.171+0000][721.727s][info][gc,start       ] GC(308) Pause Young (Allocation Failure)
[2025-05-20T13:12:29.180+0000][721.735s][info][gc,heap        ] GC(308) DefNew: 386928K(392192K)->40965K(392192K) Eden: 345962K(348672K)->0K(348672K) From: 40965K(43520K)->40965K(43520K)
[2025-05-20T13:12:29.180+0000][721.736s][info][gc,heap        ] GC(308) Tenured: 681496K(871300K)->732696K(871300K)
[2025-05-20T13:12:29.181+0000][721.736s][info][gc,metaspace   ] GC(308) Metaspace: 38754K(39424K)->38754K(39424K) NonClass: 34022K(34368K)->34022K(34368K) Class: 4731K(5056K)->4731K(5056K)
[2025-05-20T13:12:29.181+0000][721.737s][info][gc             ] GC(308) Pause Young (Allocation Failure) 1043M->755M(1233M) 10.080ms
[2025-05-20T13:12:29.182+0000][721.737s][info][gc,cpu         ] GC(308) User=0.01s Sys=0.00s Real=0.01s
[2025-05-20T13:12:29.201+0000][721.756s][info][gc,start       ] GC(309) Pause Young (Allocation Failure)
[2025-05-20T13:12:29.253+0000][721.808s][info][gc             ] GC(309) Pause Young (Allocation Failure) 1093M->1090M(1434M) 52.165ms
[2025-05-20T13:12:29.254+0000][721.809s][info][gc,cpu         ] GC(309) User=0.04s Sys=0.01s Real=0.06s
[2025-05-20T13:12:29.254+0000][721.809s][info][gc,start       ] GC(310) Pause Full (Allocation Failure)
[2025-05-20T13:12:29.255+0000][721.810s][info][gc,phases,start] GC(310) Phase 1: Mark live objects
[2025-05-20T13:12:29.267+0000][721.823s][info][gc,phases      ] GC(310) Phase 1: Mark live objects 12.923ms
[2025-05-20T13:12:29.269+0000][721.824s][info][gc,phases,start] GC(310) Phase 2: Compute new object addresses
[2025-05-20T13:12:29.273+0000][721.829s][info][gc,phases      ] GC(310) Phase 2: Compute new object addresses 4.132ms
[2025-05-20T13:12:29.274+0000][721.829s][info][gc,phases,start] GC(310) Phase 3: Adjust pointers
[2025-05-20T13:12:29.282+0000][721.837s][info][gc,phases      ] GC(310) Phase 3: Adjust pointers 7.645ms
[2025-05-20T13:12:29.282+0000][721.837s][info][gc,phases,start] GC(310) Phase 4: Move objects
[2025-05-20T13:12:29.317+0000][721.873s][info][gc,phases      ] GC(310) Phase 4: Move objects 35.366ms
[2025-05-20T13:12:29.320+0000][721.875s][info][gc,heap        ] GC(310) DefNew: 386735K(392192K)->0K(392192K) Eden: 345770K(348672K)->0K(348672K) From: 40965K(43520K)->0K(43520K)
[2025-05-20T13:12:29.320+0000][721.875s][info][gc,heap        ] GC(310) Tenured: 732696K(871300K)->451095K(871300K)
[2025-05-20T13:12:29.321+0000][721.876s][info][gc,metaspace   ] GC(310) Metaspace: 38754K(39424K)->38754K(39424K) NonClass: 34022K(34368K)->34022K(34368K) Class: 4731K(5056K)->4731K(5056K)
[2025-05-20T13:12:29.321+0000][721.876s][info][gc             ] GC(310) Pause Full (Allocation Failure) 1090M->440M(1233M) 67.144ms
[2025-05-20T13:12:29.322+0000][721.877s][info][gc,cpu         ] GC(310) User=0.06s Sys=0.00s Real=0.06s
[2025-05-20T13:12:29.417+0000][721.972s][info][gc,start       ] GC(311) Pause Young (Allocation Failure)
[2025-05-20T13:12:29.440+0000][721.995s][info][gc,heap        ] GC(311) DefNew: 346993K(392192K)->40965K(392192K) Eden: 346993K(348672K)->0K(348672K) From: 0K(43520K)->40965K(43520K)
[2025-05-20T13:12:29.440+0000][721.995s][info][gc,heap        ] GC(311) Tenured: 451095K(871300K)->671256K(871300K)
[2025-05-20T13:12:29.441+0000][721.996s][info][gc,metaspace   ] GC(311) Metaspace: 38754K(39424K)->38754K(39424K) NonClass: 34022K(34368K)->34022K(34368K) Class: 4731K(5056K)->4731K(5056K)
[2025-05-20T13:12:29.442+0000][721.997s][info][gc             ] GC(311) Pause Young (Allocation Failure) 779M->695M(1233M) 24.358ms
[2025-05-20T13:12:29.442+0000][721.997s][info][gc,cpu         ] GC(311) User=0.02s Sys=0.00s Real=0.02s
[2025-05-20T13:12:29.541+0000][722.096s][info][gc,start       ] GC(312) Pause Young (Allocation Failure)
[2025-05-20T13:12:29.559+0000][722.114s][info][gc,heap        ] GC(312) DefNew: 387097K(392192K)->40965K(392192K) Eden: 346131K(348672K)->0K(348672K) From: 40965K(43520K)->40965K(43520K)
[2025-05-20T13:12:29.560+0000][722.115s][info][gc,heap        ] GC(312) Tenured: 671256K(871300K)->717336K(871300K)
[2025-05-20T13:12:29.560+0000][722.116s][info][gc,metaspace   ] GC(312) Metaspace: 38754K(39424K)->38754K(39424K) NonClass: 34022K(34368K)->34022K(34368K) Class: 4731K(5056K)->4731K(5056K)
[2025-05-20T13:12:29.561+0000][722.116s][info][gc             ] GC(312) Pause Young (Allocation Failure) 1033M->740M(1233M) 19.804ms
[2025-05-20T13:12:29.562+0000][722.117s][info][gc,cpu         ] GC(312) User=0.02s Sys=0.00s Real=0.02s
[2025-05-20T13:12:29.583+0000][722.138s][info][gc,start       ] GC(313) Pause Young (Allocation Failure)
[2025-05-20T13:12:29.631+0000][722.186s][info][gc             ] GC(313) Pause Young (Allocation Failure) 1078M->1075M(1419M) 48.138ms
[2025-05-20T13:12:29.631+0000][722.187s][info][gc,cpu         ] GC(313) User=0.02s Sys=0.03s Real=0.05s
[2025-05-20T13:12:29.632+0000][722.187s][info][gc,start       ] GC(314) Pause Full (Allocation Failure)
[2025-05-20T13:12:29.632+0000][722.187s][info][gc,phases,start] GC(314) Phase 1: Mark live objects
[2025-05-20T13:12:29.646+0000][722.201s][info][gc,phases      ] GC(314) Phase 1: Mark live objects 13.886ms
[2025-05-20T13:12:29.650+0000][722.205s][info][gc,phases,start] GC(314) Phase 2: Compute new object addresses
[2025-05-20T13:12:29.654+0000][722.209s][info][gc,phases      ] GC(314) Phase 2: Compute new object addresses 3.799ms
[2025-05-20T13:12:29.654+0000][722.209s][info][gc,phases,start] GC(314) Phase 3: Adjust pointers
[2025-05-20T13:12:29.661+0000][722.216s][info][gc,phases      ] GC(314) Phase 3: Adjust pointers 6.806ms
[2025-05-20T13:12:29.662+0000][722.217s][info][gc,phases,start] GC(314) Phase 4: Move objects
[2025-05-20T13:12:29.697+0000][722.252s][info][gc,phases      ] GC(314) Phase 4: Move objects 35.288ms
[2025-05-20T13:12:29.699+0000][722.254s][info][gc,heap        ] GC(314) DefNew: 386717K(392192K)->0K(392192K) Eden: 345751K(348672K)->0K(348672K) From: 40965K(43520K)->0K(43520K)
[2025-05-20T13:12:29.699+0000][722.255s][info][gc,heap        ] GC(314) Tenured: 717336K(871300K)->497179K(871300K)
[2025-05-20T13:12:29.700+0000][722.255s][info][gc,metaspace   ] GC(314) Metaspace: 38754K(39424K)->38754K(39424K) NonClass: 34022K(34368K)->34022K(34368K) Class: 4731K(5056K)->4731K(5056K)
[2025-05-20T13:12:29.700+0000][722.256s][info][gc             ] GC(314) Pause Full (Allocation Failure) 1075M->485M(1233M) 68.787ms
[2025-05-20T13:12:29.701+0000][722.256s][info][gc,cpu         ] GC(314) User=0.06s Sys=0.00s Real=0.07s
[2025-05-20T13:12:29.806+0000][722.361s][info][gc,start       ] GC(315) Pause Young (Allocation Failure)
[2025-05-20T13:12:29.828+0000][722.383s][info][gc,heap        ] GC(315) DefNew: 347023K(392192K)->40965K(392192K) Eden: 347023K(348672K)->0K(348672K) From: 0K(43520K)->40965K(43520K)
[2025-05-20T13:12:29.828+0000][722.383s][info][gc,heap        ] GC(315) Tenured: 497179K(871300K)->712220K(871300K)
[2025-05-20T13:12:29.829+0000][722.384s][info][gc,metaspace   ] GC(315) Metaspace: 38754K(39424K)->38754K(39424K) NonClass: 34022K(34368K)->34022K(34368K) Class: 4731K(5056K)->4731K(5056K)
[2025-05-20T13:12:29.829+0000][722.384s][info][gc             ] GC(315) Pause Young (Allocation Failure) 824M->735M(1233M) 23.146ms
[2025-05-20T13:12:29.830+0000][722.385s][info][gc,cpu         ] GC(315) User=0.02s Sys=0.00s Real=0.02s
[2025-05-20T13:12:29.935+0000][722.490s][info][gc,start       ] GC(316) Pause Young (Allocation Failure)
[2025-05-20T13:12:29.943+0000][722.498s][info][gc,heap        ] GC(316) DefNew: 387113K(392192K)->40965K(392192K) Eden: 346147K(348672K)->0K(348672K) From: 40965K(43520K)->40965K(43520K)
[2025-05-20T13:12:29.944+0000][722.499s][info][gc,heap        ] GC(316) Tenured: 712220K(871300K)->753180K(871300K)
[2025-05-20T13:12:29.944+0000][722.500s][info][gc,metaspace   ] GC(316) Metaspace: 38754K(39424K)->38754K(39424K) NonClass: 34022K(34368K)->34022K(34368K) Class: 4731K(5056K)->4731K(5056K)
[2025-05-20T13:12:29.945+0000][722.500s][info][gc             ] GC(316) Pause Young (Allocation Failure) 1073M->775M(1233M) 9.958ms
[2025-05-20T13:12:29.945+0000][722.501s][info][gc,cpu         ] GC(316) User=0.01s Sys=0.00s Real=0.01s
[2025-05-20T13:12:29.965+0000][722.520s][info][gc,start       ] GC(317) Pause Young (Allocation Failure)
[2025-05-20T13:12:30.019+0000][722.574s][info][gc             ] GC(317) Pause Young (Allocation Failure) 1113M->1110M(1454M) 54.014ms
[2025-05-20T13:12:30.019+0000][722.574s][info][gc,cpu         ] GC(317) User=0.02s Sys=0.03s Real=0.05s
[2025-05-20T13:12:30.020+0000][722.575s][info][gc,start       ] GC(318) Pause Full (Allocation Failure)
[2025-05-20T13:12:30.020+0000][722.575s][info][gc,phases,start] GC(318) Phase 1: Mark live objects
[2025-05-20T13:12:30.036+0000][722.591s][info][gc,phases      ] GC(318) Phase 1: Mark live objects 15.554ms
[2025-05-20T13:12:30.036+0000][722.592s][info][gc,phases,start] GC(318) Phase 2: Compute new object addresses
[2025-05-20T13:12:30.041+0000][722.596s][info][gc,phases      ] GC(318) Phase 2: Compute new object addresses 4.547ms
[2025-05-20T13:12:30.042+0000][722.597s][info][gc,phases,start] GC(318) Phase 3: Adjust pointers
[2025-05-20T13:12:30.049+0000][722.604s][info][gc,phases      ] GC(318) Phase 3: Adjust pointers 7.245ms
[2025-05-20T13:12:30.049+0000][722.605s][info][gc,phases,start] GC(318) Phase 4: Move objects
[2025-05-20T13:12:30.085+0000][722.640s][info][gc,phases      ] GC(318) Phase 4: Move objects 35.499ms
[2025-05-20T13:12:30.088+0000][722.643s][info][gc,heap        ] GC(318) DefNew: 386700K(392192K)->0K(392192K) Eden: 345735K(348672K)->0K(348672K) From: 40965K(43520K)->0K(43520K)
[2025-05-20T13:12:30.089+0000][722.644s][info][gc,heap        ] GC(318) Tenured: 753180K(871300K)->440855K(871300K)
[2025-05-20T13:12:30.089+0000][722.645s][info][gc,metaspace   ] GC(318) Metaspace: 38754K(39424K)->38754K(39424K) NonClass: 34022K(34368K)->34022K(34368K) Class: 4731K(5056K)->4731K(5056K)
[2025-05-20T13:12:30.090+0000][722.645s][info][gc             ] GC(318) Pause Full (Allocation Failure) 1110M->430M(1233M) 70.316ms
[2025-05-20T13:12:30.090+0000][722.646s][info][gc,cpu         ] GC(318) User=0.07s Sys=0.00s Real=0.07s
[2025-05-20T13:12:30.194+0000][722.749s][info][gc,start       ] GC(319) Pause Young (Allocation Failure)
[2025-05-20T13:12:30.215+0000][722.770s][info][gc,heap        ] GC(319) DefNew: 344865K(392192K)->40966K(392192K) Eden: 344865K(348672K)->0K(348672K) From: 0K(43520K)->40966K(43520K)
[2025-05-20T13:12:30.215+0000][722.770s][info][gc,heap        ] GC(319) Tenured: 440855K(871300K)->645655K(871300K)
[2025-05-20T13:12:30.216+0000][722.771s][info][gc,metaspace   ] GC(319) Metaspace: 38754K(39424K)->38754K(39424K) NonClass: 34022K(34368K)->34022K(34368K) Class: 4731K(5056K)->4731K(5056K)
[2025-05-20T13:12:30.216+0000][722.772s][info][gc             ] GC(319) Pause Young (Allocation Failure) 767M->670M(1233M) 22.600ms
[2025-05-20T13:12:30.217+0000][722.772s][info][gc,cpu         ] GC(319) User=0.02s Sys=0.00s Real=0.02s
[2025-05-20T13:12:30.317+0000][722.872s][info][gc,start       ] GC(320) Pause Young (Allocation Failure)
[2025-05-20T13:12:30.324+0000][722.879s][info][gc,heap        ] GC(320) DefNew: 387444K(392192K)->40965K(392192K) Eden: 346477K(348672K)->0K(348672K) From: 40966K(43520K)->40965K(43520K)
[2025-05-20T13:12:30.324+0000][722.879s][info][gc,heap        ] GC(320) Tenured: 645655K(871300K)->676377K(871300K)
[2025-05-20T13:12:30.325+0000][722.880s][info][gc,metaspace   ] GC(320) Metaspace: 38754K(39424K)->38754K(39424K) NonClass: 34022K(34368K)->34022K(34368K) Class: 4731K(5056K)->4731K(5056K)
[2025-05-20T13:12:30.325+0000][722.880s][info][gc             ] GC(320) Pause Young (Allocation Failure) 1008M->700M(1233M) 8.329ms
[2025-05-20T13:12:30.326+0000][722.881s][info][gc,cpu         ] GC(320) User=0.00s Sys=0.00s Real=0.01s
[2025-05-20T13:12:30.345+0000][722.900s][info][gc,start       ] GC(321) Pause Young (Allocation Failure)
[2025-05-20T13:12:30.390+0000][722.946s][info][gc             ] GC(321) Pause Young (Allocation Failure) 1039M->1035M(1378M) 45.414ms
[2025-05-20T13:12:30.391+0000][722.946s][info][gc,cpu         ] GC(321) User=0.04s Sys=0.01s Real=0.04s
[2025-05-20T13:12:30.391+0000][722.947s][info][gc,start       ] GC(322) Pause Full (Allocation Failure)
[2025-05-20T13:12:30.392+0000][722.947s][info][gc,phases,start] GC(322) Phase 1: Mark live objects
[2025-05-20T13:12:30.405+0000][722.960s][info][gc,phases      ] GC(322) Phase 1: Mark live objects 13.170ms
[2025-05-20T13:12:30.406+0000][722.961s][info][gc,phases,start] GC(322) Phase 2: Compute new object addresses
[2025-05-20T13:12:30.410+0000][722.965s][info][gc,phases      ] GC(322) Phase 2: Compute new object addresses 3.967ms
[2025-05-20T13:12:30.410+0000][722.965s][info][gc,phases,start] GC(322) Phase 3: Adjust pointers
[2025-05-20T13:12:30.417+0000][722.972s][info][gc,phases      ] GC(322) Phase 3: Adjust pointers 6.762ms
[2025-05-20T13:12:30.418+0000][722.973s][info][gc,phases,start] GC(322) Phase 4: Move objects
[2025-05-20T13:12:30.450+0000][723.006s][info][gc,phases      ] GC(322) Phase 4: Move objects 32.738ms
[2025-05-20T13:12:30.452+0000][723.008s][info][gc,heap        ] GC(322) DefNew: 387586K(392192K)->0K(392192K) Eden: 346621K(348672K)->0K(348672K) From: 40965K(43520K)->0K(43520K)
[2025-05-20T13:12:30.453+0000][723.008s][info][gc,heap        ] GC(322) Tenured: 676377K(871300K)->471576K(871300K)
[2025-05-20T13:12:30.453+0000][723.008s][info][gc,metaspace   ] GC(322) Metaspace: 38754K(39424K)->38754K(39424K) NonClass: 34022K(34368K)->34022K(34368K) Class: 4731K(5056K)->4731K(5056K)
[2025-05-20T13:12:30.454+0000][723.009s][info][gc             ] GC(322) Pause Full (Allocation Failure) 1035M->460M(1233M) 62.269ms
[2025-05-20T13:12:30.454+0000][723.009s][info][gc,cpu         ] GC(322) User=0.05s Sys=0.00s Real=0.07s
[2025-05-20T13:12:30.533+0000][723.088s][info][gc,start       ] GC(323) Pause Young (Allocation Failure)
[2025-05-20T13:12:30.553+0000][723.109s][info][gc,heap        ] GC(323) DefNew: 345849K(392192K)->40965K(392192K) Eden: 345849K(348672K)->0K(348672K) From: 0K(43520K)->40965K(43520K)
[2025-05-20T13:12:30.554+0000][723.109s][info][gc,heap        ] GC(323) Tenured: 471576K(871300K)->671256K(871300K)
[2025-05-20T13:12:30.554+0000][723.109s][info][gc,metaspace   ] GC(323) Metaspace: 38754K(39424K)->38754K(39424K) NonClass: 34022K(34368K)->34022K(34368K) Class: 4731K(5056K)->4731K(5056K)
[2025-05-20T13:12:30.555+0000][723.110s][info][gc             ] GC(323) Pause Young (Allocation Failure) 798M->695M(1233M) 22.068ms
[2025-05-20T13:12:30.555+0000][723.110s][info][gc,cpu         ] GC(323) User=0.02s Sys=0.00s Real=0.03s
[2025-05-20T13:12:30.651+0000][723.206s][info][gc,start       ] GC(324) Pause Young (Allocation Failure)
[2025-05-20T13:12:30.659+0000][723.214s][info][gc,heap        ] GC(324) DefNew: 387541K(392192K)->40965K(392192K) Eden: 346576K(348672K)->0K(348672K) From: 40965K(43520K)->40965K(43520K)
[2025-05-20T13:12:30.660+0000][723.215s][info][gc,heap        ] GC(324) Tenured: 671256K(871300K)->696857K(871300K)
[2025-05-20T13:12:30.660+0000][723.215s][info][gc,metaspace   ] GC(324) Metaspace: 38754K(39424K)->38754K(39424K) NonClass: 34022K(34368K)->34022K(34368K) Class: 4731K(5056K)->4731K(5056K)
[2025-05-20T13:12:30.661+0000][723.216s][info][gc             ] GC(324) Pause Young (Allocation Failure) 1033M->720M(1233M) 9.399ms
[2025-05-20T13:12:30.661+0000][723.216s][info][gc,cpu         ] GC(324) User=0.01s Sys=0.00s Real=0.01s
[2025-05-20T13:12:30.681+0000][723.236s][info][gc,start       ] GC(325) Pause Young (Allocation Failure)
[2025-05-20T13:12:30.726+0000][723.281s][info][gc             ] GC(325) Pause Young (Allocation Failure) 1059M->1055M(1399M) 45.508ms
[2025-05-20T13:12:30.727+0000][723.282s][info][gc,cpu         ] GC(325) User=0.04s Sys=0.01s Real=0.05s
[2025-05-20T13:12:30.727+0000][723.282s][info][gc,start       ] GC(326) Pause Full (Allocation Failure)
[2025-05-20T13:12:30.727+0000][723.282s][info][gc,phases,start] GC(326) Phase 1: Mark live objects
[2025-05-20T13:12:30.741+0000][723.296s][info][gc,phases      ] GC(326) Phase 1: Mark live objects 13.995ms
[2025-05-20T13:12:30.741+0000][723.296s][info][gc,phases,start] GC(326) Phase 2: Compute new object addresses
[2025-05-20T13:12:30.745+0000][723.300s][info][gc,phases      ] GC(326) Phase 2: Compute new object addresses 3.542ms
[2025-05-20T13:12:30.745+0000][723.300s][info][gc,phases,start] GC(326) Phase 3: Adjust pointers
[2025-05-20T13:12:30.752+0000][723.307s][info][gc,phases      ] GC(326) Phase 3: Adjust pointers 6.563ms
[2025-05-20T13:12:30.752+0000][723.307s][info][gc,phases,start] GC(326) Phase 4: Move objects
[2025-05-20T13:12:30.785+0000][723.340s][info][gc,phases      ] GC(326) Phase 4: Move objects 33.392ms
[2025-05-20T13:12:30.788+0000][723.343s][info][gc,heap        ] GC(326) DefNew: 387663K(392192K)->0K(392192K) Eden: 346697K(348672K)->0K(348672K) From: 40965K(43520K)->0K(43520K)
[2025-05-20T13:12:30.788+0000][723.343s][info][gc,heap        ] GC(326) Tenured: 696857K(871300K)->466456K(871300K)
[2025-05-20T13:12:30.788+0000][723.343s][info][gc,metaspace   ] GC(326) Metaspace: 38754K(39424K)->38754K(39424K) NonClass: 34022K(34368K)->34022K(34368K) Class: 4731K(5056K)->4731K(5056K)
[2025-05-20T13:12:30.789+0000][723.344s][info][gc             ] GC(326) Pause Full (Allocation Failure) 1055M->455M(1233M) 62.188ms
[2025-05-20T13:12:30.789+0000][723.344s][info][gc,cpu         ] GC(326) User=0.06s Sys=0.00s Real=0.06s
[2025-05-20T13:12:30.881+0000][723.436s][info][gc,start       ] GC(327) Pause Young (Allocation Failure)
[2025-05-20T13:12:30.901+0000][723.456s][info][gc,heap        ] GC(327) DefNew: 345954K(392192K)->40965K(392192K) Eden: 345954K(348672K)->0K(348672K) From: 0K(43520K)->40965K(43520K)
[2025-05-20T13:12:30.902+0000][723.457s][info][gc,heap        ] GC(327) Tenured: 466456K(871300K)->661016K(871300K)
[2025-05-20T13:12:30.902+0000][723.458s][info][gc,metaspace   ] GC(327) Metaspace: 38754K(39424K)->38754K(39424K) NonClass: 34022K(34368K)->34022K(34368K) Class: 4731K(5056K)->4731K(5056K)
[2025-05-20T13:12:30.903+0000][723.458s][info][gc             ] GC(327) Pause Young (Allocation Failure) 793M->685M(1233M) 21.877ms
[2025-05-20T13:12:30.903+0000][723.459s][info][gc,cpu         ] GC(327) User=0.02s Sys=0.00s Real=0.03s
[2025-05-20T13:18:39.494+0000][1092.072s][info][gc,start       ] GC(328) Pause Young (Allocation Failure)
[2025-05-20T13:18:39.500+0000][1092.078s][info][gc,heap        ] GC(328) DefNew: 388426K(392192K)->25623K(392192K) Eden: 347460K(348672K)->0K(348672K) From: 40965K(43520K)->25623K(43520K)
[2025-05-20T13:18:39.501+0000][1092.078s][info][gc,heap        ] GC(328) Tenured: 661016K(871300K)->661017K(871300K)
[2025-05-20T13:18:39.501+0000][1092.079s][info][gc,metaspace   ] GC(328) Metaspace: 38846K(39552K)->38846K(39552K) NonClass: 34114K(34496K)->34114K(34496K) Class: 4731K(5056K)->4731K(5056K)
[2025-05-20T13:18:39.501+0000][1092.079s][info][gc             ] GC(328) Pause Young (Allocation Failure) 1024M->670M(1233M) 6.999ms
[2025-05-20T13:18:39.501+0000][1092.079s][info][gc,cpu         ] GC(328) User=0.00s Sys=0.00s Real=0.01s
[2025-05-20T13:18:39.541+0000][1092.119s][info][gc,start       ] GC(329) Pause Young (Allocation Failure)
[2025-05-20T13:18:39.628+0000][1092.205s][info][gc             ] GC(329) Pause Young (Allocation Failure) 1007M->1005M(1348M) 86.527ms
[2025-05-20T13:18:39.820+0000][1092.397s][info][gc,cpu         ] GC(329) User=0.05s Sys=0.05s Real=0.27s
[2025-05-20T13:18:39.820+0000][1092.398s][info][gc,start       ] GC(330) Pause Full (Allocation Failure)
[2025-05-20T13:18:39.822+0000][1092.399s][info][gc,phases,start] GC(330) Phase 1: Mark live objects
[2025-05-20T13:18:39.881+0000][1092.459s][info][gc,phases      ] GC(330) Phase 1: Mark live objects 59.419ms
[2025-05-20T13:18:39.907+0000][1092.484s][info][gc,phases,start] GC(330) Phase 2: Compute new object addresses
[2025-05-20T13:18:39.919+0000][1092.497s][info][gc,phases      ] GC(330) Phase 2: Compute new object addresses 12.888ms
[2025-05-20T13:18:39.920+0000][1092.498s][info][gc,phases,start] GC(330) Phase 3: Adjust pointers
[2025-05-20T13:18:39.938+0000][1092.516s][info][gc,phases      ] GC(330) Phase 3: Adjust pointers 18.045ms
[2025-05-20T13:18:39.939+0000][1092.516s][info][gc,phases,start] GC(330) Phase 4: Move objects
[2025-05-20T13:18:39.996+0000][1092.574s][info][gc,phases      ] GC(330) Phase 4: Move objects 57.629ms
[2025-05-20T13:18:39.999+0000][1092.576s][info][gc,heap        ] GC(330) DefNew: 370846K(392192K)->0K(392192K) Eden: 345222K(348672K)->0K(348672K) From: 25623K(43520K)->0K(43520K)
[2025-05-20T13:18:39.999+0000][1092.577s][info][gc,heap        ] GC(330) Tenured: 661017K(871300K)->425514K(871300K)
[2025-05-20T13:18:39.999+0000][1092.577s][info][gc,metaspace   ] GC(330) Metaspace: 38846K(39552K)->38846K(39552K) NonClass: 34114K(34496K)->34114K(34496K) Class: 4731K(5056K)->4731K(5056K)
[2025-05-20T13:18:40.000+0000][1092.577s][info][gc             ] GC(330) Pause Full (Allocation Failure) 1005M->415M(1233M) 179.686ms
[2025-05-20T13:18:40.001+0000][1092.578s][info][gc,cpu         ] GC(330) User=0.12s Sys=0.00s Real=0.19s
[2025-05-20T13:18:40.079+0000][1092.656s][info][gc,start       ] GC(331) Pause Young (Allocation Failure)
[2025-05-20T13:18:40.103+0000][1092.681s][info][gc,heap        ] GC(331) DefNew: 347038K(392192K)->40967K(392192K) Eden: 347038K(348672K)->0K(348672K) From: 0K(43520K)->40967K(43520K)
[2025-05-20T13:18:40.104+0000][1092.682s][info][gc,heap        ] GC(331) Tenured: 425514K(871300K)->584234K(871300K)
[2025-05-20T13:18:40.105+0000][1092.682s][info][gc,metaspace   ] GC(331) Metaspace: 38846K(39552K)->38846K(39552K) NonClass: 34114K(34496K)->34114K(34496K) Class: 4731K(5056K)->4731K(5056K)
[2025-05-20T13:18:40.109+0000][1092.687s][info][gc             ] GC(331) Pause Young (Allocation Failure) 754M->610M(1233M) 30.457ms
[2025-05-20T13:18:40.110+0000][1092.688s][info][gc,cpu         ] GC(331) User=0.03s Sys=0.00s Real=0.03s
[2025-05-20T13:18:40.181+0000][1092.758s][info][gc,start       ] GC(332) Pause Young (Allocation Failure)
[2025-05-20T13:18:40.187+0000][1092.764s][info][gc,heap        ] GC(332) DefNew: 384677K(392192K)->20485K(392192K) Eden: 343710K(348672K)->0K(348672K) From: 40967K(43520K)->20485K(43520K)
[2025-05-20T13:18:40.188+0000][1092.765s][info][gc,heap        ] GC(332) Tenured: 584234K(871300K)->589356K(871300K)
[2025-05-20T13:18:40.189+0000][1092.766s][info][gc,metaspace   ] GC(332) Metaspace: 38846K(39552K)->38846K(39552K) NonClass: 34114K(34496K)->34114K(34496K) Class: 4731K(5056K)->4731K(5056K)
[2025-05-20T13:18:40.189+0000][1092.767s][info][gc             ] GC(332) Pause Young (Allocation Failure) 946M->595M(1233M) 8.534ms
[2025-05-20T13:18:40.190+0000][1092.767s][info][gc,cpu         ] GC(332) User=0.01s Sys=0.00s Real=0.00s
[2025-05-20T13:18:40.213+0000][1092.790s][info][gc,start       ] GC(333) Pause Young (Allocation Failure)
[2025-05-20T13:18:40.264+0000][1092.841s][info][gc             ] GC(333) Pause Young (Allocation Failure) 932M->930M(1273M) 51.266ms
[2025-05-20T13:18:40.265+0000][1092.842s][info][gc,cpu         ] GC(333) User=0.04s Sys=0.01s Real=0.05s
[2025-05-20T13:18:40.265+0000][1092.843s][info][gc,start       ] GC(334) Pause Full (Allocation Failure)
[2025-05-20T13:18:40.266+0000][1092.844s][info][gc,phases,start] GC(334) Phase 1: Mark live objects
[2025-05-20T13:18:40.285+0000][1092.863s][info][gc,phases      ] GC(334) Phase 1: Mark live objects 18.675ms
[2025-05-20T13:18:40.292+0000][1092.870s][info][gc,phases,start] GC(334) Phase 2: Compute new object addresses
[2025-05-20T13:18:40.298+0000][1092.875s][info][gc,phases      ] GC(334) Phase 2: Compute new object addresses 5.448ms
[2025-05-20T13:18:40.308+0000][1092.886s][info][gc,phases,start] GC(334) Phase 3: Adjust pointers
[2025-05-20T13:18:40.349+0000][1092.926s][info][gc,phases      ] GC(334) Phase 3: Adjust pointers 40.611ms
[2025-05-20T13:18:40.350+0000][1092.928s][info][gc,phases,start] GC(334) Phase 4: Move objects
[2025-05-20T13:18:40.385+0000][1092.963s][info][gc,phases      ] GC(334) Phase 4: Move objects 35.013ms
[2025-05-20T13:18:40.387+0000][1092.965s][info][gc,heap        ] GC(334) DefNew: 365530K(392192K)->0K(392192K) Eden: 345045K(348672K)->0K(348672K) From: 20485K(43520K)->0K(43520K)
[2025-05-20T13:18:40.389+0000][1092.967s][info][gc,heap        ] GC(334) Tenured: 589356K(871300K)->379427K(871300K)
[2025-05-20T13:18:40.392+0000][1092.970s][info][gc,metaspace   ] GC(334) Metaspace: 38846K(39552K)->38846K(39552K) NonClass: 34114K(34496K)->34114K(34496K) Class: 4731K(5056K)->4731K(5056K)
[2025-05-20T13:18:40.396+0000][1092.974s][info][gc             ] GC(334) Pause Full (Allocation Failure) 930M->370M(1233M) 130.815ms
[2025-05-20T13:18:40.397+0000][1092.975s][info][gc,cpu         ] GC(334) User=0.07s Sys=0.00s Real=0.13s
[2025-05-20T13:18:40.496+0000][1093.073s][info][gc,start       ] GC(335) Pause Young (Allocation Failure)
[2025-05-20T13:18:40.527+0000][1093.105s][info][gc,heap        ] GC(335) DefNew: 344168K(392192K)->40966K(392192K) Eden: 344168K(348672K)->0K(348672K) From: 0K(43520K)->40966K(43520K)
[2025-05-20T13:18:40.528+0000][1093.106s][info][gc,heap        ] GC(335) Tenured: 379427K(871300K)->538147K(871300K)
[2025-05-20T13:18:40.536+0000][1093.114s][info][gc,metaspace   ] GC(335) Metaspace: 38846K(39552K)->38846K(39552K) NonClass: 34114K(34496K)->34114K(34496K) Class: 4731K(5056K)->4731K(5056K)
[2025-05-20T13:18:40.538+0000][1093.115s][info][gc             ] GC(335) Pause Young (Allocation Failure) 706M->565M(1233M) 41.855ms
[2025-05-20T13:18:40.540+0000][1093.118s][info][gc,cpu         ] GC(335) User=0.02s Sys=0.00s Real=0.04s
[2025-05-20T13:18:40.638+0000][1093.216s][info][gc,start       ] GC(336) Pause Young (Allocation Failure)
[2025-05-20T13:18:40.644+0000][1093.222s][info][gc,heap        ] GC(336) DefNew: 386254K(392192K)->15365K(392192K) Eden: 345288K(348672K)->0K(348672K) From: 40966K(43520K)->15365K(43520K)
[2025-05-20T13:18:40.646+0000][1093.223s][info][gc,heap        ] GC(336) Tenured: 538147K(871300K)->548388K(871300K)
[2025-05-20T13:18:40.646+0000][1093.224s][info][gc,metaspace   ] GC(336) Metaspace: 38846K(39552K)->38846K(39552K) NonClass: 34114K(34496K)->34114K(34496K) Class: 4731K(5056K)->4731K(5056K)
[2025-05-20T13:18:40.647+0000][1093.224s][info][gc             ] GC(336) Pause Young (Allocation Failure) 902M->550M(1233M) 8.823ms
[2025-05-20T13:18:40.647+0000][1093.225s][info][gc,cpu         ] GC(336) User=0.01s Sys=0.00s Real=0.01s
[2025-05-20T13:18:40.668+0000][1093.245s][info][gc,start       ] GC(337) Pause Young (Allocation Failure)
[2025-05-20T13:18:40.701+0000][1093.279s][info][gc,heap        ] GC(337) DefNew: 361376K(392192K)->40965K(392192K) Eden: 346011K(348672K)->0K(348672K) From: 15365K(43520K)->40965K(43520K)
[2025-05-20T13:18:40.701+0000][1093.279s][info][gc,heap        ] GC(337) Tenured: 548388K(871300K)->865829K(871300K)
[2025-05-20T13:18:40.702+0000][1093.279s][info][gc,metaspace   ] GC(337) Metaspace: 38846K(39552K)->38846K(39552K) NonClass: 34114K(34496K)->34114K(34496K) Class: 4731K(5056K)->4731K(5056K)
[2025-05-20T13:18:40.702+0000][1093.279s][info][gc             ] GC(337) Pause Young (Allocation Failure) 888M->885M(1233M) 34.048ms
[2025-05-20T13:18:40.702+0000][1093.280s][info][gc,cpu         ] GC(337) User=0.03s Sys=0.00s Real=0.04s
[2025-05-20T13:18:40.809+0000][1093.387s][info][gc,start       ] GC(338) Pause Young (Allocation Failure)
[2025-05-20T13:18:40.844+0000][1093.422s][info][gc             ] GC(338) Pause Young (Allocation Failure) 1222M->1025M(1368M) 34.769ms
[2025-05-20T13:18:40.845+0000][1093.423s][info][gc,cpu         ] GC(338) User=0.01s Sys=0.02s Real=0.04s
[2025-05-20T13:18:40.846+0000][1093.423s][info][gc,start       ] GC(339) Pause Full (Allocation Failure)
[2025-05-20T13:18:40.846+0000][1093.424s][info][gc,phases,start] GC(339) Phase 1: Mark live objects
[2025-05-20T13:18:40.861+0000][1093.439s][info][gc,phases      ] GC(339) Phase 1: Mark live objects 14.993ms
[2025-05-20T13:18:40.862+0000][1093.440s][info][gc,phases,start] GC(339) Phase 2: Compute new object addresses
[2025-05-20T13:18:40.866+0000][1093.444s][info][gc,phases      ] GC(339) Phase 2: Compute new object addresses 4.307ms
[2025-05-20T13:18:40.868+0000][1093.446s][info][gc,phases,start] GC(339) Phase 3: Adjust pointers
[2025-05-20T13:18:40.880+0000][1093.458s][info][gc,phases      ] GC(339) Phase 3: Adjust pointers 11.817ms
[2025-05-20T13:18:40.883+0000][1093.460s][info][gc,phases,start] GC(339) Phase 4: Move objects
[2025-05-20T13:18:40.899+0000][1093.477s][info][gc,phases      ] GC(339) Phase 4: Move objects 16.205ms
[2025-05-20T13:18:40.905+0000][1093.483s][info][gc,heap        ] GC(339) DefNew: 386452K(392192K)->0K(392192K) Eden: 345487K(348672K)->0K(348672K) From: 40965K(43520K)->0K(43520K)
[2025-05-20T13:18:40.906+0000][1093.484s][info][gc,heap        ] GC(339) Tenured: 865829K(871300K)->200226K(871300K)
[2025-05-20T13:18:40.910+0000][1093.488s][info][gc,metaspace   ] GC(339) Metaspace: 38846K(39552K)->38846K(39552K) NonClass: 34114K(34496K)->34114K(34496K) Class: 4731K(5056K)->4731K(5056K)
[2025-05-20T13:18:40.911+0000][1093.488s][info][gc             ] GC(339) Pause Full (Allocation Failure) 1025M->195M(1233M) 65.141ms
[2025-05-20T13:18:40.912+0000][1093.490s][info][gc,cpu         ] GC(339) User=0.05s Sys=0.00s Real=0.07s
[2025-05-20T13:18:40.990+0000][1093.568s][info][gc,start       ] GC(340) Pause Young (Allocation Failure)
[2025-05-20T13:18:41.005+0000][1093.583s][info][gc,heap        ] GC(340) DefNew: 348657K(392192K)->40967K(392192K) Eden: 348657K(348672K)->0K(348672K) From: 0K(43520K)->40967K(43520K)
[2025-05-20T13:18:41.018+0000][1093.595s][info][gc,heap        ] GC(340) Tenured: 200226K(871300K)->241187K(871300K)
[2025-05-20T13:18:41.033+0000][1093.610s][info][gc,metaspace   ] GC(340) Metaspace: 38846K(39552K)->38846K(39552K) NonClass: 34114K(34496K)->34114K(34496K) Class: 4731K(5056K)->4731K(5056K)
[2025-05-20T13:18:41.033+0000][1093.611s][info][gc             ] GC(340) Pause Young (Allocation Failure) 536M->275M(1233M) 43.244ms
[2025-05-20T13:18:41.034+0000][1093.611s][info][gc,cpu         ] GC(340) User=0.01s Sys=0.00s Real=0.05s
[2025-05-20T13:18:41.057+0000][1093.635s][info][gc,start       ] GC(341) Pause Young (Allocation Failure)
[2025-05-20T13:18:41.103+0000][1093.680s][info][gc,heap        ] GC(341) DefNew: 385540K(392192K)->40960K(392192K) Eden: 344573K(348672K)->0K(348672K) From: 40967K(43520K)->40960K(43520K)
[2025-05-20T13:18:41.103+0000][1093.681s][info][gc,heap        ] GC(341) Tenured: 241187K(871300K)->584234K(871300K)
[2025-05-20T13:18:41.103+0000][1093.681s][info][gc,metaspace   ] GC(341) Metaspace: 38846K(39552K)->38846K(39552K) NonClass: 34114K(34496K)->34114K(34496K) Class: 4731K(5056K)->4731K(5056K)
[2025-05-20T13:18:41.103+0000][1093.681s][info][gc             ] GC(341) Pause Young (Allocation Failure) 612M->610M(1233M) 46.205ms
[2025-05-20T13:18:41.104+0000][1093.681s][info][gc,cpu         ] GC(341) User=0.04s Sys=0.00s Real=0.05s
[2025-05-20T13:18:41.217+0000][1093.795s][info][gc,start       ] GC(342) Pause Young (Allocation Failure)
[2025-05-20T13:18:41.236+0000][1093.814s][info][gc,heap        ] GC(342) DefNew: 385542K(392192K)->40966K(392192K) Eden: 344581K(348672K)->0K(348672K) From: 40960K(43520K)->40966K(43520K)
[2025-05-20T13:18:41.237+0000][1093.814s][info][gc,heap        ] GC(342) Tenured: 584234K(871300K)->727595K(871300K)
[2025-05-20T13:18:41.237+0000][1093.814s][info][gc,metaspace   ] GC(342) Metaspace: 38846K(39552K)->38846K(39552K) NonClass: 34114K(34496K)->34114K(34496K) Class: 4731K(5056K)->4731K(5056K)
[2025-05-20T13:18:41.237+0000][1093.815s][info][gc             ] GC(342) Pause Young (Allocation Failure) 947M->750M(1233M) 20.023ms
[2025-05-20T13:18:41.237+0000][1093.815s][info][gc,cpu         ] GC(342) User=0.02s Sys=0.00s Real=0.02s
[2025-05-20T13:18:41.324+0000][1093.901s][info][gc,start       ] GC(343) Pause Young (Allocation Failure)
[2025-05-20T13:18:41.411+0000][1093.988s][info][gc,heap        ] GC(343) DefNew: 389605K(392192K)->15365K(392192K) Eden: 348638K(348672K)->0K(348672K) From: 40966K(43520K)->15365K(43520K)
[2025-05-20T13:18:41.413+0000][1093.991s][info][gc,heap        ] GC(343) Tenured: 727595K(871300K)->727596K(871300K)
[2025-05-20T13:18:41.414+0000][1093.991s][info][gc,metaspace   ] GC(343) Metaspace: 38849K(39552K)->38849K(39552K) NonClass: 34118K(34496K)->34118K(34496K) Class: 4731K(5056K)->4731K(5056K)
[2025-05-20T13:18:41.420+0000][1093.997s][info][gc             ] GC(343) Pause Young (Allocation Failure) 1091M->725M(1233M) 96.313ms
[2025-05-20T13:18:41.425+0000][1094.002s][info][gc,cpu         ] GC(343) User=0.01s Sys=0.00s Real=0.10s
[2025-05-20T13:18:41.490+0000][1094.068s][info][gc,start       ] GC(344) Pause Young (Allocation Failure)
[2025-05-20T13:18:41.539+0000][1094.117s][info][gc             ] GC(344) Pause Young (Allocation Failure) 1062M->1060M(1404M) 48.962ms
[2025-05-20T13:18:41.540+0000][1094.118s][info][gc,cpu         ] GC(344) User=0.03s Sys=0.01s Real=0.05s
[2025-05-20T13:18:41.541+0000][1094.119s][info][gc,start       ] GC(345) Pause Full (Allocation Failure)
[2025-05-20T13:18:41.542+0000][1094.120s][info][gc,phases,start] GC(345) Phase 1: Mark live objects
[2025-05-20T13:18:41.558+0000][1094.136s][info][gc,phases      ] GC(345) Phase 1: Mark live objects 16.185ms
[2025-05-20T13:18:41.562+0000][1094.139s][info][gc,phases,start] GC(345) Phase 2: Compute new object addresses
[2025-05-20T13:18:41.575+0000][1094.153s][info][gc,phases      ] GC(345) Phase 2: Compute new object addresses 13.642ms
[2025-05-20T13:18:41.576+0000][1094.154s][info][gc,phases,start] GC(345) Phase 3: Adjust pointers
[2025-05-20T13:18:41.593+0000][1094.170s][info][gc,phases      ] GC(345) Phase 3: Adjust pointers 16.412ms
[2025-05-20T13:18:41.597+0000][1094.174s][info][gc,phases,start] GC(345) Phase 4: Move objects
[2025-05-20T13:18:41.627+0000][1094.204s][info][gc,phases      ] GC(345) Phase 4: Move objects 30.086ms
[2025-05-20T13:18:41.629+0000][1094.207s][info][gc,heap        ] GC(345) DefNew: 359937K(392192K)->0K(392192K) Eden: 344572K(348672K)->0K(348672K) From: 15365K(43520K)->0K(43520K)
[2025-05-20T13:18:41.630+0000][1094.208s][info][gc,heap        ] GC(345) Tenured: 727596K(871300K)->374308K(871300K)
[2025-05-20T13:18:41.631+0000][1094.209s][info][gc,metaspace   ] GC(345) Metaspace: 38851K(39552K)->38851K(39552K) NonClass: 34119K(34496K)->34119K(34496K) Class: 4731K(5056K)->4731K(5056K)
[2025-05-20T13:18:41.631+0000][1094.209s][info][gc             ] GC(345) Pause Full (Allocation Failure) 1060M->365M(1233M) 90.088ms
[2025-05-20T13:18:41.632+0000][1094.210s][info][gc,cpu         ] GC(345) User=0.07s Sys=0.00s Real=0.09s
[2025-05-20T13:18:41.695+0000][1094.273s][info][gc,start       ] GC(346) Pause Young (Allocation Failure)
[2025-05-20T13:18:41.713+0000][1094.291s][info][gc,heap        ] GC(346) DefNew: 348313K(392192K)->40966K(392192K) Eden: 348313K(348672K)->0K(348672K) From: 0K(43520K)->40966K(43520K)
[2025-05-20T13:18:41.714+0000][1094.291s][info][gc,heap        ] GC(346) Tenured: 374308K(871300K)->538149K(871300K)
[2025-05-20T13:18:41.714+0000][1094.291s][info][gc,metaspace   ] GC(346) Metaspace: 38851K(39552K)->38851K(39552K) NonClass: 34119K(34496K)->34119K(34496K) Class: 4731K(5056K)->4731K(5056K)
[2025-05-20T13:18:41.714+0000][1094.292s][info][gc             ] GC(346) Pause Young (Allocation Failure) 705M->565M(1233M) 19.027ms
[2025-05-20T13:18:41.716+0000][1094.294s][info][gc,cpu         ] GC(346) User=0.02s Sys=0.00s Real=0.02s
[2025-05-20T13:18:41.768+0000][1094.346s][info][gc,start       ] GC(347) Pause Young (Allocation Failure)
[2025-05-20T13:18:41.776+0000][1094.354s][info][gc,heap        ] GC(347) DefNew: 384922K(392192K)->15365K(392192K) Eden: 343955K(348672K)->0K(348672K) From: 40966K(43520K)->15365K(43520K)
[2025-05-20T13:18:41.777+0000][1094.355s][info][gc,heap        ] GC(347) Tenured: 538149K(871300K)->553510K(871300K)
[2025-05-20T13:18:41.781+0000][1094.358s][info][gc,metaspace   ] GC(347) Metaspace: 38855K(39552K)->38855K(39552K) NonClass: 34123K(34496K)->34123K(34496K) Class: 4731K(5056K)->4731K(5056K)
[2025-05-20T13:18:41.782+0000][1094.359s][info][gc             ] GC(347) Pause Young (Allocation Failure) 901M->555M(1233M) 13.608ms
[2025-05-20T13:18:41.785+0000][1094.363s][info][gc,cpu         ] GC(347) User=0.00s Sys=0.00s Real=0.02s
[2025-05-20T13:18:41.818+0000][1094.396s][info][gc,start       ] GC(348) Pause Young (Allocation Failure)
[2025-05-20T13:18:41.866+0000][1094.444s][info][gc,heap        ] GC(348) DefNew: 362557K(392192K)->40966K(392192K) Eden: 347191K(348672K)->0K(348672K) From: 15365K(43520K)->40966K(43520K)
[2025-05-20T13:18:41.874+0000][1094.452s][info][gc,heap        ] GC(348) Tenured: 553510K(871300K)->870951K(871300K)
[2025-05-20T13:18:41.875+0000][1094.452s][info][gc,metaspace   ] GC(348) Metaspace: 38886K(39552K)->38886K(39552K) NonClass: 34154K(34496K)->34154K(34496K) Class: 4731K(5056K)->4731K(5056K)
[2025-05-20T13:18:41.880+0000][1094.458s][info][gc             ] GC(348) Pause Young (Allocation Failure) 894M->890M(1233M) 62.263ms
[2025-05-20T13:18:41.881+0000][1094.459s][info][gc,cpu         ] GC(348) User=0.03s Sys=0.00s Real=0.07s
[2025-05-20T13:18:41.938+0000][1094.516s][info][gc,start       ] GC(349) Pause Young (Allocation Failure)
[2025-05-20T13:18:41.977+0000][1094.555s][info][gc             ] GC(349) Pause Young (Allocation Failure) 1229M->1030M(1373M) 39.300ms
[2025-05-20T13:18:41.985+0000][1094.563s][info][gc,cpu         ] GC(349) User=0.01s Sys=0.02s Real=0.05s
[2025-05-20T13:18:41.986+0000][1094.564s][info][gc,start       ] GC(350) Pause Full (Allocation Failure)
[2025-05-20T13:18:41.987+0000][1094.564s][info][gc,phases,start] GC(350) Phase 1: Mark live objects
[2025-05-20T13:18:42.001+0000][1094.578s][info][gc,phases      ] GC(350) Phase 1: Mark live objects 14.214ms
[2025-05-20T13:18:42.002+0000][1094.579s][info][gc,phases,start] GC(350) Phase 2: Compute new object addresses
[2025-05-20T13:18:42.006+0000][1094.584s][info][gc,phases      ] GC(350) Phase 2: Compute new object addresses 4.278ms
[2025-05-20T13:18:42.007+0000][1094.584s][info][gc,phases,start] GC(350) Phase 3: Adjust pointers
[2025-05-20T13:18:42.014+0000][1094.592s][info][gc,phases      ] GC(350) Phase 3: Adjust pointers 7.526ms
[2025-05-20T13:18:42.015+0000][1094.593s][info][gc,phases,start] GC(350) Phase 4: Move objects
[2025-05-20T13:18:42.031+0000][1094.609s][info][gc,phases      ] GC(350) Phase 4: Move objects 16.144ms
[2025-05-20T13:18:42.034+0000][1094.612s][info][gc,heap        ] GC(350) DefNew: 387844K(392192K)->0K(392192K) Eden: 346878K(348672K)->0K(348672K) From: 40966K(43520K)->0K(43520K)
[2025-05-20T13:18:42.041+0000][1094.619s][info][gc,heap        ] GC(350) Tenured: 870951K(871300K)->200229K(871300K)
[2025-05-20T13:18:42.042+0000][1094.620s][info][gc,metaspace   ] GC(350) Metaspace: 38913K(39616K)->38913K(39616K) NonClass: 34182K(34560K)->34182K(34560K) Class: 4731K(5056K)->4731K(5056K)
[2025-05-20T13:18:42.043+0000][1094.620s][info][gc             ] GC(350) Pause Full (Allocation Failure) 1030M->195M(1233M) 56.572ms
[2025-05-20T13:18:42.048+0000][1094.626s][info][gc,cpu         ] GC(350) User=0.04s Sys=0.00s Real=0.06s
[2025-05-20T13:18:42.110+0000][1094.688s][info][gc,start       ] GC(351) Pause Young (Allocation Failure)
[2025-05-20T13:18:42.119+0000][1094.696s][info][gc,heap        ] GC(351) DefNew: 345410K(392192K)->40966K(392192K) Eden: 345410K(348672K)->0K(348672K) From: 0K(43520K)->40966K(43520K)
[2025-05-20T13:18:42.120+0000][1094.698s][info][gc,heap        ] GC(351) Tenured: 200229K(871300K)->236069K(871300K)
[2025-05-20T13:18:42.124+0000][1094.702s][info][gc,metaspace   ] GC(351) Metaspace: 38915K(39616K)->38915K(39616K) NonClass: 34183K(34560K)->34183K(34560K) Class: 4731K(5056K)->4731K(5056K)
[2025-05-20T13:18:42.129+0000][1094.707s][info][gc             ] GC(351) Pause Young (Allocation Failure) 532M->270M(1233M) 19.127ms
[2025-05-20T13:18:42.148+0000][1094.726s][info][gc,cpu         ] GC(351) User=0.01s Sys=0.00s Real=0.04s
[2025-05-20T13:18:42.170+0000][1094.748s][info][gc,start       ] GC(352) Pause Young (Allocation Failure)
[2025-05-20T13:18:42.210+0000][1094.787s][info][gc,heap        ] GC(352) DefNew: 386348K(392192K)->40960K(392192K) Eden: 345382K(348672K)->0K(348672K) From: 40966K(43520K)->40960K(43520K)
[2025-05-20T13:18:42.215+0000][1094.792s][info][gc,heap        ] GC(352) Tenured: 236069K(871300K)->579116K(871300K)
[2025-05-20T13:18:42.227+0000][1094.805s][info][gc,metaspace   ] GC(352) Metaspace: 38915K(39616K)->38915K(39616K) NonClass: 34183K(34560K)->34183K(34560K) Class: 4731K(5056K)->4731K(5056K)
[2025-05-20T13:18:42.229+0000][1094.806s][info][gc             ] GC(352) Pause Young (Allocation Failure) 607M->605M(1233M) 58.646ms
[2025-05-20T13:18:42.231+0000][1094.809s][info][gc,cpu         ] GC(352) User=0.03s Sys=0.00s Real=0.07s
[2025-05-20T13:18:42.293+0000][1094.871s][info][gc,start       ] GC(353) Pause Young (Allocation Failure)
[2025-05-20T13:18:42.319+0000][1094.897s][info][gc,heap        ] GC(353) DefNew: 386982K(392192K)->40966K(392192K) Eden: 346021K(348672K)->0K(348672K) From: 40960K(43520K)->40966K(43520K)
[2025-05-20T13:18:42.320+0000][1094.898s][info][gc,heap        ] GC(353) Tenured: 579116K(871300K)->717357K(871300K)
[2025-05-20T13:18:42.321+0000][1094.898s][info][gc,metaspace   ] GC(353) Metaspace: 38915K(39616K)->38915K(39616K) NonClass: 34183K(34560K)->34183K(34560K) Class: 4731K(5056K)->4731K(5056K)
[2025-05-20T13:18:42.322+0000][1094.899s][info][gc             ] GC(353) Pause Young (Allocation Failure) 943M->740M(1233M) 28.395ms
[2025-05-20T13:18:42.322+0000][1094.900s][info][gc,cpu         ] GC(353) User=0.02s Sys=0.00s Real=0.03s
[2025-05-20T13:18:42.376+0000][1094.953s][info][gc,start       ] GC(354) Pause Young (Allocation Failure)
[2025-05-20T13:18:42.386+0000][1094.964s][info][gc,heap        ] GC(354) DefNew: 387346K(392192K)->5125K(392192K) Eden: 346380K(348672K)->0K(348672K) From: 40966K(43520K)->5125K(43520K)
[2025-05-20T13:18:42.387+0000][1094.964s][info][gc,heap        ] GC(354) Tenured: 717357K(871300K)->717357K(871300K)
[2025-05-20T13:18:42.387+0000][1094.965s][info][gc,metaspace   ] GC(354) Metaspace: 38949K(39616K)->38949K(39616K) NonClass: 34216K(34560K)->34216K(34560K) Class: 4732K(5056K)->4732K(5056K)
[2025-05-20T13:18:42.388+0000][1094.965s][info][gc             ] GC(354) Pause Young (Allocation Failure) 1078M->705M(1233M) 11.966ms
[2025-05-20T13:18:42.388+0000][1094.966s][info][gc,cpu         ] GC(354) User=0.00s Sys=0.00s Real=0.01s
[2025-05-20T13:18:42.411+0000][1094.989s][info][gc,start       ] GC(355) Pause Young (Allocation Failure)
[2025-05-20T13:18:42.470+0000][1095.047s][info][gc             ] GC(355) Pause Young (Allocation Failure) 1043M->1040M(1383M) 58.525ms
[2025-05-20T13:18:42.471+0000][1095.048s][info][gc,cpu         ] GC(355) User=0.03s Sys=0.03s Real=0.05s
[2025-05-20T13:18:42.475+0000][1095.053s][info][gc,start       ] GC(356) Pause Full (Allocation Failure)
[2025-05-20T13:18:42.478+0000][1095.056s][info][gc,phases,start] GC(356) Phase 1: Mark live objects
[2025-05-20T13:18:42.496+0000][1095.074s][info][gc,phases      ] GC(356) Phase 1: Mark live objects 17.887ms
[2025-05-20T13:18:42.497+0000][1095.075s][info][gc,phases,start] GC(356) Phase 2: Compute new object addresses
[2025-05-20T13:18:42.502+0000][1095.079s][info][gc,phases      ] GC(356) Phase 2: Compute new object addresses 4.493ms
[2025-05-20T13:18:42.503+0000][1095.080s][info][gc,phases,start] GC(356) Phase 3: Adjust pointers
[2025-05-20T13:18:42.511+0000][1095.089s][info][gc,phases      ] GC(356) Phase 3: Adjust pointers 8.177ms
[2025-05-20T13:18:42.516+0000][1095.094s][info][gc,phases,start] GC(356) Phase 4: Move objects
[2025-05-20T13:18:42.554+0000][1095.132s][info][gc,phases      ] GC(356) Phase 4: Move objects 37.805ms
[2025-05-20T13:18:42.576+0000][1095.154s][info][gc,heap        ] GC(356) DefNew: 351126K(392192K)->0K(392192K) Eden: 346000K(348672K)->0K(348672K) From: 5125K(43520K)->0K(43520K)
[2025-05-20T13:18:42.577+0000][1095.154s][info][gc,heap        ] GC(356) Tenured: 717357K(871300K)->364070K(871300K)
[2025-05-20T13:18:42.578+0000][1095.156s][info][gc,metaspace   ] GC(356) Metaspace: 38990K(39680K)->38990K(39680K) NonClass: 34257K(34624K)->34257K(34624K) Class: 4732K(5056K)->4732K(5056K)
[2025-05-20T13:18:42.579+0000][1095.157s][info][gc             ] GC(356) Pause Full (Allocation Failure) 1040M->355M(1233M) 103.889ms
[2025-05-20T13:18:42.580+0000][1095.158s][info][gc,cpu         ] GC(356) User=0.05s Sys=0.00s Real=0.10s
[2025-05-20T13:18:42.617+0000][1095.195s][info][gc,start       ] GC(357) Pause Young (Allocation Failure)
[2025-05-20T13:18:42.635+0000][1095.213s][info][gc,heap        ] GC(357) DefNew: 344880K(392192K)->40966K(392192K) Eden: 344880K(348672K)->0K(348672K) From: 0K(43520K)->40966K(43520K)
[2025-05-20T13:18:42.636+0000][1095.213s][info][gc,heap        ] GC(357) Tenured: 364070K(871300K)->517671K(871300K)
[2025-05-20T13:18:42.636+0000][1095.214s][info][gc,metaspace   ] GC(357) Metaspace: 39044K(39744K)->39044K(39744K) NonClass: 34312K(34688K)->34312K(34688K) Class: 4732K(5056K)->4732K(5056K)
[2025-05-20T13:18:42.637+0000][1095.215s][info][gc             ] GC(357) Pause Young (Allocation Failure) 692M->545M(1233M) 19.434ms
[2025-05-20T13:18:42.637+0000][1095.215s][info][gc,cpu         ] GC(357) User=0.02s Sys=0.00s Real=0.02s
[2025-05-20T13:18:42.699+0000][1095.277s][info][gc,start       ] GC(358) Pause Young (Allocation Failure)
[2025-05-20T13:18:42.717+0000][1095.294s][info][gc,heap        ] GC(358) DefNew: 389638K(392192K)->5K(392192K) Eden: 348672K(348672K)->0K(348672K) From: 40966K(43520K)->5K(43520K)
[2025-05-20T13:18:42.717+0000][1095.295s][info][gc,heap        ] GC(358) Tenured: 517671K(871300K)->543272K(871300K)
[2025-05-20T13:18:42.717+0000][1095.295s][info][gc,metaspace   ] GC(358) Metaspace: 39044K(39744K)->39044K(39744K) NonClass: 34312K(34688K)->34312K(34688K) Class: 4732K(5056K)->4732K(5056K)
[2025-05-20T13:18:42.718+0000][1095.295s][info][gc             ] GC(358) Pause Young (Allocation Failure) 886M->530M(1233M) 18.834ms
[2025-05-20T13:18:42.718+0000][1095.296s][info][gc,cpu         ] GC(358) User=0.01s Sys=0.00s Real=0.02s
[2025-05-20T13:18:42.741+0000][1095.318s][info][gc,start       ] GC(359) Pause Young (Allocation Failure)
[2025-05-20T13:18:42.771+0000][1095.348s][info][gc,heap        ] GC(359) DefNew: 345210K(392192K)->40965K(392192K) Eden: 345205K(348672K)->0K(348672K) From: 5K(43520K)->40965K(43520K)
[2025-05-20T13:18:42.773+0000][1095.351s][info][gc,heap        ] GC(359) Tenured: 543272K(871300K)->845353K(871300K)
[2025-05-20T13:18:42.781+0000][1095.359s][info][gc,metaspace   ] GC(359) Metaspace: 39044K(39744K)->39044K(39744K) NonClass: 34312K(34688K)->34312K(34688K) Class: 4732K(5056K)->4732K(5056K)
[2025-05-20T13:18:42.791+0000][1095.368s][info][gc             ] GC(359) Pause Young (Allocation Failure) 867M->865M(1233M) 50.003ms
[2025-05-20T13:18:42.838+0000][1095.415s][info][gc,cpu         ] GC(359) User=0.03s Sys=0.00s Real=0.10s
[2025-05-20T13:18:42.889+0000][1095.466s][info][gc,start       ] GC(360) Pause Young (Allocation Failure)
[2025-05-20T13:18:42.916+0000][1095.494s][info][gc             ] GC(360) Pause Young (Allocation Failure) 1203M->990M(1333M) 27.428ms
[2025-05-20T13:18:42.918+0000][1095.496s][info][gc,cpu         ] GC(360) User=0.01s Sys=0.02s Real=0.03s
[2025-05-20T13:18:42.924+0000][1095.501s][info][gc,start       ] GC(361) Pause Full (Allocation Failure)
[2025-05-20T13:18:42.935+0000][1095.512s][info][gc,phases,start] GC(361) Phase 1: Mark live objects
[2025-05-20T13:18:42.951+0000][1095.528s][info][gc,phases      ] GC(361) Phase 1: Mark live objects 15.721ms
[2025-05-20T13:18:42.968+0000][1095.546s][info][gc,phases,start] GC(361) Phase 2: Compute new object addresses
[2025-05-20T13:18:42.975+0000][1095.553s][info][gc,phases      ] GC(361) Phase 2: Compute new object addresses 6.936ms
[2025-05-20T13:18:42.977+0000][1095.554s][info][gc,phases,start] GC(361) Phase 3: Adjust pointers
[2025-05-20T13:18:42.985+0000][1095.563s][info][gc,phases      ] GC(361) Phase 3: Adjust pointers 8.190ms
[2025-05-20T13:18:42.994+0000][1095.572s][info][gc,phases,start] GC(361) Phase 4: Move objects
[2025-05-20T13:18:43.009+0000][1095.587s][info][gc,phases      ] GC(361) Phase 4: Move objects 15.422ms
[2025-05-20T13:18:43.016+0000][1095.593s][info][gc,heap        ] GC(361) DefNew: 387215K(392192K)->0K(392192K) Eden: 346250K(348672K)->0K(348672K) From: 40965K(43520K)->0K(43520K)
[2025-05-20T13:18:43.026+0000][1095.604s][info][gc,heap        ] GC(361) Tenured: 845353K(871300K)->184870K(871300K)
[2025-05-20T13:18:43.027+0000][1095.604s][info][gc,metaspace   ] GC(361) Metaspace: 39044K(39744K)->39044K(39744K) NonClass: 34312K(34688K)->34312K(34688K) Class: 4732K(5056K)->4732K(5056K)
[2025-05-20T13:18:43.027+0000][1095.605s][info][gc             ] GC(361) Pause Full (Allocation Failure) 990M->180M(1233M) 103.884ms
[2025-05-20T13:18:43.028+0000][1095.606s][info][gc,cpu         ] GC(361) User=0.04s Sys=0.00s Real=0.10s
[2025-05-20T13:18:43.099+0000][1095.677s][info][gc,start       ] GC(362) Pause Young (Allocation Failure)
[2025-05-20T13:18:43.101+0000][1095.679s][info][gc,heap        ] GC(362) DefNew: 348672K(392192K)->6K(392192K) Eden: 348672K(348672K)->0K(348672K) From: 0K(43520K)->6K(43520K)
[2025-05-20T13:18:43.102+0000][1095.679s][info][gc,heap        ] GC(362) Tenured: 184870K(871300K)->184870K(871300K)
[2025-05-20T13:18:43.102+0000][1095.680s][info][gc,metaspace   ] GC(362) Metaspace: 39044K(39744K)->39044K(39744K) NonClass: 34312K(34688K)->34312K(34688K) Class: 4732K(5056K)->4732K(5056K)
[2025-05-20T13:18:43.103+0000][1095.681s][info][gc             ] GC(362) Pause Young (Allocation Failure) 521M->180M(1233M) 3.839ms
[2025-05-20T13:18:43.103+0000][1095.681s][info][gc,cpu         ] GC(362) User=0.00s Sys=0.00s Real=0.01s
[2025-05-20T13:18:43.124+0000][1095.702s][info][gc,start       ] GC(363) Pause Young (Allocation Failure)
[2025-05-20T13:18:43.157+0000][1095.734s][info][gc,heap        ] GC(363) DefNew: 345203K(392192K)->40966K(392192K) Eden: 345197K(348672K)->0K(348672K) From: 6K(43520K)->40966K(43520K)
[2025-05-20T13:18:43.157+0000][1095.735s][info][gc,heap        ] GC(363) Tenured: 184870K(871300K)->486951K(871300K)
[2025-05-20T13:18:43.157+0000][1095.735s][info][gc,metaspace   ] GC(363) Metaspace: 39044K(39744K)->39044K(39744K) NonClass: 34312K(34688K)->34312K(34688K) Class: 4732K(5056K)->4732K(5056K)
[2025-05-20T13:18:43.157+0000][1095.735s][info][gc             ] GC(363) Pause Young (Allocation Failure) 517M->515M(1233M) 32.940ms
[2025-05-20T13:18:43.158+0000][1095.735s][info][gc,cpu         ] GC(363) User=0.03s Sys=0.00s Real=0.03s
[2025-05-20T13:18:43.232+0000][1095.809s][info][gc,start       ] GC(364) Pause Young (Allocation Failure)
[2025-05-20T13:18:43.251+0000][1095.829s][info][gc,heap        ] GC(364) DefNew: 386618K(392192K)->40965K(392192K) Eden: 345652K(348672K)->0K(348672K) From: 40966K(43520K)->40965K(43520K)
[2025-05-20T13:18:43.254+0000][1095.832s][info][gc,heap        ] GC(364) Tenured: 486951K(871300K)->614952K(871300K)
[2025-05-20T13:18:43.254+0000][1095.832s][info][gc,metaspace   ] GC(364) Metaspace: 39044K(39744K)->39044K(39744K) NonClass: 34312K(34688K)->34312K(34688K) Class: 4732K(5056K)->4732K(5056K)
[2025-05-20T13:18:43.255+0000][1095.833s][info][gc             ] GC(364) Pause Young (Allocation Failure) 853M->640M(1233M) 23.336ms
[2025-05-20T13:18:43.255+0000][1095.833s][info][gc,cpu         ] GC(364) User=0.02s Sys=0.00s Real=0.02s
[2025-05-20T13:18:43.294+0000][1095.871s][info][gc,start       ] GC(365) Pause Young (Allocation Failure)
[2025-05-20T13:18:43.296+0000][1095.873s][info][gc,heap        ] GC(365) DefNew: 389637K(392192K)->5K(392192K) Eden: 348672K(348672K)->0K(348672K) From: 40965K(43520K)->5K(43520K)
[2025-05-20T13:18:43.296+0000][1095.873s][info][gc,heap        ] GC(365) Tenured: 614952K(871300K)->614952K(871300K)
[2025-05-20T13:18:43.297+0000][1095.874s][info][gc,metaspace   ] GC(365) Metaspace: 39044K(39744K)->39044K(39744K) NonClass: 34312K(34688K)->34312K(34688K) Class: 4732K(5056K)->4732K(5056K)
[2025-05-20T13:18:43.297+0000][1095.875s][info][gc             ] GC(365) Pause Young (Allocation Failure) 981M->600M(1233M) 3.364ms
[2025-05-20T13:18:43.297+0000][1095.875s][info][gc,cpu         ] GC(365) User=0.01s Sys=0.00s Real=0.00s
[2025-05-20T13:18:43.318+0000][1095.896s][info][gc,start       ] GC(366) Pause Young (Allocation Failure)
[2025-05-20T13:18:43.355+0000][1095.932s][info][gc             ] GC(366) Pause Young (Allocation Failure) 937M->935M(1278M) 36.445ms
[2025-05-20T13:18:43.364+0000][1095.942s][info][gc,cpu         ] GC(366) User=0.02s Sys=0.00s Real=0.05s
[2025-05-20T13:18:43.380+0000][1095.958s][info][gc,start       ] GC(367) Pause Full (Allocation Failure)
[2025-05-20T13:18:43.381+0000][1095.959s][info][gc,phases,start] GC(367) Phase 1: Mark live objects
[2025-05-20T13:18:43.406+0000][1095.983s][info][gc,phases      ] GC(367) Phase 1: Mark live objects 24.508ms
[2025-05-20T13:18:43.444+0000][1096.021s][info][gc,phases,start] GC(367) Phase 2: Compute new object addresses
[2025-05-20T13:18:43.455+0000][1096.033s][info][gc,phases      ] GC(367) Phase 2: Compute new object addresses 11.643ms
[2025-05-20T13:18:43.464+0000][1096.042s][info][gc,phases,start] GC(367) Phase 3: Adjust pointers
[2025-05-20T13:18:43.480+0000][1096.058s][info][gc,phases      ] GC(367) Phase 3: Adjust pointers 16.046ms
[2025-05-20T13:18:43.481+0000][1096.059s][info][gc,phases,start] GC(367) Phase 4: Move objects
[2025-05-20T13:18:43.518+0000][1096.096s][info][gc,phases      ] GC(367) Phase 4: Move objects 37.125ms
[2025-05-20T13:18:43.531+0000][1096.108s][info][gc,heap        ] GC(367) DefNew: 345437K(392192K)->0K(392192K) Eden: 345432K(348672K)->0K(348672K) From: 5K(43520K)->0K(43520K)
[2025-05-20T13:18:43.531+0000][1096.109s][info][gc,heap        ] GC(367) Tenured: 614952K(871300K)->358951K(871300K)
[2025-05-20T13:18:43.532+0000][1096.109s][info][gc,metaspace   ] GC(367) Metaspace: 39044K(39744K)->39044K(39744K) NonClass: 34312K(34688K)->34312K(34688K) Class: 4732K(5056K)->4732K(5056K)
[2025-05-20T13:18:43.539+0000][1096.117s][info][gc             ] GC(367) Pause Full (Allocation Failure) 935M->350M(1233M) 158.778ms
[2025-05-20T13:18:43.540+0000][1096.118s][info][gc,cpu         ] GC(367) User=0.09s Sys=0.01s Real=0.16s
[2025-05-20T13:18:43.587+0000][1096.164s][info][gc,start       ] GC(368) Pause Young (Allocation Failure)
[2025-05-20T13:18:43.610+0000][1096.188s][info][gc,heap        ] GC(368) DefNew: 346818K(392192K)->40966K(392192K) Eden: 346818K(348672K)->0K(348672K) From: 0K(43520K)->40966K(43520K)
[2025-05-20T13:18:43.611+0000][1096.189s][info][gc,heap        ] GC(368) Tenured: 358951K(871300K)->517671K(871300K)
[2025-05-20T13:18:43.612+0000][1096.189s][info][gc,metaspace   ] GC(368) Metaspace: 39044K(39744K)->39044K(39744K) NonClass: 34312K(34688K)->34312K(34688K) Class: 4732K(5056K)->4732K(5056K)
[2025-05-20T13:18:43.612+0000][1096.190s][info][gc             ] GC(368) Pause Young (Allocation Failure) 689M->545M(1233M) 25.585ms
[2025-05-20T13:18:43.613+0000][1096.191s][info][gc,cpu         ] GC(368) User=0.02s Sys=0.00s Real=0.03s
[2025-05-20T13:18:43.667+0000][1096.244s][info][gc,start       ] GC(369) Pause Young (Allocation Failure)
[2025-05-20T13:18:43.675+0000][1096.252s][info][gc,heap        ] GC(369) DefNew: 389638K(392192K)->5K(392192K) Eden: 348672K(348672K)->0K(348672K) From: 40966K(43520K)->5K(43520K)
[2025-05-20T13:18:43.675+0000][1096.253s][info][gc,heap        ] GC(369) Tenured: 517671K(871300K)->548392K(871300K)
[2025-05-20T13:18:43.677+0000][1096.255s][info][gc,metaspace   ] GC(369) Metaspace: 39044K(39744K)->39044K(39744K) NonClass: 34312K(34688K)->34312K(34688K) Class: 4732K(5056K)->4732K(5056K)
[2025-05-20T13:18:43.687+0000][1096.265s][info][gc             ] GC(369) Pause Young (Allocation Failure) 886M->535M(1233M) 20.897ms
[2025-05-20T13:18:43.694+0000][1096.272s][info][gc,cpu         ] GC(369) User=0.01s Sys=0.00s Real=0.03s
[2025-05-20T13:18:43.732+0000][1096.310s][info][gc,start       ] GC(370) Pause Young (Allocation Failure)
[2025-05-20T13:18:43.775+0000][1096.352s][info][gc,heap        ] GC(370) DefNew: 345450K(392192K)->40965K(392192K) Eden: 345445K(348672K)->0K(348672K) From: 5K(43520K)->40965K(43520K)
[2025-05-20T13:18:43.778+0000][1096.356s][info][gc,heap        ] GC(370) Tenured: 548392K(871300K)->850473K(871300K)
[2025-05-20T13:18:43.779+0000][1096.357s][info][gc,metaspace   ] GC(370) Metaspace: 39044K(39744K)->39044K(39744K) NonClass: 34312K(34688K)->34312K(34688K) Class: 4732K(5056K)->4732K(5056K)
[2025-05-20T13:18:43.781+0000][1096.358s][info][gc             ] GC(370) Pause Young (Allocation Failure) 872M->870M(1233M) 48.379ms
[2025-05-20T13:18:43.781+0000][1096.359s][info][gc,cpu         ] GC(370) User=0.03s Sys=0.00s Real=0.05s
[2025-05-20T13:18:43.836+0000][1096.414s][info][gc,start       ] GC(371) Pause Young (Allocation Failure)
[2025-05-20T13:18:43.866+0000][1096.443s][info][gc             ] GC(371) Pause Young (Allocation Failure) 1209M->995M(1338M) 29.268ms
[2025-05-20T13:18:43.866+0000][1096.444s][info][gc,cpu         ] GC(371) User=0.01s Sys=0.02s Real=0.03s
[2025-05-20T13:18:43.883+0000][1096.460s][info][gc,start       ] GC(372) Pause Full (Allocation Failure)
[2025-05-20T13:18:43.900+0000][1096.478s][info][gc,phases,start] GC(372) Phase 1: Mark live objects
[2025-05-20T13:18:43.928+0000][1096.506s][info][gc,phases      ] GC(372) Phase 1: Mark live objects 28.133ms
[2025-05-20T13:18:43.930+0000][1096.508s][info][gc,phases,start] GC(372) Phase 2: Compute new object addresses
[2025-05-20T13:18:44.129+0000][1096.706s][info][gc,phases      ] GC(372) Phase 2: Compute new object addresses 198.480ms
[2025-05-20T13:18:44.180+0000][1096.757s][info][gc,phases,start] GC(372) Phase 3: Adjust pointers
[2025-05-20T13:18:44.195+0000][1096.773s][info][gc,phases      ] GC(372) Phase 3: Adjust pointers 15.586ms
[2025-05-20T13:18:44.246+0000][1096.824s][info][gc,phases,start] GC(372) Phase 4: Move objects
[2025-05-20T13:18:44.271+0000][1096.849s][info][gc,phases      ] GC(372) Phase 4: Move objects 25.238ms
[2025-05-20T13:18:44.275+0000][1096.853s][info][gc,heap        ] GC(372) DefNew: 387782K(392192K)->0K(392192K) Eden: 346817K(348672K)->0K(348672K) From: 40965K(43520K)->0K(43520K)
[2025-05-20T13:18:44.277+0000][1096.855s][info][gc,heap        ] GC(372) Tenured: 850473K(871300K)->184871K(871300K)
[2025-05-20T13:18:44.278+0000][1096.855s][info][gc,metaspace   ] GC(372) Metaspace: 39044K(39744K)->39044K(39744K) NonClass: 34312K(34688K)->34312K(34688K) Class: 4732K(5056K)->4732K(5056K)
[2025-05-20T13:18:44.279+0000][1096.857s][info][gc             ] GC(372) Pause Full (Allocation Failure) 995M->180M(1233M) 396.350ms
[2025-05-20T13:18:44.282+0000][1096.860s][info][gc,cpu         ] GC(372) User=0.07s Sys=0.00s Real=0.40s
[2025-05-20T13:18:44.358+0000][1096.936s][info][gc,start       ] GC(373) Pause Young (Allocation Failure)
[2025-05-20T13:18:44.360+0000][1096.938s][info][gc,heap        ] GC(373) DefNew: 348672K(392192K)->6K(392192K) Eden: 348672K(348672K)->0K(348672K) From: 0K(43520K)->6K(43520K)
[2025-05-20T13:18:44.361+0000][1096.939s][info][gc,heap        ] GC(373) Tenured: 184871K(871300K)->184871K(871300K)
[2025-05-20T13:18:44.365+0000][1096.942s][info][gc,metaspace   ] GC(373) Metaspace: 39044K(39744K)->39044K(39744K) NonClass: 34312K(34688K)->34312K(34688K) Class: 4732K(5056K)->4732K(5056K)
[2025-05-20T13:18:44.369+0000][1096.946s][info][gc             ] GC(373) Pause Young (Allocation Failure) 521M->180M(1233M) 10.413ms
[2025-05-20T13:18:44.370+0000][1096.948s][info][gc,cpu         ] GC(373) User=0.01s Sys=0.00s Real=0.01s
[2025-05-20T13:18:44.396+0000][1096.973s][info][gc,start       ] GC(374) Pause Young (Allocation Failure)
[2025-05-20T13:18:44.430+0000][1097.008s][info][gc,heap        ] GC(374) DefNew: 345543K(392192K)->40966K(392192K) Eden: 345537K(348672K)->0K(348672K) From: 6K(43520K)->40966K(43520K)
[2025-05-20T13:18:44.431+0000][1097.009s][info][gc,heap        ] GC(374) Tenured: 184871K(871300K)->486952K(871300K)
[2025-05-20T13:18:44.432+0000][1097.009s][info][gc,metaspace   ] GC(374) Metaspace: 39044K(39744K)->39044K(39744K) NonClass: 34312K(34688K)->34312K(34688K) Class: 4732K(5056K)->4732K(5056K)
[2025-05-20T13:18:44.432+0000][1097.010s][info][gc             ] GC(374) Pause Young (Allocation Failure) 517M->515M(1233M) 36.552ms
[2025-05-20T13:18:44.433+0000][1097.010s][info][gc,cpu         ] GC(374) User=0.03s Sys=0.00s Real=0.04s
[2025-05-20T13:18:44.509+0000][1097.086s][info][gc,start       ] GC(375) Pause Young (Allocation Failure)
[2025-05-20T13:18:44.526+0000][1097.104s][info][gc,heap        ] GC(375) DefNew: 388015K(392192K)->40965K(392192K) Eden: 347049K(348672K)->0K(348672K) From: 40966K(43520K)->40965K(43520K)
[2025-05-20T13:18:44.546+0000][1097.123s][info][gc,heap        ] GC(375) Tenured: 486952K(871300K)->614953K(871300K)
[2025-05-20T13:18:44.571+0000][1097.148s][info][gc,metaspace   ] GC(375) Metaspace: 39044K(39744K)->39044K(39744K) NonClass: 34312K(34688K)->34312K(34688K) Class: 4732K(5056K)->4732K(5056K)
[2025-05-20T13:18:44.571+0000][1097.149s][info][gc             ] GC(375) Pause Young (Allocation Failure) 854M->640M(1233M) 62.308ms
[2025-05-20T13:18:44.572+0000][1097.149s][info][gc,cpu         ] GC(375) User=0.01s Sys=0.00s Real=0.07s
[2025-05-20T13:18:44.621+0000][1097.198s][info][gc,start       ] GC(376) Pause Young (Allocation Failure)
[2025-05-20T13:18:44.637+0000][1097.214s][info][gc,heap        ] GC(376) DefNew: 389637K(392192K)->5K(392192K) Eden: 348672K(348672K)->0K(348672K) From: 40965K(43520K)->5K(43520K)
[2025-05-20T13:18:44.638+0000][1097.215s][info][gc,heap        ] GC(376) Tenured: 614953K(871300K)->614953K(871300K)
[2025-05-20T13:18:44.639+0000][1097.217s][info][gc,metaspace   ] GC(376) Metaspace: 39045K(39744K)->39045K(39744K) NonClass: 34313K(34688K)->34313K(34688K) Class: 4732K(5056K)->4732K(5056K)
[2025-05-20T13:18:44.640+0000][1097.217s][info][gc             ] GC(376) Pause Young (Allocation Failure) 981M->600M(1233M) 18.677ms
[2025-05-20T13:18:44.640+0000][1097.218s][info][gc,cpu         ] GC(376) User=0.01s Sys=0.00s Real=0.01s
[2025-05-20T13:18:44.662+0000][1097.240s][info][gc,start       ] GC(377) Pause Young (Allocation Failure)
[2025-05-20T13:18:44.707+0000][1097.284s][info][gc             ] GC(377) Pause Young (Allocation Failure) 937M->935M(1278M) 44.141ms
[2025-05-20T13:18:44.708+0000][1097.285s][info][gc,cpu         ] GC(377) User=0.02s Sys=0.01s Real=0.04s
[2025-05-20T13:18:44.709+0000][1097.287s][info][gc,start       ] GC(378) Pause Full (Allocation Failure)
[2025-05-20T13:18:44.712+0000][1097.289s][info][gc,phases,start] GC(378) Phase 1: Mark live objects
[2025-05-20T13:18:44.727+0000][1097.304s][info][gc,phases      ] GC(378) Phase 1: Mark live objects 15.014ms
[2025-05-20T13:18:44.728+0000][1097.305s][info][gc,phases,start] GC(378) Phase 2: Compute new object addresses
[2025-05-20T13:18:44.735+0000][1097.313s][info][gc,phases      ] GC(378) Phase 2: Compute new object addresses 7.612ms
[2025-05-20T13:18:44.743+0000][1097.321s][info][gc,phases,start] GC(378) Phase 3: Adjust pointers
[2025-05-20T13:18:44.757+0000][1097.335s][info][gc,phases      ] GC(378) Phase 3: Adjust pointers 14.167ms
[2025-05-20T13:18:44.762+0000][1097.339s][info][gc,phases,start] GC(378) Phase 4: Move objects
[2025-05-20T13:18:44.791+0000][1097.369s][info][gc,phases      ] GC(378) Phase 4: Move objects 29.321ms
[2025-05-20T13:18:44.793+0000][1097.370s][info][gc,heap        ] GC(378) DefNew: 345440K(392192K)->0K(392192K) Eden: 345435K(348672K)->0K(348672K) From: 5K(43520K)->0K(43520K)
[2025-05-20T13:18:44.798+0000][1097.376s][info][gc,heap        ] GC(378) Tenured: 614953K(871300K)->358951K(871300K)
[2025-05-20T13:18:44.799+0000][1097.376s][info][gc,metaspace   ] GC(378) Metaspace: 39045K(39744K)->39045K(39744K) NonClass: 34313K(34688K)->34313K(34688K) Class: 4732K(5056K)->4732K(5056K)
[2025-05-20T13:18:44.799+0000][1097.376s][info][gc             ] GC(378) Pause Full (Allocation Failure) 935M->350M(1233M) 89.677ms
[2025-05-20T13:18:44.804+0000][1097.382s][info][gc,cpu         ] GC(378) User=0.06s Sys=0.00s Real=0.10s
[2025-05-20T13:18:44.837+0000][1097.414s][info][gc,start       ] GC(379) Pause Young (Allocation Failure)
[2025-05-20T13:18:44.857+0000][1097.435s][info][gc,heap        ] GC(379) DefNew: 347016K(392192K)->40966K(392192K) Eden: 347016K(348672K)->0K(348672K) From: 0K(43520K)->40966K(43520K)
[2025-05-20T13:18:44.858+0000][1097.435s][info][gc,heap        ] GC(379) Tenured: 358951K(871300K)->517671K(871300K)
[2025-05-20T13:18:44.858+0000][1097.436s][info][gc,metaspace   ] GC(379) Metaspace: 39045K(39744K)->39045K(39744K) NonClass: 34313K(34688K)->34313K(34688K) Class: 4732K(5056K)->4732K(5056K)
[2025-05-20T13:18:44.858+0000][1097.436s][info][gc             ] GC(379) Pause Young (Allocation Failure) 689M->545M(1233M) 21.744ms
[2025-05-20T13:18:44.859+0000][1097.437s][info][gc,cpu         ] GC(379) User=0.02s Sys=0.00s Real=0.02s
[2025-05-20T13:18:44.936+0000][1097.514s][info][gc,start       ] GC(380) Pause Young (Allocation Failure)
[2025-05-20T13:18:44.943+0000][1097.521s][info][gc,heap        ] GC(380) DefNew: 389638K(392192K)->5K(392192K) Eden: 348672K(348672K)->0K(348672K) From: 40966K(43520K)->5K(43520K)
[2025-05-20T13:18:44.944+0000][1097.521s][info][gc,heap        ] GC(380) Tenured: 517671K(871300K)->548393K(871300K)
[2025-05-20T13:18:44.944+0000][1097.522s][info][gc,metaspace   ] GC(380) Metaspace: 39046K(39744K)->39046K(39744K) NonClass: 34313K(34688K)->34313K(34688K) Class: 4732K(5056K)->4732K(5056K)
[2025-05-20T13:18:44.945+0000][1097.522s][info][gc             ] GC(380) Pause Young (Allocation Failure) 886M->535M(1233M) 8.292ms
[2025-05-20T13:18:44.945+0000][1097.523s][info][gc,cpu         ] GC(380) User=0.01s Sys=0.00s Real=0.01s
[2025-05-20T13:18:44.974+0000][1097.552s][info][gc,start       ] GC(381) Pause Young (Allocation Failure)
[2025-05-20T13:18:45.003+0000][1097.580s][info][gc,heap        ] GC(381) DefNew: 345142K(392192K)->41022K(392192K) Eden: 345137K(348672K)->0K(348672K) From: 5K(43520K)->41022K(43520K)
[2025-05-20T13:18:45.003+0000][1097.581s][info][gc,heap        ] GC(381) Tenured: 548393K(871300K)->845353K(871300K)
[2025-05-20T13:18:45.005+0000][1097.582s][info][gc,metaspace   ] GC(381) Metaspace: 39049K(39744K)->39049K(39744K) NonClass: 34316K(34688K)->34316K(34688K) Class: 4732K(5056K)->4732K(5056K)
[2025-05-20T13:18:45.006+0000][1097.583s][info][gc             ] GC(381) Pause Young (Allocation Failure) 872M->865M(1233M) 31.148ms
[2025-05-20T13:18:45.006+0000][1097.584s][info][gc,cpu         ] GC(381) User=0.04s Sys=0.00s Real=0.03s
[2025-05-20T13:18:45.088+0000][1097.665s][info][gc,start       ] GC(382) Pause Young (Allocation Failure)
[2025-05-20T13:18:45.117+0000][1097.694s][info][gc             ] GC(382) Pause Young (Allocation Failure) 1201M->980M(1323M) 28.933ms
[2025-05-20T13:18:45.119+0000][1097.697s][info][gc,cpu         ] GC(382) User=0.02s Sys=0.01s Real=0.03s
[2025-05-20T13:18:45.122+0000][1097.699s][info][gc,start       ] GC(383) Pause Full (Allocation Failure)
[2025-05-20T13:18:45.125+0000][1097.703s][info][gc,phases,start] GC(383) Phase 1: Mark live objects
[2025-05-20T13:18:45.149+0000][1097.726s][info][gc,phases      ] GC(383) Phase 1: Mark live objects 23.395ms
[2025-05-20T13:18:45.152+0000][1097.730s][info][gc,phases,start] GC(383) Phase 2: Compute new object addresses
[2025-05-20T13:18:45.158+0000][1097.736s][info][gc,phases      ] GC(383) Phase 2: Compute new object addresses 5.940ms
[2025-05-20T13:18:45.161+0000][1097.739s][info][gc,phases,start] GC(383) Phase 3: Adjust pointers
[2025-05-20T13:18:45.179+0000][1097.757s][info][gc,phases      ] GC(383) Phase 3: Adjust pointers 18.169ms
[2025-05-20T13:18:45.182+0000][1097.760s][info][gc,phases,start] GC(383) Phase 4: Move objects
[2025-05-20T13:18:45.198+0000][1097.776s][info][gc,phases      ] GC(383) Phase 4: Move objects 16.145ms
[2025-05-20T13:18:45.207+0000][1097.785s][info][gc,heap        ] GC(383) DefNew: 384641K(392192K)->0K(392192K) Eden: 343618K(348672K)->0K(348672K) From: 41022K(43520K)->0K(43520K)
[2025-05-20T13:18:45.212+0000][1097.789s][info][gc,heap        ] GC(383) Tenured: 845353K(871300K)->174631K(871300K)
[2025-05-20T13:18:45.220+0000][1097.797s][info][gc,metaspace   ] GC(383) Metaspace: 39049K(39744K)->39049K(39744K) NonClass: 34316K(34688K)->34316K(34688K) Class: 4732K(5056K)->4732K(5056K)
[2025-05-20T13:18:45.226+0000][1097.804s][info][gc             ] GC(383) Pause Full (Allocation Failure) 980M->170M(1233M) 104.635ms
[2025-05-20T13:18:45.227+0000][1097.805s][info][gc,cpu         ] GC(383) User=0.05s Sys=0.00s Real=0.10s
[2025-05-20T13:18:45.251+0000][1097.828s][info][gc,start       ] GC(384) Pause Young (Allocation Failure)
[2025-05-20T13:18:45.283+0000][1097.860s][info][gc,heap        ] GC(384) DefNew: 346654K(392192K)->40960K(392192K) Eden: 346654K(348672K)->0K(348672K) From: 0K(43520K)->40960K(43520K)
[2025-05-20T13:18:45.287+0000][1097.864s][info][gc,heap        ] GC(384) Tenured: 174631K(871300K)->476712K(871300K)
[2025-05-20T13:18:45.288+0000][1097.865s][info][gc,metaspace   ] GC(384) Metaspace: 39049K(39744K)->39049K(39744K) NonClass: 34316K(34688K)->34316K(34688K) Class: 4732K(5056K)->4732K(5056K)
[2025-05-20T13:18:45.290+0000][1097.867s][info][gc             ] GC(384) Pause Young (Allocation Failure) 509M->505M(1233M) 38.722ms
[2025-05-20T13:18:45.291+0000][1097.868s][info][gc,cpu         ] GC(384) User=0.03s Sys=0.00s Real=0.04s
[2025-05-20T13:18:45.334+0000][1097.911s][info][gc,start       ] GC(385) Pause Young (Allocation Failure)
[2025-05-20T13:18:45.362+0000][1097.940s][info][gc,heap        ] GC(385) DefNew: 385458K(392192K)->40966K(392192K) Eden: 344497K(348672K)->0K(348672K) From: 40960K(43520K)->40966K(43520K)
[2025-05-20T13:18:45.384+0000][1097.961s][info][gc,heap        ] GC(385) Tenured: 476712K(871300K)->773674K(871300K)
[2025-05-20T13:18:45.384+0000][1097.962s][info][gc,metaspace   ] GC(385) Metaspace: 39054K(39744K)->39054K(39744K) NonClass: 34321K(34688K)->34321K(34688K) Class: 4732K(5056K)->4732K(5056K)
[2025-05-20T13:18:45.385+0000][1097.963s][info][gc             ] GC(385) Pause Young (Allocation Failure) 841M->795M(1233M) 51.551ms
[2025-05-20T13:18:45.386+0000][1097.964s][info][gc,cpu         ] GC(385) User=0.02s Sys=0.00s Real=0.05s
[2025-05-20T13:18:45.452+0000][1098.029s][info][gc,start       ] GC(386) Pause Young (Allocation Failure)
[2025-05-20T13:18:45.470+0000][1098.048s][info][gc             ] GC(386) Pause Young (Allocation Failure) 1131M->905M(1248M) 18.568ms
[2025-05-20T13:18:45.471+0000][1098.049s][info][gc,cpu         ] GC(386) User=0.02s Sys=0.00s Real=0.02s
[2025-05-20T13:18:45.472+0000][1098.049s][info][gc,start       ] GC(387) Pause Full (Allocation Failure)
[2025-05-20T13:18:45.472+0000][1098.050s][info][gc,phases,start] GC(387) Phase 1: Mark live objects
[2025-05-20T13:18:45.487+0000][1098.065s][info][gc,phases      ] GC(387) Phase 1: Mark live objects 14.838ms
[2025-05-20T13:18:45.488+0000][1098.066s][info][gc,phases,start] GC(387) Phase 2: Compute new object addresses
[2025-05-20T13:18:45.492+0000][1098.070s][info][gc,phases      ] GC(387) Phase 2: Compute new object addresses 4.300ms
[2025-05-20T13:18:45.493+0000][1098.071s][info][gc,phases,start] GC(387) Phase 3: Adjust pointers
[2025-05-20T13:18:45.501+0000][1098.078s][info][gc,phases      ] GC(387) Phase 3: Adjust pointers 7.849ms
[2025-05-20T13:18:45.502+0000][1098.080s][info][gc,phases,start] GC(387) Phase 4: Move objects
[2025-05-20T13:18:45.516+0000][1098.093s][info][gc,phases      ] GC(387) Phase 4: Move objects 13.565ms
[2025-05-20T13:18:45.523+0000][1098.100s][info][gc,heap        ] GC(387) DefNew: 384965K(392192K)->0K(384640K) Eden: 343998K(348672K)->0K(341952K) From: 40966K(43520K)->0K(42688K)
[2025-05-20T13:18:45.538+0000][1098.116s][info][gc,heap        ] GC(387) Tenured: 773674K(871300K)->169512K(854512K)
[2025-05-20T13:18:45.570+0000][1098.148s][info][gc,metaspace   ] GC(387) Metaspace: 39077K(39744K)->39077K(39744K) NonClass: 34344K(34688K)->34344K(34688K) Class: 4732K(5056K)->4732K(5056K)
[2025-05-20T13:18:45.585+0000][1098.163s][info][gc             ] GC(387) Pause Full (Allocation Failure) 905M->165M(1210M) 113.558ms
[2025-05-20T13:18:45.599+0000][1098.177s][info][gc,cpu         ] GC(387) User=0.04s Sys=0.00s Real=0.12s
[2025-05-20T13:18:45.627+0000][1098.204s][info][gc,start       ] GC(388) Pause Young (Allocation Failure)
[2025-05-20T13:18:45.660+0000][1098.238s][info][gc,heap        ] GC(388) DefNew: 341437K(384640K)->40960K(384640K) Eden: 341437K(341952K)->0K(341952K) From: 0K(42688K)->40960K(42688K)
[2025-05-20T13:18:45.662+0000][1098.240s][info][gc,heap        ] GC(388) Tenured: 169512K(854512K)->466473K(854512K)
[2025-05-20T13:18:45.663+0000][1098.241s][info][gc,metaspace   ] GC(388) Metaspace: 39077K(39744K)->39077K(39744K) NonClass: 34344K(34688K)->34344K(34688K) Class: 4732K(5056K)->4732K(5056K)
[2025-05-20T13:18:45.668+0000][1098.246s][info][gc             ] GC(388) Pause Young (Allocation Failure) 498M->495M(1210M) 41.126ms
[2025-05-20T13:18:45.674+0000][1098.252s][info][gc,cpu         ] GC(388) User=0.03s Sys=0.00s Real=0.05s
[2025-05-20T13:18:45.766+0000][1098.343s][info][gc,start       ] GC(389) Pause Young (Allocation Failure)
[2025-05-20T13:18:45.810+0000][1098.387s][info][gc,heap        ] GC(389) DefNew: 379034K(384640K)->40965K(384640K) Eden: 338073K(341952K)->0K(341952K) From: 40960K(42688K)->40965K(42688K)
[2025-05-20T13:18:45.813+0000][1098.390s][info][gc,heap        ] GC(389) Tenured: 466473K(854512K)->753195K(854512K)
[2025-05-20T13:18:45.813+0000][1098.391s][info][gc,metaspace   ] GC(389) Metaspace: 39077K(39744K)->39077K(39744K) NonClass: 34344K(34688K)->34344K(34688K) Class: 4732K(5056K)->4732K(5056K)
[2025-05-20T13:18:45.814+0000][1098.391s][info][gc             ] GC(389) Pause Young (Allocation Failure) 825M->775M(1210M) 48.026ms
[2025-05-20T13:18:45.814+0000][1098.392s][info][gc,cpu         ] GC(389) User=0.04s Sys=0.00s Real=0.05s
[2025-05-20T13:18:45.871+0000][1098.449s][info][gc,start       ] GC(390) Pause Young (Allocation Failure)
[2025-05-20T13:18:45.884+0000][1098.461s][info][gc,heap        ] GC(390) DefNew: 377931K(384640K)->40965K(384640K) Eden: 336965K(341952K)->0K(341952K) From: 40965K(42688K)->40965K(42688K)
[2025-05-20T13:18:45.884+0000][1098.462s][info][gc,heap        ] GC(390) Tenured: 753195K(854512K)->845355K(854512K)
[2025-05-20T13:18:45.885+0000][1098.463s][info][gc,metaspace   ] GC(390) Metaspace: 39077K(39744K)->39077K(39744K) NonClass: 34344K(34688K)->34344K(34688K) Class: 4732K(5056K)->4732K(5056K)
[2025-05-20T13:18:45.886+0000][1098.463s][info][gc             ] GC(390) Pause Young (Allocation Failure) 1104M->865M(1210M) 14.704ms
[2025-05-20T13:18:45.886+0000][1098.464s][info][gc,cpu         ] GC(390) User=0.02s Sys=0.00s Real=0.01s
[2025-05-20T13:18:45.908+0000][1098.485s][info][gc,start       ] GC(391) Pause Young (Allocation Failure)
[2025-05-20T13:18:45.981+0000][1098.559s][info][gc             ] GC(391) Pause Young (Allocation Failure) 1198M->1195M(1535M) 73.435ms
[2025-05-20T13:18:45.982+0000][1098.560s][info][gc,cpu         ] GC(391) User=0.00s Sys=0.07s Real=0.08s
[2025-05-20T13:18:45.983+0000][1098.560s][info][gc,start       ] GC(392) Pause Full (Allocation Failure)
[2025-05-20T13:18:45.983+0000][1098.561s][info][gc,phases,start] GC(392) Phase 1: Mark live objects
[2025-05-20T13:18:45.996+0000][1098.574s][info][gc,phases      ] GC(392) Phase 1: Mark live objects 12.437ms
[2025-05-20T13:18:45.996+0000][1098.574s][info][gc,phases,start] GC(392) Phase 2: Compute new object addresses
[2025-05-20T13:18:46.000+0000][1098.578s][info][gc,phases      ] GC(392) Phase 2: Compute new object addresses 3.924ms
[2025-05-20T13:18:46.001+0000][1098.578s][info][gc,phases,start] GC(392) Phase 3: Adjust pointers
[2025-05-20T13:18:46.008+0000][1098.585s][info][gc,phases      ] GC(392) Phase 3: Adjust pointers 6.951ms
[2025-05-20T13:18:46.008+0000][1098.586s][info][gc,phases,start] GC(392) Phase 4: Move objects
[2025-05-20T13:18:46.047+0000][1098.625s][info][gc,phases      ] GC(392) Phase 4: Move objects 39.183ms
[2025-05-20T13:18:46.049+0000][1098.627s][info][gc,heap        ] GC(392) DefNew: 382267K(384640K)->0K(384640K) Eden: 341302K(341952K)->0K(341952K) From: 40965K(42688K)->0K(42688K)
[2025-05-20T13:18:46.049+0000][1098.627s][info][gc,heap        ] GC(392) Tenured: 845355K(854512K)->486954K(854512K)
[2025-05-20T13:18:46.050+0000][1098.627s][info][gc,metaspace   ] GC(392) Metaspace: 39077K(39744K)->39077K(39744K) NonClass: 34344K(34688K)->34344K(34688K) Class: 4732K(5056K)->4732K(5056K)
[2025-05-20T13:18:46.050+0000][1098.628s][info][gc             ] GC(392) Pause Full (Allocation Failure) 1195M->475M(1210M) 67.196ms
[2025-05-20T13:18:46.050+0000][1098.628s][info][gc,cpu         ] GC(392) User=0.06s Sys=0.00s Real=0.06s
[2025-05-20T13:18:46.108+0000][1098.686s][info][gc,start       ] GC(393) Pause Young (Allocation Failure)
[2025-05-20T13:18:46.135+0000][1098.713s][info][gc,heap        ] GC(393) DefNew: 337563K(384640K)->40966K(384640K) Eden: 337563K(341952K)->0K(341952K) From: 0K(42688K)->40966K(42688K)
[2025-05-20T13:18:46.136+0000][1098.713s][info][gc,heap        ] GC(393) Tenured: 486954K(854512K)->737834K(854512K)
[2025-05-20T13:18:46.136+0000][1098.714s][info][gc,metaspace   ] GC(393) Metaspace: 39077K(39744K)->39077K(39744K) NonClass: 34344K(34688K)->34344K(34688K) Class: 4732K(5056K)->4732K(5056K)
[2025-05-20T13:18:46.136+0000][1098.714s][info][gc             ] GC(393) Pause Young (Allocation Failure) 805M->760M(1210M) 27.776ms
[2025-05-20T13:18:46.136+0000][1098.714s][info][gc,cpu         ] GC(393) User=0.04s Sys=0.01s Real=0.03s
[2025-05-20T13:18:46.231+0000][1098.808s][info][gc,start       ] GC(394) Pause Young (Allocation Failure)
[2025-05-20T13:18:46.244+0000][1098.822s][info][gc,heap        ] GC(394) DefNew: 382842K(384640K)->40965K(384640K) Eden: 341875K(341952K)->0K(341952K) From: 40966K(42688K)->40965K(42688K)
[2025-05-20T13:18:46.245+0000][1098.823s][info][gc,heap        ] GC(394) Tenured: 737834K(854512K)->814635K(854512K)
[2025-05-20T13:18:46.246+0000][1098.823s][info][gc,metaspace   ] GC(394) Metaspace: 39077K(39744K)->39077K(39744K) NonClass: 34344K(34688K)->34344K(34688K) Class: 4732K(5056K)->4732K(5056K)
[2025-05-20T13:18:46.246+0000][1098.824s][info][gc             ] GC(394) Pause Young (Allocation Failure) 1094M->835M(1210M) 15.576ms
[2025-05-20T13:18:46.247+0000][1098.825s][info][gc,cpu         ] GC(394) User=0.01s Sys=0.00s Real=0.01s
[2025-05-20T13:18:46.269+0000][1098.846s][info][gc,start       ] GC(395) Pause Young (Allocation Failure)
[2025-05-20T13:18:46.318+0000][1098.895s][info][gc             ] GC(395) Pause Young (Allocation Failure) 1168M->1165M(1505M) 48.793ms
[2025-05-20T13:18:46.318+0000][1098.896s][info][gc,cpu         ] GC(395) User=0.03s Sys=0.02s Real=0.05s
[2025-05-20T13:18:46.319+0000][1098.896s][info][gc,start       ] GC(396) Pause Full (Allocation Failure)
[2025-05-20T13:18:46.319+0000][1098.897s][info][gc,phases,start] GC(396) Phase 1: Mark live objects
[2025-05-20T13:18:46.334+0000][1098.911s][info][gc,phases      ] GC(396) Phase 1: Mark live objects 14.120ms
[2025-05-20T13:18:46.334+0000][1098.912s][info][gc,phases,start] GC(396) Phase 2: Compute new object addresses
[2025-05-20T13:18:46.338+0000][1098.916s][info][gc,phases      ] GC(396) Phase 2: Compute new object addresses 4.123ms
[2025-05-20T13:18:46.339+0000][1098.917s][info][gc,phases,start] GC(396) Phase 3: Adjust pointers
[2025-05-20T13:18:46.347+0000][1098.924s][info][gc,phases      ] GC(396) Phase 3: Adjust pointers 7.647ms
[2025-05-20T13:18:46.347+0000][1098.925s][info][gc,phases,start] GC(396) Phase 4: Move objects
[2025-05-20T13:18:46.387+0000][1098.965s][info][gc,phases      ] GC(396) Phase 4: Move objects 39.822ms
[2025-05-20T13:18:46.390+0000][1098.968s][info][gc,heap        ] GC(396) DefNew: 382119K(384640K)->0K(384640K) Eden: 341154K(341952K)->0K(341952K) From: 40965K(42688K)->0K(42688K)
[2025-05-20T13:18:46.395+0000][1098.972s][info][gc,heap        ] GC(396) Tenured: 814635K(854512K)->471593K(854512K)
[2025-05-20T13:18:46.396+0000][1098.973s][info][gc,metaspace   ] GC(396) Metaspace: 39077K(39744K)->39077K(39744K) NonClass: 34344K(34688K)->34344K(34688K) Class: 4732K(5056K)->4732K(5056K)
[2025-05-20T13:18:46.396+0000][1098.973s][info][gc             ] GC(396) Pause Full (Allocation Failure) 1165M->460M(1210M) 76.970ms
[2025-05-20T13:18:46.397+0000][1098.974s][info][gc,cpu         ] GC(396) User=0.07s Sys=0.00s Real=0.08s
[2025-05-20T13:18:46.474+0000][1099.051s][info][gc,start       ] GC(397) Pause Young (Allocation Failure)
[2025-05-20T13:18:46.500+0000][1099.078s][info][gc,heap        ] GC(397) DefNew: 337469K(384640K)->40965K(384640K) Eden: 337469K(341952K)->0K(341952K) From: 0K(42688K)->40965K(42688K)
[2025-05-20T13:18:46.501+0000][1099.079s][info][gc,heap        ] GC(397) Tenured: 471593K(854512K)->707114K(854512K)
[2025-05-20T13:18:46.502+0000][1099.080s][info][gc,metaspace   ] GC(397) Metaspace: 39077K(39744K)->39077K(39744K) NonClass: 34344K(34688K)->34344K(34688K) Class: 4732K(5056K)->4732K(5056K)
[2025-05-20T13:18:46.503+0000][1099.080s][info][gc             ] GC(397) Pause Young (Allocation Failure) 790M->730M(1210M) 28.931ms
[2025-05-20T13:18:46.504+0000][1099.081s][info][gc,cpu         ] GC(397) User=0.03s Sys=0.00s Real=0.03s
[2025-05-20T13:18:46.565+0000][1099.142s][info][gc,start       ] GC(398) Pause Young (Allocation Failure)
[2025-05-20T13:18:46.582+0000][1099.159s][info][gc,heap        ] GC(398) DefNew: 381085K(384640K)->40965K(384640K) Eden: 340119K(341952K)->0K(341952K) From: 40965K(42688K)->40965K(42688K)
[2025-05-20T13:18:46.582+0000][1099.160s][info][gc,heap        ] GC(398) Tenured: 707114K(854512K)->768554K(854512K)
[2025-05-20T13:18:46.583+0000][1099.160s][info][gc,metaspace   ] GC(398) Metaspace: 39077K(39744K)->39077K(39744K) NonClass: 34344K(34688K)->34344K(34688K) Class: 4732K(5056K)->4732K(5056K)
[2025-05-20T13:18:46.583+0000][1099.161s][info][gc             ] GC(398) Pause Young (Allocation Failure) 1062M->790M(1210M) 18.139ms
[2025-05-20T13:18:46.583+0000][1099.161s][info][gc,cpu         ] GC(398) User=0.02s Sys=0.00s Real=0.02s
[2025-05-20T13:18:46.611+0000][1099.189s][info][gc,start       ] GC(399) Pause Young (Allocation Failure)
[2025-05-20T13:18:46.676+0000][1099.253s][info][gc             ] GC(399) Pause Young (Allocation Failure) 1122M->1120M(1460M) 64.517ms
[2025-05-20T13:18:46.792+0000][1099.370s][info][gc,cpu         ] GC(399) User=0.05s Sys=0.02s Real=0.18s
[2025-05-20T13:18:46.794+0000][1099.371s][info][gc,start       ] GC(400) Pause Full (Allocation Failure)
[2025-05-20T13:18:46.795+0000][1099.372s][info][gc,phases,start] GC(400) Phase 1: Mark live objects
[2025-05-20T13:18:46.809+0000][1099.386s][info][gc,phases      ] GC(400) Phase 1: Mark live objects 14.022ms
[2025-05-20T13:18:46.839+0000][1099.416s][info][gc,phases,start] GC(400) Phase 2: Compute new object addresses
[2025-05-20T13:18:46.844+0000][1099.421s][info][gc,phases      ] GC(400) Phase 2: Compute new object addresses 5.012ms
[2025-05-20T13:18:46.844+0000][1099.422s][info][gc,phases,start] GC(400) Phase 3: Adjust pointers
[2025-05-20T13:18:46.851+0000][1099.429s][info][gc,phases      ] GC(400) Phase 3: Adjust pointers 7.445ms
[2025-05-20T13:18:46.852+0000][1099.429s][info][gc,phases,start] GC(400) Phase 4: Move objects
[2025-05-20T13:18:46.889+0000][1099.466s][info][gc,phases      ] GC(400) Phase 4: Move objects 36.921ms
[2025-05-20T13:18:46.890+0000][1099.468s][info][gc,heap        ] GC(400) DefNew: 380941K(384640K)->0K(384640K) Eden: 339975K(341952K)->0K(341952K) From: 40965K(42688K)->0K(42688K)
[2025-05-20T13:18:46.890+0000][1099.468s][info][gc,heap        ] GC(400) Tenured: 768554K(854512K)->456233K(854512K)
[2025-05-20T13:18:46.891+0000][1099.468s][info][gc,metaspace   ] GC(400) Metaspace: 39077K(39744K)->39077K(39744K) NonClass: 34344K(34688K)->34344K(34688K) Class: 4732K(5056K)->4732K(5056K)
[2025-05-20T13:18:46.891+0000][1099.469s][info][gc             ] GC(400) Pause Full (Allocation Failure) 1120M->445M(1210M) 97.358ms
[2025-05-20T13:18:46.891+0000][1099.469s][info][gc,cpu         ] GC(400) User=0.06s Sys=0.00s Real=0.10s
[2025-05-20T13:18:46.987+0000][1099.564s][info][gc,start       ] GC(401) Pause Young (Allocation Failure)
[2025-05-20T13:18:47.011+0000][1099.588s][info][gc,heap        ] GC(401) DefNew: 340203K(384640K)->40965K(384640K) Eden: 340203K(341952K)->0K(341952K) From: 0K(42688K)->40965K(42688K)
[2025-05-20T13:18:47.042+0000][1099.620s][info][gc,heap        ] GC(401) Tenured: 456233K(854512K)->676394K(854512K)
[2025-05-20T13:18:47.046+0000][1099.624s][info][gc,metaspace   ] GC(401) Metaspace: 39077K(39744K)->39077K(39744K) NonClass: 34344K(34688K)->34344K(34688K) Class: 4732K(5056K)->4732K(5056K)
[2025-05-20T13:18:47.048+0000][1099.626s][info][gc             ] GC(401) Pause Young (Allocation Failure) 777M->700M(1210M) 61.604ms
[2025-05-20T13:18:47.052+0000][1099.629s][info][gc,cpu         ] GC(401) User=0.02s Sys=0.00s Real=0.07s
[2025-05-20T13:18:47.161+0000][1099.739s][info][gc,start       ] GC(402) Pause Young (Allocation Failure)
[2025-05-20T13:18:47.196+0000][1099.773s][info][gc,heap        ] GC(402) DefNew: 381089K(384640K)->40965K(384640K) Eden: 340123K(341952K)->0K(341952K) From: 40965K(42688K)->40965K(42688K)
[2025-05-20T13:18:47.213+0000][1099.791s][info][gc,heap        ] GC(402) Tenured: 676394K(854512K)->717354K(854512K)
[2025-05-20T13:18:47.224+0000][1099.801s][info][gc,metaspace   ] GC(402) Metaspace: 39077K(39744K)->39077K(39744K) NonClass: 34344K(34688K)->34344K(34688K) Class: 4732K(5056K)->4732K(5056K)
[2025-05-20T13:18:47.228+0000][1099.805s][info][gc             ] GC(402) Pause Young (Allocation Failure) 1032M->740M(1210M) 66.387ms
[2025-05-20T13:18:47.235+0000][1099.813s][info][gc,cpu         ] GC(402) User=0.01s Sys=0.00s Real=0.07s
[2025-05-20T13:18:47.264+0000][1099.842s][info][gc,start       ] GC(403) Pause Young (Allocation Failure)
[2025-05-20T13:18:47.361+0000][1099.938s][info][gc             ] GC(403) Pause Young (Allocation Failure) 1073M->1070M(1410M) 96.553ms
[2025-05-20T13:18:47.365+0000][1099.943s][info][gc,cpu         ] GC(403) User=0.06s Sys=0.00s Real=0.10s
[2025-05-20T13:18:47.366+0000][1099.944s][info][gc,start       ] GC(404) Pause Full (Allocation Failure)
[2025-05-20T13:18:47.367+0000][1099.944s][info][gc,phases,start] GC(404) Phase 1: Mark live objects
[2025-05-20T13:18:47.383+0000][1099.961s][info][gc,phases      ] GC(404) Phase 1: Mark live objects 16.398ms
[2025-05-20T13:18:47.383+0000][1099.961s][info][gc,phases,start] GC(404) Phase 2: Compute new object addresses
[2025-05-20T13:18:47.388+0000][1099.966s][info][gc,phases      ] GC(404) Phase 2: Compute new object addresses 4.467ms
[2025-05-20T13:18:47.396+0000][1099.973s][info][gc,phases,start] GC(404) Phase 3: Adjust pointers
[2025-05-20T13:18:47.407+0000][1099.985s][info][gc,phases      ] GC(404) Phase 3: Adjust pointers 11.594ms
[2025-05-20T13:18:47.408+0000][1099.985s][info][gc,phases,start] GC(404) Phase 4: Move objects
[2025-05-20T13:18:47.443+0000][1100.020s][info][gc,phases      ] GC(404) Phase 4: Move objects 35.006ms
[2025-05-20T13:18:47.453+0000][1100.030s][info][gc,heap        ] GC(404) DefNew: 381484K(384640K)->0K(384640K) Eden: 340519K(341952K)->0K(341952K) From: 40965K(42688K)->0K(42688K)
[2025-05-20T13:18:47.453+0000][1100.031s][info][gc,heap        ] GC(404) Tenured: 717354K(854512K)->435753K(854512K)
[2025-05-20T13:18:47.453+0000][1100.031s][info][gc,metaspace   ] GC(404) Metaspace: 39077K(39744K)->39077K(39744K) NonClass: 34344K(34688K)->34344K(34688K) Class: 4732K(5056K)->4732K(5056K)
[2025-05-20T13:18:47.454+0000][1100.032s][info][gc             ] GC(404) Pause Full (Allocation Failure) 1070M->425M(1210M) 87.982ms
[2025-05-20T13:18:47.454+0000][1100.032s][info][gc,cpu         ] GC(404) User=0.06s Sys=0.00s Real=0.09s
[2025-05-20T13:18:47.533+0000][1100.111s][info][gc,start       ] GC(405) Pause Young (Allocation Failure)
[2025-05-20T13:18:47.571+0000][1100.148s][info][gc,heap        ] GC(405) DefNew: 341751K(384640K)->40965K(384640K) Eden: 341751K(341952K)->0K(341952K) From: 0K(42688K)->40965K(42688K)
[2025-05-20T13:18:47.573+0000][1100.150s][info][gc,heap        ] GC(405) Tenured: 435753K(854512K)->635434K(854512K)
[2025-05-20T13:18:47.573+0000][1100.151s][info][gc,metaspace   ] GC(405) Metaspace: 39077K(39744K)->39077K(39744K) NonClass: 34344K(34688K)->34344K(34688K) Class: 4732K(5056K)->4732K(5056K)
[2025-05-20T13:18:47.574+0000][1100.151s][info][gc             ] GC(405) Pause Young (Allocation Failure) 759M->660M(1210M) 40.853ms
[2025-05-20T13:18:47.575+0000][1100.152s][info][gc,cpu         ] GC(405) User=0.03s Sys=0.00s Real=0.04s
[2025-05-20T13:18:47.662+0000][1100.240s][info][gc,start       ] GC(406) Pause Young (Allocation Failure)
[2025-05-20T13:18:47.670+0000][1100.247s][info][gc,heap        ] GC(406) DefNew: 381773K(384640K)->40965K(384640K) Eden: 340807K(341952K)->0K(341952K) From: 40965K(42688K)->40965K(42688K)
[2025-05-20T13:18:47.672+0000][1100.250s][info][gc,heap        ] GC(406) Tenured: 635434K(854512K)->655914K(854512K)
[2025-05-20T13:18:47.673+0000][1100.250s][info][gc,metaspace   ] GC(406) Metaspace: 39077K(39744K)->39077K(39744K) NonClass: 34344K(34688K)->34344K(34688K) Class: 4732K(5056K)->4732K(5056K)
[2025-05-20T13:18:47.673+0000][1100.250s][info][gc             ] GC(406) Pause Young (Allocation Failure) 993M->680M(1210M) 10.416ms
[2025-05-20T13:18:47.674+0000][1100.252s][info][gc,cpu         ] GC(406) User=0.01s Sys=0.00s Real=0.01s
[2025-05-20T13:18:47.697+0000][1100.274s][info][gc,start       ] GC(407) Pause Young (Allocation Failure)
[2025-05-20T13:18:47.738+0000][1100.316s][info][gc             ] GC(407) Pause Young (Allocation Failure) 1012M->1010M(1350M) 41.667ms
[2025-05-20T13:18:47.739+0000][1100.316s][info][gc,cpu         ] GC(407) User=0.02s Sys=0.02s Real=0.04s
[2025-05-20T13:18:47.739+0000][1100.317s][info][gc,start       ] GC(408) Pause Full (Allocation Failure)
[2025-05-20T13:18:47.739+0000][1100.317s][info][gc,phases,start] GC(408) Phase 1: Mark live objects
[2025-05-20T13:18:47.753+0000][1100.331s][info][gc,phases      ] GC(408) Phase 1: Mark live objects 13.955ms
[2025-05-20T13:18:47.754+0000][1100.332s][info][gc,phases,start] GC(408) Phase 2: Compute new object addresses
[2025-05-20T13:18:47.758+0000][1100.336s][info][gc,phases      ] GC(408) Phase 2: Compute new object addresses 4.196ms
[2025-05-20T13:18:47.759+0000][1100.336s][info][gc,phases,start] GC(408) Phase 3: Adjust pointers
[2025-05-20T13:18:47.766+0000][1100.344s][info][gc,phases      ] GC(408) Phase 3: Adjust pointers 7.222ms
[2025-05-20T13:18:47.767+0000][1100.344s][info][gc,phases,start] GC(408) Phase 4: Move objects
[2025-05-20T13:18:47.800+0000][1100.378s][info][gc,phases      ] GC(408) Phase 4: Move objects 33.615ms
[2025-05-20T13:18:47.802+0000][1100.379s][info][gc,heap        ] GC(408) DefNew: 381378K(384640K)->0K(384640K) Eden: 340412K(341952K)->0K(341952K) From: 40965K(42688K)->0K(42688K)
[2025-05-20T13:18:47.807+0000][1100.384s][info][gc,heap        ] GC(408) Tenured: 655914K(854512K)->456237K(854512K)
[2025-05-20T13:18:47.812+0000][1100.390s][info][gc,metaspace   ] GC(408) Metaspace: 39077K(39744K)->39077K(39744K) NonClass: 34344K(34688K)->34344K(34688K) Class: 4732K(5056K)->4732K(5056K)
[2025-05-20T13:18:47.817+0000][1100.394s][info][gc             ] GC(408) Pause Full (Allocation Failure) 1010M->445M(1210M) 77.477ms
[2025-05-20T13:18:47.817+0000][1100.394s][info][gc,cpu         ] GC(408) User=0.06s Sys=0.00s Real=0.08s
[2025-05-20T13:18:47.906+0000][1100.484s][info][gc,start       ] GC(409) Pause Young (Allocation Failure)
[2025-05-20T13:18:47.927+0000][1100.505s][info][gc,heap        ] GC(409) DefNew: 338921K(384640K)->40965K(384640K) Eden: 338921K(341952K)->0K(341952K) From: 0K(42688K)->40965K(42688K)
[2025-05-20T13:18:47.927+0000][1100.505s][info][gc,heap        ] GC(409) Tenured: 456237K(854512K)->630317K(854512K)
[2025-05-20T13:18:47.930+0000][1100.507s][info][gc,metaspace   ] GC(409) Metaspace: 39088K(39744K)->39088K(39744K) NonClass: 34355K(34688K)->34355K(34688K) Class: 4732K(5056K)->4732K(5056K)
[2025-05-20T13:18:47.931+0000][1100.508s][info][gc             ] GC(409) Pause Young (Allocation Failure) 776M->655M(1210M) 24.097ms
[2025-05-20T13:18:47.935+0000][1100.513s][info][gc,cpu         ] GC(409) User=0.02s Sys=0.00s Real=0.03s
[2025-05-20T13:18:48.022+0000][1100.599s][info][gc,start       ] GC(410) Pause Young (Allocation Failure)
[2025-05-20T13:18:48.027+0000][1100.604s][info][gc,heap        ] GC(410) DefNew: 381765K(384640K)->35845K(384640K) Eden: 340799K(341952K)->0K(341952K) From: 40965K(42688K)->35845K(42688K)
[2025-05-20T13:18:48.027+0000][1100.605s][info][gc,heap        ] GC(410) Tenured: 630317K(854512K)->630318K(854512K)
[2025-05-20T13:18:48.028+0000][1100.606s][info][gc,metaspace   ] GC(410) Metaspace: 39088K(39744K)->39088K(39744K) NonClass: 34355K(34688K)->34355K(34688K) Class: 4732K(5056K)->4732K(5056K)
[2025-05-20T13:18:48.029+0000][1100.606s][info][gc             ] GC(410) Pause Young (Allocation Failure) 988M->650M(1210M) 6.783ms
[2025-05-20T13:18:48.029+0000][1100.607s][info][gc,cpu         ] GC(410) User=0.01s Sys=0.00s Real=0.00s
[2025-05-20T13:18:48.048+0000][1100.625s][info][gc,start       ] GC(411) Pause Young (Allocation Failure)
[2025-05-20T13:18:48.095+0000][1100.673s][info][gc             ] GC(411) Pause Young (Allocation Failure) 982M->980M(1320M) 47.416ms
[2025-05-20T13:18:48.108+0000][1100.686s][info][gc,cpu         ] GC(411) User=0.03s Sys=0.01s Real=0.06s
[2025-05-20T13:18:48.109+0000][1100.686s][info][gc,start       ] GC(412) Pause Full (Allocation Failure)
[2025-05-20T13:18:48.124+0000][1100.701s][info][gc,phases,start] GC(412) Phase 1: Mark live objects
[2025-05-20T13:18:48.160+0000][1100.737s][info][gc,phases      ] GC(412) Phase 1: Mark live objects 36.270ms
[2025-05-20T13:18:48.160+0000][1100.738s][info][gc,phases,start] GC(412) Phase 2: Compute new object addresses
[2025-05-20T13:18:48.172+0000][1100.750s][info][gc,phases      ] GC(412) Phase 2: Compute new object addresses 11.546ms
[2025-05-20T13:18:48.177+0000][1100.755s][info][gc,phases,start] GC(412) Phase 3: Adjust pointers
[2025-05-20T13:18:48.194+0000][1100.772s][info][gc,phases      ] GC(412) Phase 3: Adjust pointers 17.233ms
[2025-05-20T13:18:48.195+0000][1100.772s][info][gc,phases,start] GC(412) Phase 4: Move objects
[2025-05-20T13:18:48.230+0000][1100.807s][info][gc,phases      ] GC(412) Phase 4: Move objects 35.087ms
[2025-05-20T13:18:48.232+0000][1100.809s][info][gc,heap        ] GC(412) DefNew: 376146K(384640K)->0K(384640K) Eden: 340300K(341952K)->0K(341952K) From: 35845K(42688K)->0K(42688K)
[2025-05-20T13:18:48.232+0000][1100.810s][info][gc,heap        ] GC(412) Tenured: 630318K(854512K)->389673K(854512K)
[2025-05-20T13:18:48.233+0000][1100.810s][info][gc,metaspace   ] GC(412) Metaspace: 39088K(39744K)->39088K(39744K) NonClass: 34355K(34688K)->34355K(34688K) Class: 4732K(5056K)->4732K(5056K)
[2025-05-20T13:18:48.234+0000][1100.811s][info][gc             ] GC(412) Pause Full (Allocation Failure) 980M->380M(1210M) 124.634ms
[2025-05-20T13:18:48.234+0000][1100.812s][info][gc,cpu         ] GC(412) User=0.06s Sys=0.00s Real=0.13s
[2025-05-20T13:18:48.341+0000][1100.919s][info][gc,start       ] GC(413) Pause Young (Allocation Failure)
[2025-05-20T13:18:48.360+0000][1100.938s][info][gc,heap        ] GC(413) DefNew: 341776K(384640K)->40966K(384640K) Eden: 341776K(341952K)->0K(341952K) From: 0K(42688K)->40966K(42688K)
[2025-05-20T13:18:48.362+0000][1100.939s][info][gc,heap        ] GC(413) Tenured: 389673K(854512K)->543273K(854512K)
[2025-05-20T13:18:48.362+0000][1100.940s][info][gc,metaspace   ] GC(413) Metaspace: 39089K(39744K)->39089K(39744K) NonClass: 34356K(34688K)->34356K(34688K) Class: 4732K(5056K)->4732K(5056K)
[2025-05-20T13:18:48.363+0000][1100.940s][info][gc             ] GC(413) Pause Young (Allocation Failure) 714M->570M(1210M) 21.234ms
[2025-05-20T13:18:48.368+0000][1100.946s][info][gc,cpu         ] GC(413) User=0.02s Sys=0.01s Real=0.02s
[2025-05-20T13:18:48.459+0000][1101.037s][info][gc,start       ] GC(414) Pause Young (Allocation Failure)
[2025-05-20T13:18:48.463+0000][1101.040s][info][gc,heap        ] GC(414) DefNew: 381712K(384640K)->15365K(384640K) Eden: 340746K(341952K)->0K(341952K) From: 40966K(42688K)->15365K(42688K)
[2025-05-20T13:18:48.463+0000][1101.041s][info][gc,heap        ] GC(414) Tenured: 543273K(854512K)->543274K(854512K)
[2025-05-20T13:18:48.464+0000][1101.041s][info][gc,metaspace   ] GC(414) Metaspace: 39089K(39744K)->39089K(39744K) NonClass: 34356K(34688K)->34356K(34688K) Class: 4732K(5056K)->4732K(5056K)
[2025-05-20T13:18:48.464+0000][1101.042s][info][gc             ] GC(414) Pause Young (Allocation Failure) 903M->545M(1210M) 4.657ms
[2025-05-20T13:18:48.464+0000][1101.042s][info][gc,cpu         ] GC(414) User=0.01s Sys=0.00s Real=0.01s
[2025-05-20T13:18:48.489+0000][1101.066s][info][gc,start       ] GC(415) Pause Young (Allocation Failure)
[2025-05-20T13:18:48.521+0000][1101.099s][info][gc             ] GC(415) Pause Young (Allocation Failure) 877M->875M(1215M) 32.715ms
[2025-05-20T13:18:48.523+0000][1101.101s][info][gc,cpu         ] GC(415) User=0.03s Sys=0.00s Real=0.04s
[2025-05-20T13:18:48.523+0000][1101.101s][info][gc,start       ] GC(416) Pause Full (Allocation Failure)
[2025-05-20T13:18:48.524+0000][1101.102s][info][gc,phases,start] GC(416) Phase 1: Mark live objects
[2025-05-20T13:18:48.538+0000][1101.115s][info][gc,phases      ] GC(416) Phase 1: Mark live objects 13.722ms
[2025-05-20T13:18:48.538+0000][1101.116s][info][gc,phases,start] GC(416) Phase 2: Compute new object addresses
[2025-05-20T13:18:48.542+0000][1101.120s][info][gc,phases      ] GC(416) Phase 2: Compute new object addresses 3.853ms
[2025-05-20T13:18:48.542+0000][1101.120s][info][gc,phases,start] GC(416) Phase 3: Adjust pointers
[2025-05-20T13:18:48.549+0000][1101.127s][info][gc,phases      ] GC(416) Phase 3: Adjust pointers 7.000ms
[2025-05-20T13:18:48.549+0000][1101.127s][info][gc,phases,start] GC(416) Phase 4: Move objects
[2025-05-20T13:18:48.580+0000][1101.157s][info][gc,phases      ] GC(416) Phase 4: Move objects 30.333ms
[2025-05-20T13:18:48.581+0000][1101.159s][info][gc,heap        ] GC(416) DefNew: 355552K(384640K)->0K(384640K) Eden: 340187K(341952K)->0K(341952K) From: 15365K(42688K)->0K(42688K)
[2025-05-20T13:18:48.582+0000][1101.160s][info][gc,heap        ] GC(416) Tenured: 543274K(854512K)->369193K(854512K)
[2025-05-20T13:18:48.586+0000][1101.164s][info][gc,metaspace   ] GC(416) Metaspace: 39089K(39744K)->39089K(39744K) NonClass: 34356K(34688K)->34356K(34688K) Class: 4732K(5056K)->4732K(5056K)
[2025-05-20T13:18:48.587+0000][1101.164s][info][gc             ] GC(416) Pause Full (Allocation Failure) 875M->360M(1210M) 63.298ms
[2025-05-20T13:18:48.587+0000][1101.165s][info][gc,cpu         ] GC(416) User=0.06s Sys=0.00s Real=0.06s
[2025-05-20T13:18:48.657+0000][1101.235s][info][gc,start       ] GC(417) Pause Young (Allocation Failure)
[2025-05-20T13:18:48.678+0000][1101.256s][info][gc,heap        ] GC(417) DefNew: 341754K(384640K)->40966K(384640K) Eden: 341754K(341952K)->0K(341952K) From: 0K(42688K)->40966K(42688K)
[2025-05-20T13:18:48.679+0000][1101.257s][info][gc,heap        ] GC(417) Tenured: 369193K(854512K)->522793K(854512K)
[2025-05-20T13:18:48.684+0000][1101.261s][info][gc,metaspace   ] GC(417) Metaspace: 39089K(39744K)->39089K(39744K) NonClass: 34356K(34688K)->34356K(34688K) Class: 4732K(5056K)->4732K(5056K)
[2025-05-20T13:18:48.684+0000][1101.262s][info][gc             ] GC(417) Pause Young (Allocation Failure) 694M->550M(1210M) 27.394ms
[2025-05-20T13:18:48.688+0000][1101.265s][info][gc,cpu         ] GC(417) User=0.02s Sys=0.00s Real=0.03s
[2025-05-20T13:18:48.708+0000][1101.285s][info][gc,start       ] GC(418) Pause Young (Allocation Failure)
[2025-05-20T13:18:48.753+0000][1101.330s][info][gc             ] GC(418) Pause Young (Allocation Failure) 880M->875M(1215M) 45.028ms
[2025-05-20T13:18:48.754+0000][1101.332s][info][gc,cpu         ] GC(418) User=0.03s Sys=0.00s Real=0.05s
[2025-05-20T13:18:48.760+0000][1101.337s][info][gc,start       ] GC(419) Pause Full (Allocation Failure)
[2025-05-20T13:18:48.760+0000][1101.338s][info][gc,phases,start] GC(419) Phase 1: Mark live objects
[2025-05-20T13:18:48.776+0000][1101.353s][info][gc,phases      ] GC(419) Phase 1: Mark live objects 15.241ms
[2025-05-20T13:18:48.776+0000][1101.354s][info][gc,phases,start] GC(419) Phase 2: Compute new object addresses
[2025-05-20T13:18:48.781+0000][1101.359s][info][gc,phases      ] GC(419) Phase 2: Compute new object addresses 4.812ms
[2025-05-20T13:18:48.782+0000][1101.359s][info][gc,phases,start] GC(419) Phase 3: Adjust pointers
[2025-05-20T13:18:48.789+0000][1101.367s][info][gc,phases      ] GC(419) Phase 3: Adjust pointers 7.917ms
[2025-05-20T13:18:48.790+0000][1101.368s][info][gc,phases,start] GC(419) Phase 4: Move objects
[2025-05-20T13:18:48.835+0000][1101.413s][info][gc,phases      ] GC(419) Phase 4: Move objects 45.447ms
[2025-05-20T13:18:48.836+0000][1101.414s][info][gc,heap        ] GC(419) DefNew: 378436K(384640K)->0K(392192K) Eden: 337470K(341952K)->0K(348672K) From: 40966K(42688K)->0K(43520K)
[2025-05-20T13:18:48.837+0000][1101.414s][info][gc,heap        ] GC(419) Tenured: 522793K(854512K)->522794K(871324K)
[2025-05-20T13:18:48.837+0000][1101.415s][info][gc,metaspace   ] GC(419) Metaspace: 39089K(39744K)->39089K(39744K) NonClass: 34356K(34688K)->34356K(34688K) Class: 4732K(5056K)->4732K(5056K)
[2025-05-20T13:18:48.838+0000][1101.415s][info][gc             ] GC(419) Pause Full (Allocation Failure) 875M->510M(1233M) 77.914ms
[2025-05-20T13:18:48.838+0000][1101.416s][info][gc,cpu         ] GC(419) User=0.08s Sys=0.00s Real=0.08s
[2025-05-20T13:18:48.943+0000][1101.520s][info][gc,start       ] GC(420) Pause Young (Allocation Failure)
[2025-05-20T13:18:48.989+0000][1101.566s][info][gc,heap        ] GC(420) DefNew: 346296K(392192K)->40965K(392192K) Eden: 346296K(348672K)->0K(348672K) From: 0K(43520K)->40965K(43520K)
[2025-05-20T13:18:48.993+0000][1101.570s][info][gc,heap        ] GC(420) Tenured: 522794K(871324K)->814634K(871324K)
[2025-05-20T13:18:48.993+0000][1101.571s][info][gc,metaspace   ] GC(420) Metaspace: 39089K(39744K)->39089K(39744K) NonClass: 34356K(34688K)->34356K(34688K) Class: 4732K(5056K)->4732K(5056K)
[2025-05-20T13:18:48.996+0000][1101.574s][info][gc             ] GC(420) Pause Young (Allocation Failure) 848M->835M(1233M) 53.560ms
[2025-05-20T13:18:49.000+0000][1101.577s][info][gc,cpu         ] GC(420) User=0.03s Sys=0.00s Real=0.05s
[2025-05-20T13:18:49.121+0000][1101.699s][info][gc,start       ] GC(421) Pause Young (Allocation Failure)
[2025-05-20T13:18:49.148+0000][1101.726s][info][gc             ] GC(421) Pause Young (Allocation Failure) 1174M->950M(1293M) 27.467ms
[2025-05-20T13:18:49.149+0000][1101.727s][info][gc,cpu         ] GC(421) User=0.02s Sys=0.00s Real=0.02s
[2025-05-20T13:18:49.150+0000][1101.727s][info][gc,start       ] GC(422) Pause Full (Allocation Failure)
[2025-05-20T13:18:49.150+0000][1101.728s][info][gc,phases,start] GC(422) Phase 1: Mark live objects
[2025-05-20T13:18:49.167+0000][1101.744s][info][gc,phases      ] GC(422) Phase 1: Mark live objects 16.685ms
[2025-05-20T13:18:49.181+0000][1101.759s][info][gc,phases,start] GC(422) Phase 2: Compute new object addresses
[2025-05-20T13:18:49.187+0000][1101.765s][info][gc,phases      ] GC(422) Phase 2: Compute new object addresses 5.751ms
[2025-05-20T13:18:49.189+0000][1101.766s][info][gc,phases,start] GC(422) Phase 3: Adjust pointers
[2025-05-20T13:18:49.204+0000][1101.781s][info][gc,phases      ] GC(422) Phase 3: Adjust pointers 15.230ms
[2025-05-20T13:18:49.205+0000][1101.783s][info][gc,phases,start] GC(422) Phase 4: Move objects
[2025-05-20T13:18:49.219+0000][1101.797s][info][gc,phases      ] GC(422) Phase 4: Move objects 14.036ms
[2025-05-20T13:18:49.221+0000][1101.799s][info][gc,heap        ] GC(422) DefNew: 387749K(392192K)->0K(392192K) Eden: 346783K(348672K)->0K(348672K) From: 40965K(43520K)->0K(43520K)
[2025-05-20T13:18:49.221+0000][1101.799s][info][gc,heap        ] GC(422) Tenured: 814634K(871324K)->174632K(871324K)
[2025-05-20T13:18:49.222+0000][1101.800s][info][gc,metaspace   ] GC(422) Metaspace: 39089K(39744K)->39089K(39744K) NonClass: 34356K(34688K)->34356K(34688K) Class: 4732K(5056K)->4732K(5056K)
[2025-05-20T13:18:49.229+0000][1101.807s][info][gc             ] GC(422) Pause Full (Allocation Failure) 950M->170M(1233M) 79.712ms
[2025-05-20T13:18:49.232+0000][1101.810s][info][gc,cpu         ] GC(422) User=0.04s Sys=0.01s Real=0.09s
[2025-05-20T13:18:49.258+0000][1101.835s][info][gc,start       ] GC(423) Pause Young (Allocation Failure)
[2025-05-20T13:18:49.293+0000][1101.871s][info][gc,heap        ] GC(423) DefNew: 347191K(392192K)->40960K(392192K) Eden: 347191K(348672K)->0K(348672K) From: 0K(43520K)->40960K(43520K)
[2025-05-20T13:18:49.302+0000][1101.879s][info][gc,heap        ] GC(423) Tenured: 174632K(871324K)->476713K(871324K)
[2025-05-20T13:18:49.303+0000][1101.880s][info][gc,metaspace   ] GC(423) Metaspace: 39089K(39744K)->39089K(39744K) NonClass: 34356K(34688K)->34356K(34688K) Class: 4732K(5056K)->4732K(5056K)
[2025-05-20T13:18:49.305+0000][1101.883s][info][gc             ] GC(423) Pause Young (Allocation Failure) 509M->505M(1233M) 47.665ms
[2025-05-20T13:18:49.306+0000][1101.884s][info][gc,cpu         ] GC(423) User=0.03s Sys=0.00s Real=0.05s
[2025-05-20T13:18:49.403+0000][1101.980s][info][gc,start       ] GC(424) Pause Young (Allocation Failure)
[2025-05-20T13:18:49.439+0000][1102.016s][info][gc,heap        ] GC(424) DefNew: 387267K(392192K)->40965K(392192K) Eden: 346307K(348672K)->0K(348672K) From: 40960K(43520K)->40965K(43520K)
[2025-05-20T13:18:49.440+0000][1102.017s][info][gc,heap        ] GC(424) Tenured: 476713K(871324K)->773675K(871324K)
[2025-05-20T13:18:49.440+0000][1102.018s][info][gc,metaspace   ] GC(424) Metaspace: 39089K(39744K)->39089K(39744K) NonClass: 34356K(34688K)->34356K(34688K) Class: 4732K(5056K)->4732K(5056K)
[2025-05-20T13:18:49.441+0000][1102.018s][info][gc             ] GC(424) Pause Young (Allocation Failure) 843M->795M(1233M) 38.026ms
[2025-05-20T13:18:49.441+0000][1102.019s][info][gc,cpu         ] GC(424) User=0.03s Sys=0.00s Real=0.04s
[2025-05-20T13:29:29.570+0000][1742.183s][info][gc,heap,exit   ] Heap
[2025-05-20T13:29:29.570+0000][1742.183s][info][gc,heap,exit   ]  def new generation   total 392192K, used 334418K [0x000000060d600000, 0x0000000627f80000, 0x00000006b3950000)
[2025-05-20T13:29:29.570+0000][1742.183s][info][gc,heap,exit   ]   eden space 348672K,  84% used [0x000000060d600000, 0x000000061f4933e0, 0x0000000622a80000)
[2025-05-20T13:29:29.571+0000][1742.183s][info][gc,heap,exit   ]   from space 43520K,  94% used [0x0000000622a80000, 0x00000006252817d8, 0x0000000625500000)
[2025-05-20T13:29:29.571+0000][1742.184s][info][gc,heap,exit   ]   to   space 43520K,   0% used [0x0000000625500000, 0x0000000625500000, 0x0000000627f80000)
[2025-05-20T13:29:29.571+0000][1742.184s][info][gc,heap,exit   ]  tenured generation   total 871324K, used 773675K [0x00000006b3950000, 0x00000006e8c37000, 0x0000000800000000)
[2025-05-20T13:29:29.571+0000][1742.184s][info][gc,heap,exit   ]    the space 871324K,  88% used [0x00000006b3950000, 0x00000006e2cdac98, 0x00000006e2cdae00, 0x00000006e8c37000)
[2025-05-20T13:29:29.571+0000][1742.184s][info][gc,heap,exit   ]  Metaspace       used 39685K, committed 40320K, reserved 1114112K
[2025-05-20T13:29:29.571+0000][1742.184s][info][gc,heap,exit   ]   class space    used 4772K, committed 5056K, reserved 1048576K
